Product: MDK-ARM Standard 5.10
Component: ARM Compiler 5.04 update 1 (build 49)
Tool: armlink [5040049]

==============================================================================

Section Cross References

    main.o(i.led0_task) refers to __2printf.o(.text) for __2printf
    main.o(i.led0_task) refers to delay.o(i.delay_ms) for delay_ms
    main.o(i.led1_task) refers to __2printf.o(.text) for __2printf
    main.o(i.led1_task) refers to delay.o(i.delay_ms) for delay_ms
    main.o(i.logrev_task) refers to delay.o(i.delay_ms) for delay_ms
    main.o(i.main) refers to _printf_percent.o(.ARM.Collect$$_printf_percent$$00000000) for _printf_percent
    main.o(i.main) refers to _printf_d.o(.ARM.Collect$$_printf_percent$$00000009) for _printf_d
    main.o(i.main) refers to _printf_dec.o(.text) for _printf_int_dec
    main.o(i.main) refers to delay.o(i.delay_init) for delay_init
    main.o(i.main) refers to timer.o(i.NVIC_Configuration) for NVIC_Configuration
    main.o(i.main) refers to led.o(i.LED_Init) for LED_Init
    main.o(i.main) refers to timer.o(i.TIM5_Configuration) for TIM5_Configuration
    main.o(i.main) refers to usart.o(i.uart_init) for uart_init
    main.o(i.main) refers to simulate_usart.o(i.Simulate_Usart) for Simulate_Usart
    main.o(i.main) refers to w25qxx.o(i.W25QXX_Init) for W25QXX_Init
    main.o(i.main) refers to ili93xx.o(i.TFTLCD_Init) for TFTLCD_Init
    main.o(i.main) refers to can.o(i.CAN_Mode_Init) for CAN_Mode_Init
    main.o(i.main) refers to exfuns.o(i.exfuns_init) for exfuns_init
    main.o(i.main) refers to ff.o(i.f_mount) for f_mount
    main.o(i.main) refers to exfuns.o(i.exf_getfree) for exf_getfree
    main.o(i.main) refers to delay.o(i.delay_ms) for delay_ms
    main.o(i.main) refers to __2printf.o(.text) for __2printf
    main.o(i.main) refers to ff.o(i.f_mkfs) for f_mkfs
    main.o(i.main) refers to ff.o(i.f_setlabel) for f_setlabel
    main.o(i.main) refers to ff.o(i.f_unlink) for f_unlink
    main.o(i.main) refers to ff.o(i.f_open) for f_open
    main.o(i.main) refers to gprs_jiankong.o(i.Is_Enter_facotry) for Is_Enter_facotry
    main.o(i.main) refers to os_core.o(i.OSInit) for OSInit
    main.o(i.main) refers to os_task.o(i.OSTaskCreate) for OSTaskCreate
    main.o(i.main) refers to os_core.o(i.OSStart) for OSStart
    main.o(i.main) refers to exfuns.o(.data) for fs
    main.o(i.main) refers to main.o(.bss) for START_TASK_STK
    main.o(i.main) refers to main.o(i.start_task) for start_task
    main.o(i.sensor_task) refers to delay.o(i.delay_ms) for delay_ms
    main.o(i.start_task) refers to os_cpu_a.o(.text) for OS_CPU_SR_Save
    main.o(i.start_task) refers to os_task.o(i.OSTaskCreate) for OSTaskCreate
    main.o(i.start_task) refers to os_task.o(i.OSTaskSuspend) for OSTaskSuspend
    main.o(i.start_task) refers to main.o(.bss) for UBLOX_TASK_STK
    main.o(i.start_task) refers to main.o(i.ublox_task) for ublox_task
    main.o(i.start_task) refers to main.o(i.sensor_task) for sensor_task
    main.o(i.start_task) refers to main.o(i.logrev_task) for logrev_task
    main.o(i.start_task) refers to main.o(i.led0_task) for led0_task
    main.o(i.start_task) refers to main.o(i.led1_task) for led1_task
    main.o(i.ublox_task) refers to delay.o(i.delay_ms) for delay_ms
    system_stm32f10x.o(i.SetSysClock) refers to system_stm32f10x.o(i.SetSysClockTo72) for SetSysClockTo72
    system_stm32f10x.o(i.SystemCoreClockUpdate) refers to system_stm32f10x.o(.data) for SystemCoreClock
    system_stm32f10x.o(i.SystemInit) refers to system_stm32f10x.o(i.SetSysClock) for SetSysClock
    led.o(i.LED_Init) refers to stm32f10x_rcc.o(i.RCC_APB2PeriphClockCmd) for RCC_APB2PeriphClockCmd
    led.o(i.LED_Init) refers to stm32f10x_gpio.o(i.GPIO_Init) for GPIO_Init
    led.o(i.LED_Init) refers to stm32f10x_gpio.o(i.GPIO_ResetBits) for GPIO_ResetBits
    sdio_sdcard.o(i.CmdError) refers to stm32f10x_sdio.o(i.SDIO_GetFlagStatus) for SDIO_GetFlagStatus
    sdio_sdcard.o(i.CmdError) refers to stm32f10x_sdio.o(i.SDIO_ClearFlag) for SDIO_ClearFlag
    sdio_sdcard.o(i.CmdResp1Error) refers to stm32f10x_sdio.o(i.SDIO_GetFlagStatus) for SDIO_GetFlagStatus
    sdio_sdcard.o(i.CmdResp1Error) refers to stm32f10x_sdio.o(i.SDIO_ClearFlag) for SDIO_ClearFlag
    sdio_sdcard.o(i.CmdResp2Error) refers to stm32f10x_sdio.o(i.SDIO_ClearFlag) for SDIO_ClearFlag
    sdio_sdcard.o(i.CmdResp2Error) refers to stm32f10x_sdio.o(i.SDIO_GetFlagStatus) for SDIO_GetFlagStatus
    sdio_sdcard.o(i.CmdResp3Error) refers to stm32f10x_sdio.o(i.SDIO_GetFlagStatus) for SDIO_GetFlagStatus
    sdio_sdcard.o(i.CmdResp3Error) refers to stm32f10x_sdio.o(i.SDIO_ClearFlag) for SDIO_ClearFlag
    sdio_sdcard.o(i.CmdResp6Error) refers to stm32f10x_sdio.o(i.SDIO_GetFlagStatus) for SDIO_GetFlagStatus
    sdio_sdcard.o(i.CmdResp6Error) refers to stm32f10x_sdio.o(i.SDIO_ClearFlag) for SDIO_ClearFlag
    sdio_sdcard.o(i.CmdResp7Error) refers to stm32f10x_sdio.o(i.SDIO_ClearFlag) for SDIO_ClearFlag
[...]
    Reset_Handler                            0x080001f5   Thumb Code     8  startup_stm32f10x_hd.o(.text)
    ADC1_2_IRQHandler                        0x0800020f   Thumb Code     0  startup_stm32f10x_hd.o(.text)
    ADC3_IRQHandler                          0x0800020f   Thumb Code     0  startup_stm32f10x_hd.o(.text)
    CAN1_RX1_IRQHandler                      0x0800020f   Thumb Code     0  startup_stm32f10x_hd.o(.text)
    CAN1_SCE_IRQHandler                      0x0800020f   Thumb Code     0  startup_stm32f10x_hd.o(.text)
    DMA1_Channel1_IRQHandler                 0x0800020f   Thumb Code     0  startup_stm32f10x_hd.o(.text)
    DMA1_Channel2_IRQHandler                 0x0800020f   Thumb Code     0  startup_stm32f10x_hd.o(.text)
    DMA1_Channel3_IRQHandler                 0x0800020f   Thumb Code     0  startup_stm32f10x_hd.o(.text)
    DMA1_Channel4_IRQHandler                 0x0800020f   Thumb Code     0  startup_stm32f10x_hd.o(.text)
    DMA1_Channel5_IRQHandler                 0x0800020f   Thumb Code     0  startup_stm32f10x_hd.o(.text)
    DMA1_Channel6_IRQHandler                 0x0800020f   Thumb Code     0  startup_stm32f10x_hd.o(.text)
    DMA1_Channel7_IRQHandler                 0x0800020f   Thumb Code     0  startup_stm32f10x_hd.o(.text)
    DMA2_Channel1_IRQHandler                 0x0800020f   Thumb Code     0  startup_stm32f10x_hd.o(.text)
    DMA2_Channel2_IRQHandler                 0x0800020f   Thumb Code     0  startup_stm32f10x_hd.o(.text)
    DMA2_Channel3_IRQHandler                 0x0800020f   Thumb Code     0  startup_stm32f10x_hd.o(.text)
    DMA2_Channel4_5_IRQHandler               0x0800020f   Thumb Code     0  startup_stm32f10x_hd.o(.text)
    EXTI0_IRQHandler                         0x0800020f   Thumb Code     0  startup_stm32f10x_hd.o(.text)
    EXTI15_10_IRQHandler                     0x0800020f   Thumb Code     0  startup_stm32f10x_hd.o(.text)
    EXTI1_IRQHandler                         0x0800020f   Thumb Code     0  startup_stm32f10x_hd.o(.text)
    EXTI2_IRQHandler                         0x0800020f   Thumb Code     0  startup_stm32f10x_hd.o(.text)
    EXTI4_IRQHandler                         0x0800020f   Thumb Code     0  startup_stm32f10x_hd.o(.text)
    EXTI9_5_IRQHandler                       0x0800020f   Thumb Code     0  startup_stm32f10x_hd.o(.text)
    FLASH_IRQHandler                         0x0800020f   Thumb Code     0  startup_stm32f10x_hd.o(.text)
    FSMC_IRQHandler                          0x0800020f   Thumb Code     0  startup_stm32f10x_hd.o(.text)
    I2C1_ER_IRQHandler                       0x0800020f   Thumb Code     0  startup_stm32f10x_hd.o(.text)
    I2C1_EV_IRQHandler                       0x0800020f   Thumb Code     0  startup_stm32f10x_hd.o(.text)
    I2C2_ER_IRQHandler                       0x0800020f   Thumb Code     0  startup_stm32f10x_hd.o(.text)
    I2C2_EV_IRQHandler                       0x0800020f   Thumb Code     0  startup_stm32f10x_hd.o(.text)
    PVD_IRQHandler                           0x0800020f   Thumb Code     0  startup_stm32f10x_hd.o(.text)
    RCC_IRQHandler                           0x0800020f   Thumb Code     0  startup_stm32f10x_hd.o(.text)
    RTCAlarm_IRQHandler                      0x0800020f   Thumb Code     0  startup_stm32f10x_hd.o(.text)
    RTC_IRQHandler                           0x0800020f   Thumb Code     0  startup_stm32f10x_hd.o(.text)
    SPI1_IRQHandler                          0x0800020f   Thumb Code     0  startup_stm32f10x_hd.o(.text)
    SPI2_IRQHandler                          0x0800020f   Thumb Code     0  startup_stm32f10x_hd.o(.text)
    SPI3_IRQHandler                          0x0800020f   Thumb Code     0  startup_stm32f10x_hd.o(.text)
    TAMPER_IRQHandler                        0x0800020f   Thumb Code     0  startup_stm32f10x_hd.o(.text)
    TIM1_BRK_IRQHandler                      0x0800020f   Thumb Code     0  startup_stm32f10x_hd.o(.text)
    TIM1_CC_IRQHandler                       0x0800020f   Thumb Code     0  startup_stm32f10x_hd.o(.text)
    TIM1_TRG_COM_IRQHandler                  0x0800020f   Thumb Code     0  startup_stm32f10x_hd.o(.text)
    TIM3_IRQHandler                          0x0800020f   Thumb Code     0  startup_stm32f10x_hd.o(.text)
    TIM7_IRQHandler                          0x0800020f   Thumb Code     0  startup_stm32f10x_hd.o(.text)
    TIM8_BRK_IRQHandler                      0x0800020f   Thumb Code     0  startup_stm32f10x_hd.o(.text)
    TIM8_CC_IRQHandler                       0x0800020f   Thumb Code     0  startup_stm32f10x_hd.o(.text)
    TIM8_TRG_COM_IRQHandler                  0x0800020f   Thumb Code     0  startup_stm32f10x_hd.o(.text)
    TIM8_UP_IRQHandler                       0x0800020f   Thumb Code     0  startup_stm32f10x_hd.o(.text)
    UART4_IRQHandler                         0x0800020f   Thumb Code     0  startup_stm32f10x_hd.o(.text)
    UART5_IRQHandler                         0x0800020f   Thumb Code     0  startup_stm32f10x_hd.o(.text)
    USART2_IRQHandler                        0x0800020f   Thumb Code     0  startup_stm32f10x_hd.o(.text)
    USART3_IRQHandler                        0x0800020f   Thumb Code     0  startup_stm32f10x_hd.o(.text)
    USBWakeUp_IRQHandler                     0x0800020f   Thumb Code     0  startup_stm32f10x_hd.o(.text)
    USB_HP_CAN1_TX_IRQHandler                0x0800020f   Thumb Code     0  startup_stm32f10x_hd.o(.text)
    USB_LP_CAN1_RX0_IRQHandler               0x0800020f   Thumb Code     0  startup_stm32f10x_hd.o(.text)
    WWDG_IRQHandler                          0x0800020f   Thumb Code     0  startup_stm32f10x_hd.o(.text)
    __user_initial_stackheap                 0x08000211   Thumb Code     0  startup_stm32f10x_hd.o(.text)
    OS_CPU_SR_Save                           0x08000235   Thumb Code     0  os_cpu_a.o(.text)
    OS_CPU_SR_Restore                        0x0800023d   Thumb Code     0  os_cpu_a.o(.text)
    OSStartHighRdy                           0x08000243   Thumb Code     0  os_cpu_a.o(.text)
    OSCtxSw                                  0x08000265   Thumb Code     0  os_cpu_a.o(.text)
    OSIntCtxSw                               0x08000273   Thumb Code     0  os_cpu_a.o(.text)
    PendSV_Handler                           0x08000283   Thumb Code     0  os_cpu_a.o(.text)
    __use_no_semihosting                     0x080002e9   Thumb Code     2  use_no_semi_2.o(.text)
    __2printf                                0x080002ed   Thumb Code    20  __2printf.o(.text)
    _printf_str                              0x08000305   Thumb Code    82  _printf_str.o(.text)
    _printf_int_dec                          0x08000359   Thumb Code   100  _printf_dec.o(.text)
    _printf_longlong_hex                     0x080003cd   Thumb Code    86  _printf_hex_int_ll_ptr.o(.text)
    _printf_int_hex                          0x08000423   Thumb Code    28  _printf_hex_int_ll_ptr.o(.text)
    _printf_ll_hex                           0x0800043f   Thumb Code    12  _printf_hex_int_ll_ptr.o(.text)
    _printf_hex_ptr                          0x0800044b   Thumb Code    18  _printf_hex_int_ll_ptr.o(.text)
    __printf                                 0x08000461   Thumb Code   388  __printf_flags_ss_wp.o(.text)
    atoi                                     0x080005e9   Thumb Code    26  atoi.o(.text)
    _strtok_r                                0x08000603   Thumb Code     4  strtok_r.o(.text)
    strtok_r                                 0x08000603   Thumb Code     0  strtok_r.o(.text)
    strstr                                   0x08000607   Thumb Code    36  strstr.o(.text)
    strlen                                   0x0800062b   Thumb Code    62  strlen.o(.text)
    __aeabi_memcpy                           0x08000669   Thumb Code     0  rt_memcpy_v6.o(.text)
    __rt_memcpy                              0x08000669   Thumb Code   138  rt_memcpy_v6.o(.text)
    _memcpy_lastbytes                        0x080006cf   Thumb Code     0  rt_memcpy_v6.o(.text)
    __aeabi_memclr                           0x080006f3   Thumb Code     0  rt_memclr.o(.text)
    __rt_memclr                              0x080006f3   Thumb Code    68  rt_memclr.o(.text)
    _memset                                  0x080006f7   Thumb Code     0  rt_memclr.o(.text)
    __aeabi_memclr4                          0x08000737   Thumb Code     0  rt_memclr_w.o(.text)
    __aeabi_memclr8                          0x08000737   Thumb Code     0  rt_memclr_w.o(.text)
    __rt_memclr_w                            0x08000737   Thumb Code    78  rt_memclr_w.o(.text)
    _memset_w                                0x0800073b   Thumb Code     0  rt_memclr_w.o(.text)
    strcmp                                   0x08000785   Thumb Code   128  strcmpv7m.o(.text)
    __use_two_region_memory                  0x08000805   Thumb Code     2  heapauxi.o(.text)
    __rt_heap_escrow$2region                 0x08000807   Thumb Code     2  heapauxi.o(.text)
    __rt_heap_expand$2region                 0x08000809   Thumb Code     2  heapauxi.o(.text)
    __I$use$semihosting                      0x0800080b   Thumb Code     0  use_no_semi.o(.text)
    __use_no_semihosting_swi                 0x0800080b   Thumb Code     2  use_no_semi.o(.text)
    __aeabi_errno_addr                       0x0800080d   Thumb Code     8  rt_errno_addr_intlibspace.o(.text)
    __errno$intlibspace                      0x0800080d   Thumb Code     0  rt_errno_addr_intlibspace.o(.text)
    __rt_errno_addr$intlibspace              0x0800080d   Thumb Code     0  rt_errno_addr_intlibspace.o(.text)
    _printf_int_common                       0x08000815   Thumb Code   178  _printf_intcommon.o(.text)
    _printf_char_common                      0x080008d3   Thumb Code    32  _printf_char_common.o(.text)
    _printf_cs_common                        0x080008f9   Thumb Code    20  _printf_char.o(.text)
    _printf_char                             0x0800090d   Thumb Code    16  _printf_char.o(.text)
    _printf_string                           0x0800091d   Thumb Code     8  _printf_char.o(.text)
    _printf_char_file                        0x08000925   Thumb Code    32  _printf_char_file.o(.text)
    strtol                                   0x08000949   Thumb Code   112  strtol.o(.text)
    __strtok_internal                        0x080009b9   Thumb Code    64  strtok_int.o(.text)
    __aeabi_memcpy4                          0x080009fd   Thumb Code     0  rt_memcpy_w.o(.text)
    __aeabi_memcpy8                          0x080009fd   Thumb Code     0  rt_memcpy_w.o(.text)
    __rt_memcpy_w                            0x080009fd   Thumb Code   100  rt_memcpy_w.o(.text)
    _memcpy_lastbytes_aligned                0x08000a45   Thumb Code     0  rt_memcpy_w.o(.text)
    __user_libspace                          0x08000a61   Thumb Code     8  libspace.o(.text)
    __user_perproc_libspace                  0x08000a61   Thumb Code     0  libspace.o(.text)
    __user_perthread_libspace                0x08000a61   Thumb Code     0  libspace.o(.text)
    __rt_ctype_table                         0x08000a69   Thumb Code    16  rt_ctype_table.o(.text)
    __rt_locale                              0x08000a79   Thumb Code     8  rt_locale_intlibspace.o(.text)
    _strtoul                                 0x08000a81   Thumb Code   158  _strtoul.o(.text)
    ferror                                   0x08000b1f   Thumb Code     8  ferror.o(.text)
    strcspn                                  0x08000b27   Thumb Code    32  strcspn.o(.text)
    strspn                                   0x08000b47   Thumb Code    28  strspn.o(.text)
    __user_setup_stackheap                   0x08000b63   Thumb Code    74  sys_stackheap_outer.o(.text)
    _chval                                   0x08000bad   Thumb Code    28  _chval.o(.text)
    exit                                     0x08000bc9   Thumb Code    12  exit.o(.text)
    BusFault_Handler                         0x08000bd5   Thumb Code     4  stm32f10x_it.o(i.BusFault_Handler)
    CAN_FilterInit                           0x08000bd9   Thumb Code   258  stm32f10x_can.o(i.CAN_FilterInit)
    CAN_Init                                 0x08000ce1   Thumb Code   276  stm32f10x_can.o(i.CAN_Init)
    CAN_Mode_Init                            0x08000df5   Thumb Code   200  can.o(i.CAN_Mode_Init)
    Clr_Usart_Data                           0x08000ec5   Thumb Code    14  simulate_usart.o(i.Clr_Usart_Data)
    CmdError                                 0x08000edd   Thumb Code    48  sdio_sdcard.o(i.CmdError)
    CmdResp1Error                            0x08000f0d   Thumb Code    90  sdio_sdcard.o(i.CmdResp1Error)
    CmdResp2Error                            0x08000f6d   Thumb Code    80  sdio_sdcard.o(i.CmdResp2Error)
    CmdResp3Error                            0x08000fc1   Thumb Code    50  sdio_sdcard.o(i.CmdResp3Error)
    CmdResp6Error                            0x08000ff9   Thumb Code   140  sdio_sdcard.o(i.CmdResp6Error)
    CmdResp7Error                            0x08001089   Thumb Code    70  sdio_sdcard.o(i.CmdResp7Error)
    DMA_Cmd                                  0x080010d5   Thumb Code    24  stm32f10x_dma.o(i.DMA_Cmd)
    DMA_DeInit                               0x080010ed   Thumb Code   324  stm32f10x_dma.o(i.DMA_DeInit)
    DMA_Init                                 0x08001239   Thumb Code    60  stm32f10x_dma.o(i.DMA_Init)
    DebugMon_Handler                         0x08001275   Thumb Code     2  stm32f10x_it.o(i.DebugMon_Handler)
    Delay_Ms                                 0x08001279   Thumb Code    62  timer.o(i.Delay_Ms)
    EXTI3_IRQHandler                         0x080012bd   Thumb Code    94  simulate_usart.o(i.EXTI3_IRQHandler)
    EXTI_ClearITPendingBit                   0x0800132d   Thumb Code     6  stm32f10x_exti.o(i.EXTI_ClearITPendingBit)
    EXTI_Configuration                       0x08001339   Thumb Code    76  simulate_usart.o(i.EXTI_Configuration)
    EXTI_GetFlagStatus                       0x08001385   Thumb Code    20  stm32f10x_exti.o(i.EXTI_GetFlagStatus)
    EXTI_Init                                0x0800139d   Thumb Code   142  stm32f10x_exti.o(i.EXTI_Init)
    FLASH_ErasePage                          0x08001431   Thumb Code    72  stm32f10x_flash.o(i.FLASH_ErasePage)
    FLASH_GetBank1Status                     0x0800147d   Thumb Code    48  stm32f10x_flash.o(i.FLASH_GetBank1Status)
    FLASH_Lock                               0x080014b1   Thumb Code    14  stm32f10x_flash.o(i.FLASH_Lock)
    FLASH_ProgramHalfWord                    0x080014c5   Thumb Code    60  stm32f10x_flash.o(i.FLASH_ProgramHalfWord)
    FLASH_Unlock                             0x08001505   Thumb Code    12  stm32f10x_flash.o(i.FLASH_Unlock)
    FLASH_WaitForLastOperation               0x0800151d   Thumb Code    38  stm32f10x_flash.o(i.FLASH_WaitForLastOperation)
    FSMC_NORSRAMCmd                          0x08001545   Thumb Code    46  stm32f10x_fsmc.o(i.FSMC_NORSRAMCmd)
    FSMC_NORSRAMInit                         0x08001579   Thumb Code   230  stm32f10x_fsmc.o(i.FSMC_NORSRAMInit)
    FindSCR                                  0x08001661   Thumb Code   386  sdio_sdcard.o(i.FindSCR)
    GPIO_Configuration                       0x080017f5   Thumb Code    72  simulate_usart.o(i.GPIO_Configuration)
    GPIO_EXTILineConfig                      0x08001841   Thumb Code    60  stm32f10x_gpio.o(i.GPIO_EXTILineConfig)
    GPIO_Init                                0x08001881   Thumb Code   278  stm32f10x_gpio.o(i.GPIO_Init)
    GPIO_ReadInputDataBit                    0x08001997   Thumb Code    18  stm32f10x_gpio.o(i.GPIO_ReadInputDataBit)
    GPIO_ResetBits                           0x080019a9   Thumb Code     4  stm32f10x_gpio.o(i.GPIO_ResetBits)
    GPIO_SetBits                             0x080019ad   Thumb Code     4  stm32f10x_gpio.o(i.GPIO_SetBits)
    HardFault_Handler                        0x080019b1   Thumb Code     4  stm32f10x_it.o(i.HardFault_Handler)
    INTX_DISABLE                             0x080019b5   Thumb Code     4  sys.o(i.INTX_DISABLE)
    INTX_ENABLE                              0x080019b9   Thumb Code     4  sys.o(i.INTX_ENABLE)
    IsCardProgramming                        0x080019bd   Thumb Code   142  sdio_sdcard.o(i.IsCardProgramming)
    Is_Enter_facotry                         0x08001a59   Thumb Code    50  gprs_jiankong.o(i.Is_Enter_facotry)
    LCD_Clear                                0x08001ab5   Thumb Code   100  ili93xx.o(i.LCD_Clear)
    LCD_Display_Dir                          0x08001b21   Thumb Code   444  ili93xx.o(i.LCD_Display_Dir)
    LCD_RD_DATA                              0x08001ce1   Thumb Code    14  ili93xx.o(i.LCD_RD_DATA)
    LCD_ReadReg                              0x08001cf5   Thumb Code    22  ili93xx.o(i.LCD_ReadReg)
    LCD_SSD_BackLightSet                     0x08001d0d   Thumb Code    80  ili93xx.o(i.LCD_SSD_BackLightSet)
    LCD_Scan_Dir                             0x08001d61   Thumb Code   744  ili93xx.o(i.LCD_Scan_Dir)
    LCD_SetCursor                            0x0800204d   Thumb Code   418  ili93xx.o(i.LCD_SetCursor)
    LCD_WR_DATA                              0x080021f5   Thumb Code     6  ili93xx.o(i.LCD_WR_DATA)
    LCD_WR_REG                               0x08002201   Thumb Code     6  ili93xx.o(i.LCD_WR_REG)
    LCD_WriteRAM_Prepare                     0x0800220d   Thumb Code    10  ili93xx.o(i.LCD_WriteRAM_Prepare)
    LCD_WriteReg                             0x08002221   Thumb Code    10  ili93xx.o(i.LCD_WriteReg)
    LED_Init                                 0x08002231   Thumb Code    46  led.o(i.LED_Init)
    MemManage_Handler                        0x08002265   Thumb Code     4  stm32f10x_it.o(i.MemManage_Handler)
    NMI_Handler                              0x08002269   Thumb Code     2  stm32f10x_it.o(i.NMI_Handler)
    NVIC_Configuration                       0x0800226b   Thumb Code   312  timer.o(i.NVIC_Configuration)
    NVIC_Init                                0x080023a5   Thumb Code   100  misc.o(i.NVIC_Init)
    NVIC_PriorityGroupConfig                 0x08002415   Thumb Code    10  misc.o(i.NVIC_PriorityGroupConfig)
    NVIC_SetVectorTable                      0x08002429   Thumb Code    12  misc.o(i.NVIC_SetVectorTable)
    OSInit                                   0x0800243d   Thumb Code    44  os_core.o(i.OSInit)
    OSInitHookBegin                          0x08002469   Thumb Code     2  os_cpu_c.o(i.OSInitHookBegin)
    OSInitHookEnd                            0x0800246b   Thumb Code     2  os_cpu_c.o(i.OSInitHookEnd)
    OSIntEnter                               0x0800246d   Thumb Code    28  os_core.o(i.OSIntEnter)
    OSIntExit                                0x08002491   Thumb Code   112  os_core.o(i.OSIntExit)
    OSSchedLock                              0x08002521   Thumb Code    50  os_core.o(i.OSSchedLock)
    OSSchedUnlock                            0x08002561   Thumb Code    82  os_core.o(i.OSSchedUnlock)
    OSStart                                  0x080025c1   Thumb Code    48  os_core.o(i.OSStart)
    OSTCBInitHook                            0x08002609   Thumb Code     2  os_cpu_c.o(i.OSTCBInitHook)
    OSTaskCreate                             0x0800260d   Thumb Code   148  os_task.o(i.OSTaskCreate)
    OSTaskCreateExt                          0x080026ad   Thumb Code   170  os_task.o(i.OSTaskCreateExt)
    OSTaskCreateHook                         0x08002765   Thumb Code     2  os_cpu_c.o(i.OSTaskCreateHook)
    OSTaskIdleHook                           0x08002767   Thumb Code     2  os_cpu_c.o(i.OSTaskIdleHook)
    OSTaskNameSet                            0x08002769   Thumb Code    98  os_task.o(i.OSTaskNameSet)
    OSTaskStatHook                           0x080027d9   Thumb Code     2  os_cpu_c.o(i.OSTaskStatHook)
    OSTaskStkChk                             0x080027dd   Thumb Code   132  os_task.o(i.OSTaskStkChk)
    OSTaskStkInit                            0x08002869   Thumb Code   154  os_cpu_c.o(i.OSTaskStkInit)
    OSTaskSuspend                            0x08002905   Thumb Code   152  os_task.o(i.OSTaskSuspend)
    OSTaskSwHook                             0x080029ad   Thumb Code     2  os_cpu_c.o(i.OSTaskSwHook)
    OSTimeDly                                0x080029b1   Thumb Code   100  os_time.o(i.OSTimeDly)
    OSTimeTick                               0x08002a29   Thumb Code   210  os_core.o(i.OSTimeTick)
    OSTimeTickHook                           0x08002b15   Thumb Code     2  os_cpu_c.o(i.OSTimeTickHook)
    OS_FlagInit                              0x08002b19   Thumb Code    74  os_flag.o(i.OS_FlagInit)
    OS_MemClr                                0x08002d7d   Thumb Code    18  os_core.o(i.OS_MemClr)
    OS_QInit                                 0x08002d91   Thumb Code    72  os_q.o(i.OS_QInit)
    OS_Sched                                 0x08002de1   Thumb Code    88  os_core.o(i.OS_Sched)
    OS_TCBInit                               0x08002e81   Thumb Code   278  os_core.o(i.OS_TCBInit)
    OS_TaskIdle                              0x08002fb5   Thumb Code    34  os_core.o(i.OS_TaskIdle)
    OS_TaskStat                              0x08002fdd   Thumb Code   116  os_core.o(i.OS_TaskStat)
    OS_TaskStatStkChk                        0x08003065   Thumb Code    54  os_core.o(i.OS_TaskStatStkChk)
    OS_TaskStkClr                            0x080030a1   Thumb Code    26  os_task.o(i.OS_TaskStkClr)
    RCC_AHBPeriphClockCmd                    0x080030bd   Thumb Code    26  stm32f10x_rcc.o(i.RCC_AHBPeriphClockCmd)
    RCC_APB1PeriphClockCmd                   0x080030dd   Thumb Code    26  stm32f10x_rcc.o(i.RCC_APB1PeriphClockCmd)
    RCC_APB1PeriphResetCmd                   0x080030fd   Thumb Code    26  stm32f10x_rcc.o(i.RCC_APB1PeriphResetCmd)
    RCC_APB2PeriphClockCmd                   0x0800311d   Thumb Code    26  stm32f10x_rcc.o(i.RCC_APB2PeriphClockCmd)
    RCC_APB2PeriphResetCmd                   0x0800313d   Thumb Code    26  stm32f10x_rcc.o(i.RCC_APB2PeriphResetCmd)
    RCC_GetClocksFreq                        0x0800315d   Thumb Code   192  stm32f10x_rcc.o(i.RCC_GetClocksFreq)
    SDEnWideBus                              0x08003231   Thumb Code   158  sdio_sdcard.o(i.SDEnWideBus)
    SDIO_ClearFlag                           0x080032dd   Thumb Code     6  stm32f10x_sdio.o(i.SDIO_ClearFlag)
    SDIO_ClockCmd                            0x080032e9   Thumb Code     6  stm32f10x_sdio.o(i.SDIO_ClockCmd)
    SDIO_Clock_Set                           0x080032f5   Thumb Code    16  sdio_sdcard.o(i.SDIO_Clock_Set)
    SDIO_DMACmd                              0x08003309   Thumb Code     6  stm32f10x_sdio.o(i.SDIO_DMACmd)
    SDIO_DataConfig                          0x08003315   Thumb Code    42  stm32f10x_sdio.o(i.SDIO_DataConfig)
    SDIO_DeInit                              0x08003345   Thumb Code    28  stm32f10x_sdio.o(i.SDIO_DeInit)
    SDIO_GetFlagStatus                       0x08003369   Thumb Code    20  stm32f10x_sdio.o(i.SDIO_GetFlagStatus)
    SDIO_GetPowerState                       0x08003381   Thumb Code    10  stm32f10x_sdio.o(i.SDIO_GetPowerState)
    SDIO_IRQHandler                          0x08003391   Thumb Code     8  sdio_sdcard.o(i.SDIO_IRQHandler)
    SDIO_Init                                0x08003399   Thumb Code    42  stm32f10x_sdio.o(i.SDIO_Init)
    SDIO_ReadData                            0x080033c9   Thumb Code     6  stm32f10x_sdio.o(i.SDIO_ReadData)
    SDIO_SendCommand                         0x080033d5   Thumb Code    38  stm32f10x_sdio.o(i.SDIO_SendCommand)
    SDIO_SetPowerState                       0x08003401   Thumb Code    22  stm32f10x_sdio.o(i.SDIO_SetPowerState)
    SDIO_WriteData                           0x0800341d   Thumb Code     6  stm32f10x_sdio.o(i.SDIO_WriteData)
    SD_DMA_Config                            0x08003429   Thumb Code    94  sdio_sdcard.o(i.SD_DMA_Config)
    SD_EnableWideBusOperation                0x08003491   Thumb Code    94  sdio_sdcard.o(i.SD_EnableWideBusOperation)
    SD_GetCardInfo                           0x080034f9   Thumb Code   772  sdio_sdcard.o(i.SD_GetCardInfo)
    SD_Init                                  0x0800380d   Thumb Code   184  sdio_sdcard.o(i.SD_Init)
    SD_InitializeCards                       0x080038d5   Thumb Code   316  sdio_sdcard.o(i.SD_InitializeCards)
    SD_PowerON                               0x08003a29   Thumb Code   450  sdio_sdcard.o(i.SD_PowerON)
    SD_ProcessIRQSrc                         0x08003c05   Thumb Code   296  sdio_sdcard.o(i.SD_ProcessIRQSrc)
    SD_ReadBlock                             0x08003d41   Thumb Code   558  sdio_sdcard.o(i.SD_ReadBlock)
    SD_ReadDisk                              0x08003f99   Thumb Code   148  sdio_sdcard.o(i.SD_ReadDisk)
    SD_ReadMultiBlocks                       0x08004031   Thumb Code   698  sdio_sdcard.o(i.SD_ReadMultiBlocks)
    SD_SelectDeselect                        0x08004319   Thumb Code    42  sdio_sdcard.o(i.SD_SelectDeselect)
    SD_SetDeviceMode                         0x08004349   Thumb Code    20  sdio_sdcard.o(i.SD_SetDeviceMode)
    SD_WriteBlock                            0x08004361   Thumb Code   844  sdio_sdcard.o(i.SD_WriteBlock)
    SD_WriteDisk                             0x080046d5   Thumb Code   148  sdio_sdcard.o(i.SD_WriteDisk)
    SD_WriteMultiBlocks                      0x0800476d   Thumb Code   920  sdio_sdcard.o(i.SD_WriteMultiBlocks)
    SPI1_Init                                0x08004b2d   Thumb Code   136  spi.o(i.SPI1_Init)
    SPI1_ReadWriteByte                       0x08004bbd   Thumb Code    78  spi.o(i.SPI1_ReadWriteByte)
    SPI1_SetSpeed                            0x08004c11   Thumb Code    36  spi.o(i.SPI1_SetSpeed)
    SPI_Cmd                                  0x08004c39   Thumb Code    24  stm32f10x_spi.o(i.SPI_Cmd)
    SPI_I2S_GetFlagStatus                    0x08004c51   Thumb Code    18  stm32f10x_spi.o(i.SPI_I2S_GetFlagStatus)
    SPI_I2S_ReceiveData                      0x08004c63   Thumb Code     6  stm32f10x_spi.o(i.SPI_I2S_ReceiveData)
    SPI_I2S_SendData                         0x08004c69   Thumb Code     4  stm32f10x_spi.o(i.SPI_I2S_SendData)
    SPI_Init                                 0x08004c6d   Thumb Code    60  stm32f10x_spi.o(i.SPI_Init)
    STMFLASH_Read                            0x08004ca9   Thumb Code    34  flash.o(i.STMFLASH_Read)
    STMFLASH_ReadHalfWord                    0x08004ccb   Thumb Code     6  flash.o(i.STMFLASH_ReadHalfWord)
    STMFLASH_Write                           0x08004cd1   Thumb Code   222  flash.o(i.STMFLASH_Write)
    STMFLASH_Write_NoCheck                   0x08004db9   Thumb Code    38  flash.o(i.STMFLASH_Write_NoCheck)
    SVC_Handler                              0x08004ddf   Thumb Code     2  stm32f10x_it.o(i.SVC_Handler)
    SendOneByte                              0x08004de1   Thumb Code    86  simulate_usart.o(i.SendOneByte)
    Simulate_Usart                           0x08004f25   Thumb Code    24  simulate_usart.o(i.Simulate_Usart)
    SysTick_CLKSourceConfig                  0x08004f3d   Thumb Code    40  misc.o(i.SysTick_CLKSourceConfig)
    SysTick_Handler                          0x08004f65   Thumb Code    24  delay.o(i.SysTick_Handler)
    SystemInit                               0x08004f81   Thumb Code    78  system_stm32f10x.o(i.SystemInit)
    TFTLCD_Init                              0x08004fe1   Thumb Code 19594  ili93xx.o(i.TFTLCD_Init)
    TIM1_Configuration                       0x08009c71   Thumb Code    60  timer.o(i.TIM1_Configuration)
    TIM1_UP_IRQHandler                       0x08009cb1   Thumb Code   150  simulate_usart.o(i.TIM1_UP_IRQHandler)
    TIM2_Configuration                       0x08009d61   Thumb Code    64  timer.o(i.TIM2_Configuration)
    TIM2_IRQHandler                          0x08009da1   Thumb Code    56  simulate_usart.o(i.TIM2_IRQHandler)
    TIM3_Configuration                       0x08009de5   Thumb Code    52  timer.o(i.TIM3_Configuration)
    TIM4_IRQHandler                          0x08009e1d   Thumb Code    48  usart.o(i.TIM4_IRQHandler)
    TIM4_Init                                0x08009e55   Thumb Code    52  usart.o(i.TIM4_Init)
    TIM4_Set                                 0x08009e8d   Thumb Code    34  usart.o(i.TIM4_Set)
    TIM5_Configuration                       0x08009eb5   Thumb Code    64  timer.o(i.TIM5_Configuration)
    TIM5_IRQHandler                          0x08009ef9   Thumb Code    40  timer.o(i.TIM5_IRQHandler)
    TIM6_IRQHandler                          0x08009f29   Thumb Code    20  timer.o(i.TIM6_IRQHandler)
    TIM_ClearITPendingBit                    0x08009f41   Thumb Code     6  stm32f10x_tim.o(i.TIM_ClearITPendingBit)
    TIM_Cmd                                  0x08009f47   Thumb Code    24  stm32f10x_tim.o(i.TIM_Cmd)
    TIM_GetCounter                           0x08009f5f   Thumb Code     6  stm32f10x_tim.o(i.TIM_GetCounter)
    TIM_GetFlagStatus                        0x08009f65   Thumb Code    18  stm32f10x_tim.o(i.TIM_GetFlagStatus)
    TIM_GetITStatus                          0x08009f77   Thumb Code    34  stm32f10x_tim.o(i.TIM_GetITStatus)
    TIM_ITConfig                             0x08009f99   Thumb Code    18  stm32f10x_tim.o(i.TIM_ITConfig)
    TIM_SetCounter                           0x08009fab   Thumb Code     4  stm32f10x_tim.o(i.TIM_SetCounter)
    TIM_TimeBaseInit                         0x08009fb1   Thumb Code   122  stm32f10x_tim.o(i.TIM_TimeBaseInit)
    UART_DMA_Config                          0x0800a055   Thumb Code    72  usart.o(i.UART_DMA_Config)
    USART1_IRQHandler                        0x0800a09d   Thumb Code    92  usart.o(i.USART1_IRQHandler)
    USART_Cmd                                0x0800a109   Thumb Code    24  stm32f10x_usart.o(i.USART_Cmd)
    USART_DMACmd                             0x0800a121   Thumb Code    18  stm32f10x_usart.o(i.USART_DMACmd)
    USART_DeInit                             0x0800a135   Thumb Code   134  stm32f10x_usart.o(i.USART_DeInit)
    USART_GetITStatus                        0x0800a1d1   Thumb Code    84  stm32f10x_usart.o(i.USART_GetITStatus)
    USART_ITConfig                           0x0800a225   Thumb Code    74  stm32f10x_usart.o(i.USART_ITConfig)
    USART_Init                               0x0800a271   Thumb Code   210  stm32f10x_usart.o(i.USART_Init)
    USART_ReceiveData                        0x0800a349   Thumb Code    10  stm32f10x_usart.o(i.USART_ReceiveData)
    UsageFault_Handler                       0x0800a353   Thumb Code     4  stm32f10x_it.o(i.UsageFault_Handler)
    W25QXX_Erase_Sector                      0x0800a359   Thumb Code    70  w25qxx.o(i.W25QXX_Erase_Sector)
    W25QXX_Init                              0x0800a3b1   Thumb Code    68  w25qxx.o(i.W25QXX_Init)
    W25QXX_Read                              0x0800a401   Thumb Code    74  w25qxx.o(i.W25QXX_Read)
    W25QXX_ReadID                            0x0800a451   Thumb Code    64  w25qxx.o(i.W25QXX_ReadID)
    W25QXX_ReadSR                            0x0800a499   Thumb Code    36  w25qxx.o(i.W25QXX_ReadSR)
    W25QXX_Wait_Busy                         0x0800a4c5   Thumb Code    18  w25qxx.o(i.W25QXX_Wait_Busy)
    W25QXX_Write                             0x0800a4d9   Thumb Code   180  w25qxx.o(i.W25QXX_Write)
    W25QXX_Write_Enable                      0x0800a591   Thumb Code    24  w25qxx.o(i.W25QXX_Write_Enable)
    W25QXX_Write_NoCheck                     0x0800a5b1   Thumb Code    70  w25qxx.o(i.W25QXX_Write_NoCheck)
    W25QXX_Write_Page                        0x0800a5f9   Thumb Code    80  w25qxx.o(i.W25QXX_Write_Page)
    _is_digit                                0x0800a64d   Thumb Code    14  __printf_wp.o(i._is_digit)
    _sys_exit                                0x0800a65b   Thumb Code     4  usart.o(i._sys_exit)
    clust2sect                               0x0800a705   Thumb Code    26  ff.o(i.clust2sect)
    convert_from_bytes_to_power_of_two       0x0800a71f   Thumb Code    18  sdio_sdcard.o(i.convert_from_bytes_to_power_of_two)
    delay_init                               0x0800a961   Thumb Code    76  delay.o(i.delay_init)
    delay_ms                                 0x0800a9bd   Thumb Code    66  delay.o(i.delay_ms)
    delay_osschedlock                        0x0800aa0d   Thumb Code     8  delay.o(i.delay_osschedlock)
    delay_osschedunlock                      0x0800aa15   Thumb Code     8  delay.o(i.delay_osschedunlock)
    delay_ostimedly                          0x0800aa1d   Thumb Code    12  delay.o(i.delay_ostimedly)
    delay_us                                 0x0800aa29   Thumb Code    86  delay.o(i.delay_us)
    dir_sdi                                  0x0800ad2d   Thumb Code   158  ff.o(i.dir_sdi)
    disk_initialize                          0x0800adcd   Thumb Code    52  diskio.o(i.disk_initialize)
    disk_ioctl                               0x0800ae05   Thumb Code   112  diskio.o(i.disk_ioctl)
    disk_read                                0x0800ae79   Thumb Code   122  diskio.o(i.disk_read)
    disk_status                              0x0800aef3   Thumb Code     6  diskio.o(i.disk_status)
    disk_write                               0x0800aef9   Thumb Code   122  diskio.o(i.disk_write)
    exf_getfree                              0x0800af73   Thumb Code    74  exfuns.o(i.exf_getfree)
    exfuns_init                              0x0800afbd   Thumb Code   156  exfuns.o(i.exfuns_init)
    f_getfree                                0x0800b075   Thumb Code   258  ff.o(i.f_getfree)
    f_mkfs                                   0x0800b179   Thumb Code  1582  ff.o(i.f_mkfs)
    f_mount                                  0x0800b7c1   Thumb Code    86  ff.o(i.f_mount)
    f_open                                   0x0800b81d   Thumb Code   356  ff.o(i.f_open)
    f_setlabel                               0x0800b981   Thumb Code   474  ff.o(i.f_setlabel)
    f_unlink                                 0x0800bb6d   Thumb Code   166  ff.o(i.f_unlink)
    fputc                                    0x0800c039   Thumb Code    16  simulate_usart.o(i.fputc)
    get_fat                                  0x0800c049   Thumb Code   242  ff.o(i.get_fat)
    get_fattime                              0x0800c13b   Thumb Code     4  diskio.o(i.get_fattime)
    isValidFac                               0x0800c189   Thumb Code    22  gprs_jiankong.o(i.isValidFac)
    isValidID                                0x0800c1a5   Thumb Code    36  gprs_jiankong.o(i.isValidID)
    isValidIP                                0x0800c1d1   Thumb Code   200  gprs_jiankong.o(i.isValidIP)
    isValidPhone                             0x0800c29d   Thumb Code    50  gprs_jiankong.o(i.isValidPhone)
    led0_task                                0x0800c2f1   Thumb Code    38  main.o(i.led0_task)
    led1_task                                0x0800c329   Thumb Code    40  main.o(i.led1_task)
    logrev_task                              0x0800c361   Thumb Code    32  main.o(i.logrev_task)
    main                                     0x0800c389   Thumb Code   226  main.o(i.main)
    monitor_factory                          0x0800c569   Thumb Code   606  gprs_jiankong.o(i.monitor_factory)
    my_mem_init                              0x0800c9e9   Thumb Code    54  malloc.o(i.my_mem_init)
    my_mem_malloc                            0x0800ca2d   Thumb Code   156  malloc.o(i.my_mem_malloc)
    my_mem_perused                           0x0800cad5   Thumb Code    54  malloc.o(i.my_mem_perused)
    mymalloc                                 0x0800cb15   Thumb Code    34  malloc.o(i.mymalloc)
    mymemset                                 0x0800cb3d   Thumb Code    20  malloc.o(i.mymemset)
    pick_up_fac                              0x0800cb51   Thumb Code    30  gprs_jiankong.o(i.pick_up_fac)
    pick_up_id                               0x0800cb6f   Thumb Code    36  gprs_jiankong.o(i.pick_up_id)
    pick_up_ip                               0x0800cb93   Thumb Code    36  gprs_jiankong.o(i.pick_up_ip)
    pick_up_phone                            0x0800cbb9   Thumb Code    54  gprs_jiankong.o(i.pick_up_phone)
    put_fat                                  0x0800cc05   Thumb Code   322  ff.o(i.put_fat)
    sensor_task                              0x0800cdb3   Thumb Code    12  main.o(i.sensor_task)
    start_task                               0x0800cdd1   Thumb Code    88  main.o(i.start_task)
    uart_init                                0x0800cf6d   Thumb Code   172  usart.o(i.uart_init)
    ublox_task                               0x0800d02d   Thumb Code    10  main.o(i.ublox_task)
    _get_lc_ctype                            0x0800d039   Thumb Code    44  lc_ctype_c.o(locale$$code)
    __aeabi_d2uiz                            0x0800d065   Thumb Code     0  dfixu.o(x$fpl$dfixu)
    _dfixu                                   0x0800d065   Thumb Code    90  dfixu.o(x$fpl$dfixu)
    __aeabi_ui2d                             0x0800d0bf   Thumb Code     0  dflt_clz.o(x$fpl$dfltu)
    _dfltu                                   0x0800d0bf   Thumb Code    38  dflt_clz.o(x$fpl$dfltu)
    __aeabi_dmul                             0x0800d0e5   Thumb Code     0  dmul.o(x$fpl$dmul)
    _dmul                                    0x0800d0e5   Thumb Code   332  dmul.o(x$fpl$dmul)
    __fpl_dnaninf                            0x0800d239   Thumb Code   156  dnaninf.o(x$fpl$dnaninf)
    __fpl_dretinf                            0x0800d2d5   Thumb Code    12  dretinf.o(x$fpl$dretinf)
    __I$use$fp                               0x0800d2e0   Number         0  usenofp.o(x$fpl$usenofp)
    memtblsize                               0x0800d2e0   Data           8  malloc.o(.constdata)
    memblksize                               0x0800d2e8   Data           8  malloc.o(.constdata)
    memsize                                  0x0800d2f0   Data           8  malloc.o(.constdata)
    OSUnMapTbl                               0x0800d2f8   Data         256  os_core.o(.constdata)
    Region$$Table$$Base                      0x0800d460   Number         0  anon$$obj.o(Region$$Table)
    Region$$Table$$Limit                     0x0800d480   Number         0  anon$$obj.o(Region$$Table)
    __ctype                                  0x0800d48d   Data           0  lc_ctype_c.o(locale$$data)
    SystemCoreClock                          0x20000000   Data           4  system_stm32f10x.o(.data)
    AHBPrescTable                            0x20000004   Data          16  system_stm32f10x.o(.data)
    TransferError                            0x2000001e   Data           1  sdio_sdcard.o(.data)
    TransferEnd                              0x2000001f   Data           1  sdio_sdcard.o(.data)
    tempbuff                                 0x20000020   Data           4  sdio_sdcard.o(.data)
    W25QXX_TYPE                              0x20000024   Data           2  w25qxx.o(.data)
    mallco_dev                               0x20000028   Data          28  malloc.o(.data)
    TimingDelay                              0x20000048   Data           4  simulate_usart.o(.data)
    Logo                                     0x2000004c   Data          12  simulate_usart.o(.data)
    receivedFlag                             0x20000058   Data           1  simulate_usart.o(.data)
    receivedNum                              0x20000059   Data           1  simulate_usart.o(.data)
    tmpreceivedNum                           0x2000005a   Data           1  simulate_usart.o(.data)
    cnt                                      0x2000005b   Data           1  simulate_usart.o(.data)
    Time_fac                                 0x2000005d   Data           1  timer.o(.data)
    __stdout                                 0x20000060   Data           4  usart.o(.data)
    USART1_RX_STA                            0x20000064   Data           2  usart.o(.data)
    OSCtxSwCtr                               0x2000007c   Data           4  os_core.o(.data)
    OSEventFreeList                          0x20000080   Data           4  os_core.o(.data)
    OSFlagFreeList                           0x20000084   Data           4  os_core.o(.data)
    OSCPUUsage                               0x20000088   Data           1  os_core.o(.data)
    OSIdleCtrMax                             0x2000008c   Data           4  os_core.o(.data)
    OSIdleCtrRun                             0x20000090   Data           4  os_core.o(.data)
    OSStatRdy                                0x20000094   Data           1  os_core.o(.data)
    OSIntNesting                             0x20000095   Data           1  os_core.o(.data)
    OSLockNesting                            0x20000096   Data           1  os_core.o(.data)
    OSPrioCur                                0x20000097   Data           1  os_core.o(.data)
    OSPrioHighRdy                            0x20000098   Data           1  os_core.o(.data)
    OSRdyGrp                                 0x20000099   Data           1  os_core.o(.data)
    OSRdyTbl                                 0x2000009a   Data           8  os_core.o(.data)
    OSRunning                                0x200000a2   Data           1  os_core.o(.data)
    OSTaskCtr                                0x200000a3   Data           1  os_core.o(.data)
    OSIdleCtr                                0x200000a4   Data           4  os_core.o(.data)
    OSTCBCur                                 0x200000a8   Data           4  os_core.o(.data)
    OSTCBFreeList                            0x200000ac   Data           4  os_core.o(.data)
    OSTCBHighRdy                             0x200000b0   Data           4  os_core.o(.data)
    OSTCBList                                0x200000b4   Data           4  os_core.o(.data)
    OSTickStepState                          0x200000b8   Data           1  os_core.o(.data)
    OSQFreeList                              0x200000bc   Data           4  os_core.o(.data)
    OSTime                                   0x200000c0   Data           4  os_core.o(.data)
    FLASH_SECTOR_COUNT                       0x200000c4   Data           2  diskio.o(.data)
    fs                                       0x200000d4   Data           8  exfuns.o(.data)
    file                                     0x200000dc   Data           4  exfuns.o(.data)
    offline                                  0x200000e0   Data           4  exfuns.o(.data)
    data_log                                 0x200000e4   Data           4  exfuns.o(.data)
    data_log_1                               0x200000e8   Data           4  exfuns.o(.data)
    ftemp                                    0x200000ec   Data           4  exfuns.o(.data)
    br                                       0x200000f0   Data           4  exfuns.o(.data)
    bw                                       0x200000f4   Data           4  exfuns.o(.data)
    fatbuf                                   0x200000f8   Data           4  exfuns.o(.data)
    UBLOX_TASK_STK                           0x200000fc   Data        2048  main.o(.bss)
    SENSOR_TASK_STK                          0x200008fc   Data         512  main.o(.bss)
    LOGREV_TASK_STK                          0x20000afc   Data         512  main.o(.bss)
    LED1_TASK_STK                            0x20000cfc   Data         512  main.o(.bss)
    LED0_TASK_STK                            0x20000efc   Data         512  main.o(.bss)
    START_TASK_STK                           0x200010fc   Data         256  main.o(.bss)
    SDIO_InitStructure                       0x20001200   Data          24  sdio_sdcard.o(.bss)
    SDIO_CmdInitStructure                    0x20001218   Data          20  sdio_sdcard.o(.bss)
    SDIO_DataInitStructure                   0x2000122c   Data          24  sdio_sdcard.o(.bss)
    SDCardInfo                               0x20001268   Data          88  sdio_sdcard.o(.bss)
    SDIO_DATA_BUFFER                         0x200012c0   Data         512  sdio_sdcard.o(.bss)
    lcddev                                   0x200014c0   Data          14  ili93xx.o(.bss)
    W25QXX_BUFFER                            0x200014ce   Data        4096  w25qxx.o(.bss)
    STMFLASH_BUF                             0x200024ce   Data        2048  flash.o(.bss)
    mem1base                                 0x20002ce0   Data       10240  malloc.o(.bss)
    mem1mapbase                              0x200054e0   Data         640  malloc.o(.bss)
    dataReceived                             0x20005760   Data         100  simulate_usart.o(.bss)
    USART1_TX_BUF                            0x200057c8   Data         200  usart.o(.bss)
    USART1_RX_BUF                            0x20005890   Data         800  usart.o(.bss)
    OSEventTbl                               0x20005bb0   Data         200  os_core.o(.bss)
    OSFlagTbl                                0x20005c78   Data          80  os_core.o(.bss)
    OSTaskStatStk                            0x20005cc8   Data         512  os_core.o(.bss)
    OSTaskIdleStk                            0x20005ec8   Data         512  os_core.o(.bss)
    OSTCBPrioTbl                             0x200060c8   Data         256  os_core.o(.bss)
    OSTCBTbl                                 0x200061c8   Data        1008  os_core.o(.bss)
    OSQTbl                                   0x200065b8   Data         120  os_core.o(.bss)
    __libspace_start                         0x20006630   Data          96  libspace.o(.bss)
    __temporary_stack_top$libspace           0x20006690   Data           0  libspace.o(.bss)
    mem2base                                 0x68000000   Data       819200  malloc.o(.ARM.__AT_0x68000000)
    mem2mapbase                              0x680c8000   Data       51200  malloc.o(.ARM.__AT_0x680C8000)



==============================================================================

Memory Map of the image

  Image Entry point : 0x080001f5

  Load Region LR_1 (Base: 0x08000000, Size: 0x0000d68c, Max: 0xffffffff, ABSOLUTE)

    Execution Region ER_RO (Base: 0x08000000, Size: 0x0000d590, Max: 0xffffffff, ABSOLUTE)

    Base Addr    Size         Type   Attr      Idx    E Section Name        Object

    0x08000000   0x00000130   Data   RO         1545    RESET               startup_stm32f10x_hd.o
    0x08000130   0x00000008   Code   RO         4908  * !!!main             c_w.l(__main.o)
    0x08000138   0x00000034   Code   RO         5236    !!!scatter          c_w.l(__scatter.o)
    0x0800016c   0x0000001a   Code   RO         5238    !!handler_copy      c_w.l(__scatter_copy.o)
    0x08000186   0x00000002   PAD
    0x08000188   0x0000001c   Code   RO         5240    !!handler_zi        c_w.l(__scatter_zi.o)
    0x080001a4   0x00000000   Code   RO         4887    .ARM.Collect$$_printf_percent$$00000000  c_w.l(_printf_percent.o)
    0x080001a4   0x00000006   Code   RO         4885    .ARM.Collect$$_printf_percent$$00000009  c_w.l(_printf_d.o)
    0x080001aa   0x00000006   Code   RO         4884    .ARM.Collect$$_printf_percent$$0000000C  c_w.l(_printf_x.o)
    0x080001b0   0x00000006   Code   RO         4883    .ARM.Collect$$_printf_percent$$00000014  c_w.l(_printf_s.o)
    0x080001b6   0x00000004   Code   RO         4991    .ARM.Collect$$_printf_percent$$00000017  c_w.l(_printf_percent_end.o)
    0x080001ba   0x00000002   Code   RO         5116    .ARM.Collect$$libinit$$00000000  c_w.l(libinit.o)
    0x080001bc   0x00000000   Code   RO         5118    .ARM.Collect$$libinit$$00000002  c_w.l(libinit2.o)
    0x080001bc   0x00000000   Code   RO         5121    .ARM.Collect$$libinit$$00000008  c_w.l(libinit2.o)
    0x080001bc   0x00000000   Code   RO         5123    .ARM.Collect$$libinit$$0000000A  c_w.l(libinit2.o)
    0x080001bc   0x00000000   Code   RO         5125    .ARM.Collect$$libinit$$0000000C  c_w.l(libinit2.o)
    0x080001bc   0x00000006   Code   RO         5126    .ARM.Collect$$libinit$$0000000D  c_w.l(libinit2.o)
    0x080001c2   0x00000000   Code   RO         5128    .ARM.Collect$$libinit$$0000000F  c_w.l(libinit2.o)
    0x080001c2   0x0000000c   Code   RO         5129    .ARM.Collect$$libinit$$00000010  c_w.l(libinit2.o)
    0x080001ce   0x00000000   Code   RO         5130    .ARM.Collect$$libinit$$00000011  c_w.l(libinit2.o)
    0x080001ce   0x00000000   Code   RO         5132    .ARM.Collect$$libinit$$00000013  c_w.l(libinit2.o)
    0x080001ce   0x00000000   Code   RO         5134    .ARM.Collect$$libinit$$00000015  c_w.l(libinit2.o)
    0x080001ce   0x00000000   Code   RO         5136    .ARM.Collect$$libinit$$00000017  c_w.l(libinit2.o)
    0x080001ce   0x00000000   Code   RO         5138    .ARM.Collect$$libinit$$00000019  c_w.l(libinit2.o)
    0x080001ce   0x00000000   Code   RO         5140    .ARM.Collect$$libinit$$0000001B  c_w.l(libinit2.o)
    0x080001ce   0x00000000   Code   RO         5142    .ARM.Collect$$libinit$$0000001D  c_w.l(libinit2.o)
    0x080001ce   0x00000000   Code   RO         5144    .ARM.Collect$$libinit$$0000001F  c_w.l(libinit2.o)
    0x080001ce   0x00000000   Code   RO         5146    .ARM.Collect$$libinit$$00000021  c_w.l(libinit2.o)
    0x080001ce   0x00000000   Code   RO         5148    .ARM.Collect$$libinit$$00000023  c_w.l(libinit2.o)
    0x080001ce   0x00000000   Code   RO         5152    .ARM.Collect$$libinit$$0000002A  c_w.l(libinit2.o)
    0x080001ce   0x00000000   Code   RO         5154    .ARM.Collect$$libinit$$0000002C  c_w.l(libinit2.o)
    0x080001ce   0x00000000   Code   RO         5156    .ARM.Collect$$libinit$$0000002E  c_w.l(libinit2.o)
    0x080001ce   0x00000000   Code   RO         5158    .ARM.Collect$$libinit$$00000030  c_w.l(libinit2.o)
    0x080001ce   0x00000002   Code   RO         5159    .ARM.Collect$$libinit$$00000031  c_w.l(libinit2.o)
    0x080001d0   0x00000002   Code   RO         5187    .ARM.Collect$$libshutdown$$00000000  c_w.l(libshutdown.o)
    0x080001d2   0x00000000   Code   RO         5197    .ARM.Collect$$libshutdown$$00000003  c_w.l(libshutdown2.o)
    0x080001d2   0x00000000   Code   RO         5200    .ARM.Collect$$libshutdown$$00000006  c_w.l(libshutdown2.o)
    0x080001d2   0x00000000   Code   RO         5203    .ARM.Collect$$libshutdown$$00000009  c_w.l(libshutdown2.o)
    0x080001d2   0x00000000   Code   RO         5205    .ARM.Collect$$libshutdown$$0000000B  c_w.l(libshutdown2.o)
    0x080001d2   0x00000000   Code   RO         5208    .ARM.Collect$$libshutdown$$0000000E  c_w.l(libshutdown2.o)
    0x080001d2   0x00000002   Code   RO         5209    .ARM.Collect$$libshutdown$$0000000F  c_w.l(libshutdown2.o)
    0x080001d4   0x00000000   Code   RO         4950    .ARM.Collect$$rtentry$$00000000  c_w.l(rtentry.o)
    0x080001d4   0x00000000   Code   RO         5026    .ARM.Collect$$rtentry$$00000002  c_w.l(rtentry2.o)
    0x080001d4   0x00000006   Code   RO         5038    .ARM.Collect$$rtentry$$00000004  c_w.l(rtentry4.o)
    0x080001da   0x00000000   Code   RO         5028    .ARM.Collect$$rtentry$$00000009  c_w.l(rtentry2.o)
    0x080001da   0x00000004   Code   RO         5029    .ARM.Collect$$rtentry$$0000000A  c_w.l(rtentry2.o)
    0x080001de   0x00000000   Code   RO         5031    .ARM.Collect$$rtentry$$0000000C  c_w.l(rtentry2.o)
    0x080001de   0x00000008   Code   RO         5032    .ARM.Collect$$rtentry$$0000000D  c_w.l(rtentry2.o)
    0x080001e6   0x00000002   Code   RO         5160    .ARM.Collect$$rtexit$$00000000  c_w.l(rtexit.o)
    0x080001e8   0x00000000   Code   RO         5167    .ARM.Collect$$rtexit$$00000002  c_w.l(rtexit2.o)
    0x080001e8   0x00000004   Code   RO         5168    .ARM.Collect$$rtexit$$00000003  c_w.l(rtexit2.o)
    0x080001ec   0x00000006   Code   RO         5169    .ARM.Collect$$rtexit$$00000004  c_w.l(rtexit2.o)
    0x080001f2   0x00000002   PAD
    0x080001f4   0x00000040   Code   RO         1546  * .text               startup_stm32f10x_hd.o
    0x08000234   0x000000b4   Code   RO         4167    .text               os_cpu_a.o
    0x080002e8   0x00000002   Code   RO         4821    .text               c_w.l(use_no_semi_2.o)
    0x080002ea   0x00000002   PAD
    0x080002ec   0x00000018   Code   RO         4825    .text               c_w.l(__2printf.o)
    0x08000304   0x00000052   Code   RO         4837    .text               c_w.l(_printf_str.o)
    0x08000356   0x00000002   PAD
    0x08000358   0x00000074   Code   RO         4839    .text               c_w.l(_printf_dec.o)
    0x080003cc   0x00000094   Code   RO         4859    .text               c_w.l(_printf_hex_int_ll_ptr.o)
    0x08000460   0x00000188   Code   RO         4879    .text               c_w.l(__printf_flags_ss_wp.o)
    0x080005e8   0x0000001a   Code   RO         4888    .text               c_w.l(atoi.o)
    0x08000602   0x00000004   Code   RO         4890    .text               c_w.l(strtok_r.o)
    0x08000606   0x00000024   Code   RO         4892    .text               c_w.l(strstr.o)
    0x0800062a   0x0000003e   Code   RO         4896    .text               c_w.l(strlen.o)
    0x08000668   0x0000008a   Code   RO         4898    .text               c_w.l(rt_memcpy_v6.o)
    0x080006f2   0x00000044   Code   RO         4900    .text               c_w.l(rt_memclr.o)
    0x08000736   0x0000004e   Code   RO         4902    .text               c_w.l(rt_memclr_w.o)
    0x08000784   0x00000080   Code   RO         4904    .text               c_w.l(strcmpv7m.o)
    0x08000804   0x00000006   Code   RO         4906    .text               c_w.l(heapauxi.o)
    0x0800080a   0x00000002   Code   RO         4948    .text               c_w.l(use_no_semi.o)
    0x0800080c   0x00000008   Code   RO         4954    .text               c_w.l(rt_errno_addr_intlibspace.o)
    0x08000814   0x000000b2   Code   RO         4958    .text               c_w.l(_printf_intcommon.o)
    0x080008c6   0x00000002   PAD
    0x080008c8   0x00000030   Code   RO         4964    .text               c_w.l(_printf_char_common.o)
    0x080008f8   0x0000002c   Code   RO         4968    .text               c_w.l(_printf_char.o)
    0x08000924   0x00000024   Code   RO         4970    .text               c_w.l(_printf_char_file.o)
    0x08000948   0x00000070   Code   RO         5001    .text               c_w.l(strtol.o)
    0x080009b8   0x00000044   Code   RO         5003    .text               c_w.l(strtok_int.o)
    0x080009fc   0x00000064   Code   RO         5005    .text               c_w.l(rt_memcpy_w.o)
    0x08000a60   0x00000008   Code   RO         5022    .text               c_w.l(libspace.o)
    0x08000a68   0x00000010   Code   RO         5040    .text               c_w.l(rt_ctype_table.o)
    0x08000a78   0x00000008   Code   RO         5045    .text               c_w.l(rt_locale_intlibspace.o)
    0x08000a80   0x0000009e   Code   RO         5058    .text               c_w.l(_strtoul.o)
    0x08000b1e   0x00000008   Code   RO         5085    .text               c_w.l(ferror.o)
    0x08000b26   0x00000020   Code   RO         5094    .text               c_w.l(strcspn.o)
    0x08000b46   0x0000001c   Code   RO         5096    .text               c_w.l(strspn.o)
    0x08000b62   0x0000004a   Code   RO         5102    .text               c_w.l(sys_stackheap_outer.o)
    0x08000bac   0x0000001c   Code   RO         5104    .text               c_w.l(_chval.o)
    0x08000bc8   0x0000000c   Code   RO         5109    .text               c_w.l(exit.o)
    0x08000bd4   0x00000004   Code   RO          236    i.BusFault_Handler  stm32f10x_it.o
    0x08000bd8   0x00000108   Code   RO         2638    i.CAN_FilterInit    stm32f10x_can.o
    0x08000ce0   0x00000114   Code   RO         2645    i.CAN_Init          stm32f10x_can.o
    0x08000df4   0x000000d0   Code   RO         1034    i.CAN_Mode_Init     can.o
    0x08000ec4   0x00000018   Code   RO         1325    i.Clr_Usart_Data    simulate_usart.o
    0x08000edc   0x00000030   Code   RO          359    i.CmdError          sdio_sdcard.o
    0x08000f0c   0x00000060   Code   RO          360    i.CmdResp1Error     sdio_sdcard.o
    0x08000f6c   0x00000054   Code   RO          361    i.CmdResp2Error     sdio_sdcard.o
    0x08000fc0   0x00000038   Code   RO          362    i.CmdResp3Error     sdio_sdcard.o
    0x08000ff8   0x00000090   Code   RO          363    i.CmdResp6Error     sdio_sdcard.o
    0x08001088   0x0000004c   Code   RO          364    i.CmdResp7Error     sdio_sdcard.o
    0x080010d4   0x00000018   Code   RO         2562    i.DMA_Cmd           stm32f10x_dma.o
    0x080010ec   0x0000014c   Code   RO         2563    i.DMA_DeInit        stm32f10x_dma.o
    0x08001238   0x0000003c   Code   RO         2568    i.DMA_Init          stm32f10x_dma.o
    0x08001274   0x00000002   Code   RO          237    i.DebugMon_Handler  stm32f10x_it.o
    0x08001276   0x00000002   PAD
    0x08001278   0x00000044   Code   RO         1392    i.Delay_Ms          timer.o
    0x080012bc   0x00000070   Code   RO         1326    i.EXTI3_IRQHandler  simulate_usart.o
    0x0800132c   0x0000000c   Code   RO         3336    i.EXTI_ClearITPendingBit  stm32f10x_exti.o
    0x08001338   0x0000004c   Code   RO         1327    i.EXTI_Configuration  simulate_usart.o
    0x08001384   0x00000018   Code   RO         3339    i.EXTI_GetFlagStatus  stm32f10x_exti.o
    0x0800139c   0x00000094   Code   RO         3341    i.EXTI_Init         stm32f10x_exti.o
    0x08001430   0x0000004c   Code   RO         2391    i.FLASH_ErasePage   stm32f10x_flash.o
    0x0800147c   0x00000034   Code   RO         2392    i.FLASH_GetBank1Status  stm32f10x_flash.o
    0x080014b0   0x00000014   Code   RO         2401    i.FLASH_Lock        stm32f10x_flash.o
    0x080014c4   0x00000040   Code   RO         2404    i.FLASH_ProgramHalfWord  stm32f10x_flash.o
    0x08001504   0x00000018   Code   RO         2409    i.FLASH_Unlock      stm32f10x_flash.o
    0x0800151c   0x00000026   Code   RO         2413    i.FLASH_WaitForLastOperation  stm32f10x_flash.o
    0x08001542   0x00000002   PAD
    0x08001544   0x00000034   Code   RO         2277    i.FSMC_NORSRAMCmd   stm32f10x_fsmc.o
    0x08001578   0x000000e6   Code   RO         2279    i.FSMC_NORSRAMInit  stm32f10x_fsmc.o
    0x0800165e   0x00000002   PAD
    0x08001660   0x00000194   Code   RO          365    i.FindSCR           sdio_sdcard.o
    0x080017f4   0x0000004c   Code   RO         1328    i.GPIO_Configuration  simulate_usart.o
    0x08001840   0x00000040   Code   RO         1589    i.GPIO_EXTILineConfig  stm32f10x_gpio.o
    0x08001880   0x00000116   Code   RO         1592    i.GPIO_Init         stm32f10x_gpio.o
    0x08001996   0x00000012   Code   RO         1596    i.GPIO_ReadInputDataBit  stm32f10x_gpio.o
    0x080019a8   0x00000004   Code   RO         1599    i.GPIO_ResetBits    stm32f10x_gpio.o
    0x080019ac   0x00000004   Code   RO         1600    i.GPIO_SetBits      stm32f10x_gpio.o
    0x080019b0   0x00000004   Code   RO          238    i.HardFault_Handler  stm32f10x_it.o
    0x080019b4   0x00000004   Code   RO         1297    i.INTX_DISABLE      sys.o
    0x080019b8   0x00000004   Code   RO         1298    i.INTX_ENABLE       sys.o
    0x080019bc   0x0000009c   Code   RO          366    i.IsCardProgramming  sdio_sdcard.o
    0x08001a58   0x0000005c   Code   RO         1106    i.Is_Enter_facotry  gprs_jiankong.o
    0x08001ab4   0x0000006c   Code   RO          566    i.LCD_Clear         ili93xx.o
    0x08001b20   0x000001c0   Code   RO          570    i.LCD_Display_Dir   ili93xx.o
    0x08001ce0   0x00000014   Code   RO          578    i.LCD_RD_DATA       ili93xx.o
    0x08001cf4   0x00000016   Code   RO          580    i.LCD_ReadReg       ili93xx.o
    0x08001d0a   0x00000002   PAD
    0x08001d0c   0x00000054   Code   RO          581    i.LCD_SSD_BackLightSet  ili93xx.o
    0x08001d60   0x000002ec   Code   RO          582    i.LCD_Scan_Dir      ili93xx.o
    0x0800204c   0x000001a8   Code   RO          583    i.LCD_SetCursor     ili93xx.o
    0x080021f4   0x0000000c   Code   RO          589    i.LCD_WR_DATA       ili93xx.o
    0x08002200   0x0000000c   Code   RO          590    i.LCD_WR_REG        ili93xx.o
    0x0800220c   0x00000014   Code   RO          592    i.LCD_WriteRAM_Prepare  ili93xx.o
    0x08002220   0x00000010   Code   RO          593    i.LCD_WriteReg      ili93xx.o
    0x08002230   0x00000034   Code   RO          347    i.LED_Init          led.o
    0x08002264   0x00000004   Code   RO          239    i.MemManage_Handler  stm32f10x_it.o
    0x08002268   0x00000002   Code   RO          240    i.NMI_Handler       stm32f10x_it.o
    0x0800226a   0x00000138   Code   RO         1393    i.NVIC_Configuration  timer.o
    0x080023a2   0x00000002   PAD
    0x080023a4   0x00000070   Code   RO         1550    i.NVIC_Init         misc.o
    0x08002414   0x00000014   Code   RO         1551    i.NVIC_PriorityGroupConfig  misc.o
    0x08002428   0x00000014   Code   RO         1552    i.NVIC_SetVectorTable  misc.o
    0x0800243c   0x0000002c   Code   RO         3533    i.OSInit            os_core.o
    0x08002468   0x00000002   Code   RO         4170    i.OSInitHookBegin   os_cpu_c.o
    0x0800246a   0x00000002   Code   RO         4171    i.OSInitHookEnd     os_cpu_c.o
    0x0800246c   0x00000024   Code   RO         3534    i.OSIntEnter        os_core.o
    0x08002490   0x00000090   Code   RO         3535    i.OSIntExit         os_core.o
    0x08002520   0x00000040   Code   RO         3536    i.OSSchedLock       os_core.o
    0x08002560   0x00000060   Code   RO         3537    i.OSSchedUnlock     os_core.o
    0x080025c0   0x00000048   Code   RO         3538    i.OSStart           os_core.o
    0x08002608   0x00000002   Code   RO         4172    i.OSTCBInitHook     os_cpu_c.o
    0x0800260a   0x00000002   PAD
    0x0800260c   0x000000a0   Code   RO         4030    i.OSTaskCreate      os_task.o
    0x080026ac   0x000000b8   Code   RO         4031    i.OSTaskCreateExt   os_task.o
    0x08002764   0x00000002   Code   RO         4173    i.OSTaskCreateHook  os_cpu_c.o
    0x08002766   0x00000002   Code   RO         4175    i.OSTaskIdleHook    os_cpu_c.o
    0x08002768   0x00000070   Code   RO         4035    i.OSTaskNameSet     os_task.o
    0x080027d8   0x00000002   Code   RO         4177    i.OSTaskStatHook    os_cpu_c.o
    0x080027da   0x00000002   PAD
    0x080027dc   0x0000008c   Code   RO         4040    i.OSTaskStkChk      os_task.o
    0x08002868   0x0000009a   Code   RO         4178    i.OSTaskStkInit     os_cpu_c.o
    0x08002902   0x00000002   PAD
    0x08002904   0x000000a8   Code   RO         4041    i.OSTaskSuspend     os_task.o
    0x080029ac   0x00000002   Code   RO         4179    i.OSTaskSwHook      os_cpu_c.o
    0x080029ae   0x00000002   PAD
    0x080029b0   0x00000078   Code   RO         4125    i.OSTimeDly         os_time.o
    0x08002a28   0x000000ec   Code   RO         3540    i.OSTimeTick        os_core.o
    0x08002b14   0x00000002   Code   RO         4180    i.OSTimeTickHook    os_cpu_c.o
    0x08002b16   0x00000002   PAD
    0x08002b18   0x00000058   Code   RO         3724    i.OS_FlagInit       os_flag.o
    0x08002b70   0x00000054   Code   RO         3547    i.OS_InitEventList  os_core.o
    0x08002bc4   0x00000054   Code   RO         3548    i.OS_InitMisc       os_core.o
    0x08002c18   0x00000044   Code   RO         3549    i.OS_InitRdyList    os_core.o
    0x08002c5c   0x00000080   Code   RO         3550    i.OS_InitTCBList    os_core.o
    0x08002cdc   0x00000050   Code   RO         3551    i.OS_InitTaskIdle   os_core.o
    0x08002d2c   0x00000050   Code   RO         3552    i.OS_InitTaskStat   os_core.o
    0x08002d7c   0x00000012   Code   RO         3553    i.OS_MemClr         os_core.o
    0x08002d8e   0x00000002   PAD
    0x08002d90   0x00000050   Code   RO         3913    i.OS_QInit          os_q.o
    0x08002de0   0x00000074   Code   RO         3555    i.OS_Sched          os_core.o
    0x08002e54   0x0000002c   Code   RO         3556    i.OS_SchedNew       os_core.o
    0x08002e80   0x00000134   Code   RO         3558    i.OS_TCBInit        os_core.o
    0x08002fb4   0x00000028   Code   RO         3559    i.OS_TaskIdle       os_core.o
    0x08002fdc   0x00000088   Code   RO         3560    i.OS_TaskStat       os_core.o
    0x08003064   0x0000003c   Code   RO         3561    i.OS_TaskStatStkChk  os_core.o
    0x080030a0   0x0000001a   Code   RO         4043    i.OS_TaskStkClr     os_task.o
    0x080030ba   0x00000002   PAD
    0x080030bc   0x00000020   Code   RO         1701    i.RCC_AHBPeriphClockCmd  stm32f10x_rcc.o
    0x080030dc   0x00000020   Code   RO         1702    i.RCC_APB1PeriphClockCmd  stm32f10x_rcc.o
    0x080030fc   0x00000020   Code   RO         1703    i.RCC_APB1PeriphResetCmd  stm32f10x_rcc.o
    0x0800311c   0x00000020   Code   RO         1704    i.RCC_APB2PeriphClockCmd  stm32f10x_rcc.o
    0x0800313c   0x00000020   Code   RO         1705    i.RCC_APB2PeriphResetCmd  stm32f10x_rcc.o
    0x0800315c   0x000000d4   Code   RO         1712    i.RCC_GetClocksFreq  stm32f10x_rcc.o
    0x08003230   0x000000ac   Code   RO          367    i.SDEnWideBus       sdio_sdcard.o
    0x080032dc   0x0000000c   Code   RO         2081    i.SDIO_ClearFlag    stm32f10x_sdio.o
    0x080032e8   0x0000000c   Code   RO         2083    i.SDIO_ClockCmd     stm32f10x_sdio.o
    0x080032f4   0x00000014   Code   RO          368    i.SDIO_Clock_Set    sdio_sdcard.o
    0x08003308   0x0000000c   Code   RO         2086    i.SDIO_DMACmd       stm32f10x_sdio.o
    0x08003314   0x00000030   Code   RO         2087    i.SDIO_DataConfig   stm32f10x_sdio.o
    0x08003344   0x00000024   Code   RO         2089    i.SDIO_DeInit       stm32f10x_sdio.o
    0x08003368   0x00000018   Code   RO         2093    i.SDIO_GetFlagStatus  stm32f10x_sdio.o
    0x08003380   0x00000010   Code   RO         2095    i.SDIO_GetPowerState  stm32f10x_sdio.o
    0x08003390   0x00000008   Code   RO          369    i.SDIO_IRQHandler   sdio_sdcard.o
    0x08003398   0x00000030   Code   RO         2098    i.SDIO_Init         stm32f10x_sdio.o
    0x080033c8   0x0000000c   Code   RO         2099    i.SDIO_ReadData     stm32f10x_sdio.o
    0x080033d4   0x0000002c   Code   RO         2101    i.SDIO_SendCommand  stm32f10x_sdio.o
    0x08003400   0x0000001c   Code   RO         2103    i.SDIO_SetPowerState  stm32f10x_sdio.o
    0x0800341c   0x0000000c   Code   RO         2109    i.SDIO_WriteData    stm32f10x_sdio.o
    0x08003428   0x00000068   Code   RO          370    i.SD_DMA_Config     sdio_sdcard.o
    0x08003490   0x00000068   Code   RO          371    i.SD_EnableWideBusOperation  sdio_sdcard.o
    0x080034f8   0x00000314   Code   RO          372    i.SD_GetCardInfo    sdio_sdcard.o
    0x0800380c   0x000000c8   Code   RO          374    i.SD_Init           sdio_sdcard.o
    0x080038d4   0x00000154   Code   RO          375    i.SD_InitializeCards  sdio_sdcard.o
    0x08003a28   0x000001dc   Code   RO          377    i.SD_PowerON        sdio_sdcard.o
    0x08003c04   0x0000013c   Code   RO          378    i.SD_ProcessIRQSrc  sdio_sdcard.o
    0x08003d40   0x00000258   Code   RO          379    i.SD_ReadBlock      sdio_sdcard.o
    0x08003f98   0x00000098   Code   RO          380    i.SD_ReadDisk       sdio_sdcard.o
    0x08004030   0x000002e8   Code   RO          381    i.SD_ReadMultiBlocks  sdio_sdcard.o
    0x08004318   0x00000030   Code   RO          382    i.SD_SelectDeselect  sdio_sdcard.o
    0x08004348   0x00000018   Code   RO          384    i.SD_SetDeviceMode  sdio_sdcard.o
    0x08004360   0x00000374   Code   RO          385    i.SD_WriteBlock     sdio_sdcard.o
    0x080046d4   0x00000098   Code   RO          386    i.SD_WriteDisk      sdio_sdcard.o
    0x0800476c   0x000003c0   Code   RO          387    i.SD_WriteMultiBlocks  sdio_sdcard.o
    0x08004b2c   0x00000090   Code   RO         1010    i.SPI1_Init         spi.o
    0x08004bbc   0x00000054   Code   RO         1011    i.SPI1_ReadWriteByte  spi.o
    0x08004c10   0x00000028   Code   RO         1012    i.SPI1_SetSpeed     spi.o
    0x08004c38   0x00000018   Code   RO         3394    i.SPI_Cmd           stm32f10x_spi.o
    0x08004c50   0x00000012   Code   RO         3402    i.SPI_I2S_GetFlagStatus  stm32f10x_spi.o
    0x08004c62   0x00000006   Code   RO         3405    i.SPI_I2S_ReceiveData  stm32f10x_spi.o
    0x08004c68   0x00000004   Code   RO         3406    i.SPI_I2S_SendData  stm32f10x_spi.o
    0x08004c6c   0x0000003c   Code   RO         3407    i.SPI_Init          stm32f10x_spi.o
    0x08004ca8   0x00000022   Code   RO         1064    i.STMFLASH_Read     flash.o
    0x08004cca   0x00000006   Code   RO         1065    i.STMFLASH_ReadHalfWord  flash.o
    0x08004cd0   0x000000e8   Code   RO         1066    i.STMFLASH_Write    flash.o
    0x08004db8   0x00000026   Code   RO         1067    i.STMFLASH_Write_NoCheck  flash.o
    0x08004dde   0x00000002   Code   RO          241    i.SVC_Handler       stm32f10x_it.o
    0x08004de0   0x0000005c   Code   RO         1329    i.SendOneByte       simulate_usart.o
    0x08004e3c   0x00000008   Code   RO          313    i.SetSysClock       system_stm32f10x.o
    0x08004e44   0x000000e0   Code   RO          314    i.SetSysClockTo72   system_stm32f10x.o
    0x08004f24   0x00000018   Code   RO         1330    i.Simulate_Usart    simulate_usart.o
    0x08004f3c   0x00000028   Code   RO         1554    i.SysTick_CLKSourceConfig  misc.o
    0x08004f64   0x0000001c   Code   RO         1246    i.SysTick_Handler   delay.o
    0x08004f80   0x00000060   Code   RO          316    i.SystemInit        system_stm32f10x.o
    0x08004fe0   0x00004c90   Code   RO          594    i.TFTLCD_Init       ili93xx.o
    0x08009c70   0x00000040   Code   RO         1394    i.TIM1_Configuration  timer.o
    0x08009cb0   0x000000b0   Code   RO         1331    i.TIM1_UP_IRQHandler  simulate_usart.o
    0x08009d60   0x00000040   Code   RO         1395    i.TIM2_Configuration  timer.o
    0x08009da0   0x00000044   Code   RO         1332    i.TIM2_IRQHandler   simulate_usart.o
    0x08009de4   0x00000038   Code   RO         1396    i.TIM3_Configuration  timer.o
    0x08009e1c   0x00000038   Code   RO         1459    i.TIM4_IRQHandler   usart.o
    0x08009e54   0x00000038   Code   RO         1460    i.TIM4_Init         usart.o
    0x08009e8c   0x00000028   Code   RO         1461    i.TIM4_Set          usart.o
    0x08009eb4   0x00000044   Code   RO         1397    i.TIM5_Configuration  timer.o
    0x08009ef8   0x00000030   Code   RO         1398    i.TIM5_IRQHandler   timer.o
    0x08009f28   0x00000018   Code   RO         1399    i.TIM6_IRQHandler   timer.o
    0x08009f40   0x00000006   Code   RO         2798    i.TIM_ClearITPendingBit  stm32f10x_tim.o
    0x08009f46   0x00000018   Code   RO         2803    i.TIM_Cmd           stm32f10x_tim.o
    0x08009f5e   0x00000006   Code   RO         2822    i.TIM_GetCounter    stm32f10x_tim.o
    0x08009f64   0x00000012   Code   RO         2823    i.TIM_GetFlagStatus  stm32f10x_tim.o
    0x08009f76   0x00000022   Code   RO         2824    i.TIM_GetITStatus   stm32f10x_tim.o
    0x08009f98   0x00000012   Code   RO         2828    i.TIM_ITConfig      stm32f10x_tim.o
    0x08009faa   0x00000004   Code   RO         2868    i.TIM_SetCounter    stm32f10x_tim.o
    0x08009fae   0x00000002   PAD
    0x08009fb0   0x000000a4   Code   RO         2874    i.TIM_TimeBaseInit  stm32f10x_tim.o
    0x0800a054   0x00000048   Code   RO         1462    i.UART_DMA_Config   usart.o
    0x0800a09c   0x0000006c   Code   RO         1464    i.USART1_IRQHandler  usart.o
    0x0800a108   0x00000018   Code   RO         1904    i.USART_Cmd         stm32f10x_usart.o
    0x0800a120   0x00000012   Code   RO         1905    i.USART_DMACmd      stm32f10x_usart.o
    0x0800a132   0x00000002   PAD
    0x0800a134   0x0000009c   Code   RO         1906    i.USART_DeInit      stm32f10x_usart.o
    0x0800a1d0   0x00000054   Code   RO         1908    i.USART_GetITStatus  stm32f10x_usart.o
    0x0800a224   0x0000004a   Code   RO         1910    i.USART_ITConfig    stm32f10x_usart.o
    0x0800a26e   0x00000002   PAD
    0x0800a270   0x000000d8   Code   RO         1911    i.USART_Init        stm32f10x_usart.o
    0x0800a348   0x0000000a   Code   RO         1918    i.USART_ReceiveData  stm32f10x_usart.o
    0x0800a352   0x00000004   Code   RO          242    i.UsageFault_Handler  stm32f10x_it.o
    0x0800a356   0x00000002   PAD
    0x0800a358   0x00000058   Code   RO          901    i.W25QXX_Erase_Sector  w25qxx.o
    0x0800a3b0   0x00000050   Code   RO          902    i.W25QXX_Init       w25qxx.o
    0x0800a400   0x00000050   Code   RO          904    i.W25QXX_Read       w25qxx.o
    0x0800a450   0x00000048   Code   RO          905    i.W25QXX_ReadID     w25qxx.o
    0x0800a498   0x0000002c   Code   RO          906    i.W25QXX_ReadSR     w25qxx.o
    0x0800a4c4   0x00000012   Code   RO          908    i.W25QXX_Wait_Busy  w25qxx.o
    0x0800a4d6   0x00000002   PAD
    0x0800a4d8   0x000000b8   Code   RO          909    i.W25QXX_Write      w25qxx.o
    0x0800a590   0x00000020   Code   RO          911    i.W25QXX_Write_Enable  w25qxx.o
    0x0800a5b0   0x00000046   Code   RO          912    i.W25QXX_Write_NoCheck  w25qxx.o
    0x0800a5f6   0x00000002   PAD
    0x0800a5f8   0x00000054   Code   RO          913    i.W25QXX_Write_Page  w25qxx.o
    0x0800a64c   0x0000000e   Code   RO         4872    i._is_digit         c_w.l(__printf_wp.o)
    0x0800a65a   0x00000004   Code   RO         1465    i._sys_exit         usart.o
    0x0800a65e   0x00000002   PAD
    0x0800a660   0x00000090   Code   RO         4464    i.check_fs          ff.o
    0x0800a6f0   0x00000014   Code   RO         4465    i.chk_chr           ff.o
    0x0800a704   0x0000001a   Code   RO         4467    i.clust2sect        ff.o
    0x0800a71e   0x00000012   Code   RO          388    i.convert_from_bytes_to_power_of_two  sdio_sdcard.o
    0x0800a730   0x000000d6   Code   RO         4468    i.create_chain      ff.o
    0x0800a806   0x00000002   PAD
    0x0800a808   0x00000158   Code   RO         4469    i.create_name       ff.o
    0x0800a960   0x0000005c   Code   RO         1247    i.delay_init        delay.o
    0x0800a9bc   0x00000050   Code   RO         1248    i.delay_ms          delay.o
    0x0800aa0c   0x00000008   Code   RO         1249    i.delay_osschedlock  delay.o
    0x0800aa14   0x00000008   Code   RO         1250    i.delay_osschedunlock  delay.o
    0x0800aa1c   0x0000000c   Code   RO         1251    i.delay_ostimedly   delay.o
    0x0800aa28   0x0000005c   Code   RO         1252    i.delay_us          delay.o
    0x0800aa84   0x0000005c   Code   RO         4470    i.dir_alloc         ff.o
    0x0800aae0   0x0000005c   Code   RO         4471    i.dir_find          ff.o
    0x0800ab3c   0x0000010e   Code   RO         4472    i.dir_next          ff.o
    0x0800ac4a   0x00000072   Code   RO         4473    i.dir_read          ff.o
    0x0800acbc   0x0000003a   Code   RO         4474    i.dir_register      ff.o
    0x0800acf6   0x00000036   Code   RO         4475    i.dir_remove        ff.o
    0x0800ad2c   0x0000009e   Code   RO         4476    i.dir_sdi           ff.o
    0x0800adca   0x00000002   PAD
    0x0800adcc   0x00000038   Code   RO         4404    i.disk_initialize   diskio.o
    0x0800ae04   0x00000074   Code   RO         4405    i.disk_ioctl        diskio.o
    0x0800ae78   0x0000007a   Code   RO         4406    i.disk_read         diskio.o
    0x0800aef2   0x00000006   Code   RO         4407    i.disk_status       diskio.o
    0x0800aef8   0x0000007a   Code   RO         4408    i.disk_write        diskio.o
    0x0800af72   0x0000004a   Code   RO         4778    i.exf_getfree       exfuns.o
    0x0800afbc   0x000000b8   Code   RO         4779    i.exfuns_init       exfuns.o
    0x0800b074   0x00000102   Code   RO         4480    i.f_getfree         ff.o
    0x0800b176   0x00000002   PAD
    0x0800b178   0x00000648   Code   RO         4485    i.f_mkfs            ff.o
    0x0800b7c0   0x0000005c   Code   RO         4486    i.f_mount           ff.o
    0x0800b81c   0x00000164   Code   RO         4487    i.f_open            ff.o
    0x0800b980   0x000001ec   Code   RO         4495    i.f_setlabel        ff.o
    0x0800bb6c   0x000000a6   Code   RO         4499    i.f_unlink          ff.o
    0x0800bc12   0x00000002   PAD
    0x0800bc14   0x00000394   Code   RO         4502    i.find_volume       ff.o
    0x0800bfa8   0x00000090   Code   RO         4503    i.follow_path       ff.o
    0x0800c038   0x00000010   Code   RO         1333    i.fputc             simulate_usart.o
    0x0800c048   0x000000f2   Code   RO         4504    i.get_fat           ff.o
    0x0800c13a   0x00000004   Code   RO         4411    i.get_fattime       diskio.o
    0x0800c13e   0x0000004a   Code   RO         4506    i.get_ldnumber      ff.o
    0x0800c188   0x0000001c   Code   RO         1107    i.isValidFac        gprs_jiankong.o
    0x0800c1a4   0x0000002c   Code   RO         1108    i.isValidID         gprs_jiankong.o
    0x0800c1d0   0x000000cc   Code   RO         1109    i.isValidIP         gprs_jiankong.o
    0x0800c29c   0x00000032   Code   RO         1110    i.isValidPhone      gprs_jiankong.o
    0x0800c2ce   0x00000020   Code   RO         4507    i.ld_clust          ff.o
    0x0800c2ee   0x00000002   PAD
    0x0800c2f0   0x00000038   Code   RO            1    i.led0_task         main.o
    0x0800c328   0x00000038   Code   RO            2    i.led1_task         main.o
    0x0800c360   0x00000028   Code   RO            3    i.logrev_task       main.o
    0x0800c388   0x0000018c   Code   RO            4    i.main              main.o
    0x0800c514   0x00000026   Code   RO         4508    i.mem_cmp           ff.o
    0x0800c53a   0x0000001a   Code   RO         4509    i.mem_cpy           ff.o
    0x0800c554   0x00000014   Code   RO         4510    i.mem_set           ff.o
    0x0800c568   0x0000044c   Code   RO         1111    i.monitor_factory   gprs_jiankong.o
    0x0800c9b4   0x00000034   Code   RO         4511    i.move_window       ff.o
    0x0800c9e8   0x00000044   Code   RO         1177    i.my_mem_init       malloc.o
    0x0800ca2c   0x000000a8   Code   RO         1178    i.my_mem_malloc     malloc.o
    0x0800cad4   0x00000040   Code   RO         1179    i.my_mem_perused    malloc.o
    0x0800cb14   0x00000028   Code   RO         1181    i.mymalloc          malloc.o
    0x0800cb3c   0x00000014   Code   RO         1183    i.mymemset          malloc.o
    0x0800cb50   0x0000001e   Code   RO         1112    i.pick_up_fac       gprs_jiankong.o
    0x0800cb6e   0x00000024   Code   RO         1113    i.pick_up_id        gprs_jiankong.o
    0x0800cb92   0x00000024   Code   RO         1114    i.pick_up_ip        gprs_jiankong.o
    0x0800cbb6   0x00000002   PAD
    0x0800cbb8   0x0000004c   Code   RO         1115    i.pick_up_phone     gprs_jiankong.o
    0x0800cc04   0x00000142   Code   RO         4512    i.put_fat           ff.o
    0x0800cd46   0x0000006c   Code   RO         4514    i.remove_chain      ff.o
    0x0800cdb2   0x0000000c   Code   RO            5    i.sensor_task       main.o
    0x0800cdbe   0x00000010   Code   RO         4515    i.st_clust          ff.o
    0x0800cdce   0x00000002   PAD
    0x0800cdd0   0x00000080   Code   RO            6    i.start_task        main.o
    0x0800ce50   0x000000c8   Code   RO         4516    i.sync_fs           ff.o
    0x0800cf18   0x00000052   Code   RO         4517    i.sync_window       ff.o
    0x0800cf6a   0x00000002   PAD
    0x0800cf6c   0x000000c0   Code   RO         1467    i.uart_init         usart.o
    0x0800d02c   0x0000000a   Code   RO            7    i.ublox_task        main.o
    0x0800d036   0x00000002   PAD
    0x0800d038   0x0000002c   Code   RO         5107    locale$$code        c_w.l(lc_ctype_c.o)
    0x0800d064   0x0000005a   Code   RO         4910    x$fpl$dfixu         fz_ws.l(dfixu.o)
    0x0800d0be   0x00000026   Code   RO         4914    x$fpl$dfltu         fz_ws.l(dflt_clz.o)
    0x0800d0e4   0x00000154   Code   RO         4920    x$fpl$dmul          fz_ws.l(dmul.o)
    0x0800d238   0x0000009c   Code   RO         5007    x$fpl$dnaninf       fz_ws.l(dnaninf.o)
    0x0800d2d4   0x0000000c   Code   RO         5009    x$fpl$dretinf       fz_ws.l(dretinf.o)
    0x0800d2e0   0x00000000   Code   RO         5021    x$fpl$usenofp       fz_ws.l(usenofp.o)
    0x0800d2e0   0x00000018   Data   RO         1188    .constdata          malloc.o
    0x0800d2f8   0x00000100   Data   RO         3563    .constdata          os_core.o
    0x0800d3f8   0x0000002c   Data   RO         4519    .constdata          ff.o
    0x0800d424   0x00000028   Data   RO         4860    .constdata          c_w.l(_printf_hex_int_ll_ptr.o)
    0x0800d44c   0x00000011   Data   RO         4880    .constdata          c_w.l(__printf_flags_ss_wp.o)
    0x0800d45d   0x00000003   PAD
    0x0800d460   0x00000020   Data   RO         5234    Region$$Table       anon$$obj.o
    0x0800d480   0x00000110   Data   RO         5106    locale$$data        c_w.l(lc_ctype_c.o)


    Execution Region ER_RW (Base: 0x20000000, Size: 0x000000fc, Max: 0xffffffff, ABSOLUTE)

    Base Addr    Size         Type   Attr      Idx    E Section Name        Object

    0x20000000   0x00000014   Data   RW          317    .data               system_stm32f10x.o
    0x20000014   0x00000010   Data   RW          391    .data               sdio_sdcard.o
    0x20000024   0x00000002   Data   RW          916    .data               w25qxx.o
    0x20000026   0x00000002   PAD
    0x20000028   0x0000001c   Data   RW         1189    .data               malloc.o
    0x20000044   0x00000004   Data   RW         1253    .data               delay.o
    0x20000048   0x00000015   Data   RW         1335    .data               simulate_usart.o
    0x2000005d   0x00000002   Data   RW         1401    .data               timer.o
    0x2000005f   0x00000001   PAD
    0x20000060   0x00000006   Data   RW         1469    .data               usart.o
    0x20000066   0x00000014   Data   RW         1732    .data               stm32f10x_rcc.o
    0x2000007a   0x00000002   PAD
    0x2000007c   0x00000048   Data   RW         3564    .data               os_core.o
    0x200000c4   0x00000002   Data   RW         4412    .data               diskio.o
    0x200000c6   0x00000002   PAD
    0x200000c8   0x0000000a   Data   RW         4520    .data               ff.o
    0x200000d2   0x00000002   PAD
    0x200000d4   0x00000028   Data   RW         4784    .data               exfuns.o


    Execution Region ER_ZI (Base: 0x200000fc, Size: 0x00006b94, Max: 0xffffffff, ABSOLUTE)

    Base Addr    Size         Type   Attr      Idx    E Section Name        Object

    0x200000fc   0x00001100   Zero   RW            8    .bss                main.o
    0x200011fc   0x00000004   PAD
    0x20001200   0x000002c0   Zero   RW          390    .bss                sdio_sdcard.o
    0x200014c0   0x0000000e   Zero   RW          596    .bss                ili93xx.o
    0x200014ce   0x00001000   Zero   RW          915    .bss                w25qxx.o
    0x200024ce   0x00000800   Zero   RW         1069    .bss                flash.o
    0x20002cce   0x00000012   PAD
    0x20002ce0   0x00002a80   Zero   RW         1187    .bss                malloc.o
    0x20005760   0x00000064   Zero   RW         1334    .bss                simulate_usart.o
    0x200057c4   0x00000004   PAD
    0x200057c8   0x000003e8   Zero   RW         1468    .bss                usart.o
    0x20005bb0   0x00000a80   Zero   RW         3562    .bss                os_core.o
    0x20006630   0x00000060   Zero   RW         5023    .bss                c_w.l(libspace.o)
    0x20006690   0x00000200   Zero   RW         1544    HEAP                startup_stm32f10x_hd.o
    0x20006890   0x00000400   Zero   RW         1543    STACK               startup_stm32f10x_hd.o



  Load Region LR$$.ARM.__AT_0x68000000 (Base: 0x68000000, Size: 0x00000000, Max: 0x000c8000, ABSOLUTE)

    Execution Region ER$$.ARM.__AT_0x68000000 (Base: 0x68000000, Size: 0x000c8000, Max: 0x000c8000, ABSOLUTE, UNINIT)

    Base Addr    Size         Type   Attr      Idx    E Section Name        Object

    0x68000000   0x000c8000   Zero   RW         1185    .ARM.__AT_0x68000000  malloc.o



  Load Region LR$$.ARM.__AT_0x680C8000 (Base: 0x680c8000, Size: 0x00000000, Max: 0x0000c800, ABSOLUTE)

    Execution Region ER$$.ARM.__AT_0x680C8000 (Base: 0x680c8000, Size: 0x0000c800, Max: 0x0000c800, ABSOLUTE, UNINIT)

    Base Addr    Size         Type   Attr      Idx    E Section Name        Object

    0x680c8000   0x0000c800   Zero   RW         1186    .ARM.__AT_0x680C8000  malloc.o


==============================================================================

Image component sizes


      Code (inc. data)   RO Data    RW Data    ZI Data      Debug   Object Name

       208          8          0          0          0        900   can.o
       320         40          0          4          0       3757   delay.o
       426          8          0          2          0       5489   diskio.o
       258         28          0         40          0       2476   exfuns.o
         0          0          0          0          0       2592   fattester.o
      6830        132         44         10          0      28231   ff.o
       310         10          0          0       2048       3349   flash.o
      1696        582          0          0          0       6709   gprs_jiankong.o
     21514        154          0          0         14      21945   ili93xx.o
        52          6          0          0          0        487   led.o
       698        252          0          0       4352     318618   main.o
       360         42         24         28     881280       4634   malloc.o
       192         30          0          0          0       2583   misc.o
      1938        382        256         72       2688      19027   os_core.o
       180         36          0          0          0        328   os_cpu_a.o
       170          0          0          0          0      12743   os_cpu_c.o
        88         14          0          0          0        586   os_flag.o
        80          8          0          0          0        559   os_q.o
       790         64          0          0          0       5240   os_task.o
       120         20          0          0          0        616   os_time.o
      7174        384          0         16        704      32534   sdio_sdcard.o
       664         76          0         21        100       6060   simulate_usart.o
       268         18          0          0          0       1749   spi.o
        64         26        304          0       1536        796   startup_stm32f10x_hd.o
       540          6          0          0          0       2388   stm32f10x_can.o
       416          8          0          0          0       3414   stm32f10x_dma.o
       184         16          0          0          0       2066   stm32f10x_exti.o
       274         30          0          0          0       3370   stm32f10x_flash.o
       282          6          0          0          0       1809   stm32f10x_fsmc.o
       368          4          0          0          0       4238   stm32f10x_gpio.o
        22          0          0          0          0       2867   stm32f10x_it.o
       372         50          0         20          0       6132   stm32f10x_rcc.o
       304         72          0          0          0       7998   stm32f10x_sdio.o
       112          0          0          0          0       3798   stm32f10x_spi.o
       274         42          0          0          0       5180   stm32f10x_tim.o
       582         28          0          0          0       6116   stm32f10x_usart.o
         8          0          0          0          0        861   sys.o
       328         28          0         20          0       2077   system_stm32f10x.o
       704         30          0          2          0       4923   timer.o
       528         54          0          6       1000       6411   usart.o
       752         68          0          2       4096       6645   w25qxx.o

    ----------------------------------------------------------------------
     50506       2762        660        252     897844     552301   Object Totals
         0          0         32          0          0          0   (incl. Generated)
        56          0          0          9         26          0   (incl. Padding)

    ----------------------------------------------------------------------

      Code (inc. data)   RO Data    RW Data    ZI Data      Debug   Library Member Name

        24          4          0          0          0         84   __2printf.o
         8          0          0          0          0         68   __main.o
       392          4         17          0          0         92   __printf_flags_ss_wp.o
        14          0          0          0          0         68   __printf_wp.o
        52          8          0          0          0          0   __scatter.o
        26          0          0          0          0          0   __scatter_copy.o
        28          0          0          0          0          0   __scatter_zi.o
        28          0          0          0          0         68   _chval.o
        44          0          0          0          0        108   _printf_char.o
        48          6          0          0          0         96   _printf_char_common.o
        36          4          0          0          0         80   _printf_char_file.o
         6          0          0          0          0          0   _printf_d.o
       116         16          0          0          0         92   _printf_dec.o
       148          4         40          0          0        160   _printf_hex_int_ll_ptr.o
       178          0          0          0          0         88   _printf_intcommon.o
         0          0          0          0          0          0   _printf_percent.o
         4          0          0          0          0          0   _printf_percent_end.o
         6          0          0          0          0          0   _printf_s.o
        82          0          0          0          0         80   _printf_str.o
         6          0          0          0          0          0   _printf_x.o
       158          0          0          0          0         92   _strtoul.o
        26          0          0          0          0         80   atoi.o
        12          0          0          0          0         72   exit.o
         8          0          0          0          0         68   ferror.o
         6          0          0          0          0        152   heapauxi.o
        44         10        272          0          0         76   lc_ctype_c.o
         2          0          0          0          0          0   libinit.o
        20          0          0          0          0          0   libinit2.o
         2          0          0          0          0          0   libshutdown.o
         2          0          0          0          0          0   libshutdown2.o
         8          4          0          0         96         68   libspace.o
        16          4          0          0          0         76   rt_ctype_table.o
         8          4          0          0          0         68   rt_errno_addr_intlibspace.o
         8          4          0          0          0         68   rt_locale_intlibspace.o
        68          0          0          0          0         68   rt_memclr.o
        78          0          0          0          0         80   rt_memclr_w.o
       138          0          0          0          0         68   rt_memcpy_v6.o
       100          0          0          0          0         80   rt_memcpy_w.o
         0          0          0          0          0          0   rtentry.o
        12          0          0          0          0          0   rtentry2.o
         6          0          0          0          0          0   rtentry4.o
         2          0          0          0          0          0   rtexit.o
        10          0          0          0          0          0   rtexit2.o
       128          0          0          0          0         68   strcmpv7m.o
        32          0          0          0          0         80   strcspn.o
        62          0          0          0          0         76   strlen.o
        28          0          0          0          0         80   strspn.o
        36          0          0          0          0         80   strstr.o
        68          4          0          0          0         84   strtok_int.o
         4          0          0          0          0         68   strtok_r.o
       112          0          0          0          0         88   strtol.o
        74          0          0          0          0         80   sys_stackheap_outer.o
         2          0          0          0          0         68   use_no_semi.o
         2          0          0          0          0         68   use_no_semi_2.o
        90          4          0          0          0         92   dfixu.o
        38          0          0          0          0         68   dflt_clz.o
       340         12          0          0          0        104   dmul.o
       156          4          0          0          0         92   dnaninf.o
        12          0          0          0          0         68   dretinf.o
         0          0          0          0          0          0   usenofp.o

    ----------------------------------------------------------------------
      3174         96        332          0         96       3464   Library Totals
        10          0          3          0          0          0   (incl. Padding)

    ----------------------------------------------------------------------

      Code (inc. data)   RO Data    RW Data    ZI Data      Debug   Library Name

      2528         76        329          0         96       3040   c_w.l
       636         20          0          0          0        424   fz_ws.l

    ----------------------------------------------------------------------
      3174         96        332          0         96       3464   Library Totals

    ----------------------------------------------------------------------

==============================================================================


      Code (inc. data)   RO Data    RW Data    ZI Data      Debug   

     53680       2858        992        252     897940     540369   Grand Totals
     53680       2858        992        252     897940     540369   ELF Image Totals
     53680       2858        992        252          0          0   ROM Totals

==============================================================================

    Total RO  Size (Code + RO Data)                54672 (  53.39kB)
    Total RW  Size (RW Data + ZI Data)            898192 ( 877.14kB)
    Total ROM Size (Code + RO Data + RW Data)      54924 (  53.64kB)

==============================================================================

