Product: MDK-ARM Standard 5.10
Component: ARM Compiler 5.04 update 1 (build 49)
Tool: armlink [5040049]

==============================================================================

Section Cross References

    main.o(i.led0_task) refers to __2printf.o(.text) for __2printf
    main.o(i.led0_task) refers to delay.o(i.delay_ms) for delay_ms
    main.o(i.led1_task) refers to __2printf.o(.text) for __2printf
    main.o(i.led1_task) refers to delay.o(i.delay_ms) for delay_ms
    main.o(i.logrev_task) refers to delay.o(i.delay_ms) for delay_ms
    main.o(i.main) refers to _printf_percent.o(.ARM.Collect$$_printf_percent$$00000000) for _printf_percent
    main.o(i.main) refers to _printf_d.o(.ARM.Collect$$_printf_percent$$00000009) for _printf_d
    main.o(i.main) refers to _printf_dec.o(.text) for _printf_int_dec
    main.o(i.main) refers to delay.o(i.delay_init) for delay_init
    main.o(i.main) refers to timer.o(i.NVIC_Configuration) for NVIC_Configuration
    main.o(i.main) refers to led.o(i.LED_Init) for LED_Init
    main.o(i.main) refers to timer.o(i.TIM5_Configuration) for TIM5_Configuration
    main.o(i.main) refers to usart.o(i.uart_init) for uart_init
    main.o(i.main) refers to usart2.o(i.uart2_init) for uart2_init
    main.o(i.main) refers to simulate_usart.o(i.Simulate_Usart) for Simulate_Usart
    main.o(i.main) refers to w25qxx.o(i.W25QXX_Init) for W25QXX_Init
    main.o(i.main) refers to ili93xx.o(i.TFTLCD_Init) for TFTLCD_Init
    main.o(i.main) refers to mc8618.o(i.mc8618_power_on) for mc8618_power_on
    main.o(i.main) refers to can.o(i.CAN_Mode_Init) for CAN_Mode_Init
    main.o(i.main) refers to exfuns.o(i.exfuns_init) for exfuns_init
    main.o(i.main) refers to ff.o(i.f_mount) for f_mount
    main.o(i.main) refers to exfuns.o(i.exf_getfree) for exf_getfree
    main.o(i.main) refers to delay.o(i.delay_ms) for delay_ms
    main.o(i.main) refers to __2printf.o(.text) for __2printf
    main.o(i.main) refers to ff.o(i.f_mkfs) for f_mkfs
    main.o(i.main) refers to ff.o(i.f_setlabel) for f_setlabel
    main.o(i.main) refers to ff.o(i.f_unlink) for f_unlink
    main.o(i.main) refers to ff.o(i.f_open) for f_open
    main.o(i.main) refers to gprs_jiankong.o(i.Is_Enter_facotry) for Is_Enter_facotry
    main.o(i.main) refers to os_core.o(i.OSInit) for OSInit
    main.o(i.main) refers to os_task.o(i.OSTaskCreate) for OSTaskCreate
    main.o(i.main) refers to os_core.o(i.OSStart) for OSStart
    main.o(i.main) refers to exfuns.o(.data) for fs
    main.o(i.main) refers to main.o(.bss) for START_TASK_STK
    main.o(i.main) refers to main.o(i.start_task) for start_task
    main.o(i.sensor_task) refers to delay.o(i.delay_ms) for delay_ms
    main.o(i.start_task) refers to os_cpu_a.o(.text) for OS_CPU_SR_Save
    main.o(i.start_task) refers to os_task.o(i.OSTaskCreate) for OSTaskCreate
    main.o(i.start_task) refers to os_task.o(i.OSTaskSuspend) for OSTaskSuspend
    main.o(i.start_task) refers to main.o(.bss) for UBLOX_TASK_STK
    main.o(i.start_task) refers to main.o(i.ublox_task) for ublox_task
    main.o(i.start_task) refers to main.o(i.sensor_task) for sensor_task
    main.o(i.start_task) refers to main.o(i.logrev_task) for logrev_task
    main.o(i.start_task) refers to main.o(i.led0_task) for led0_task
    main.o(i.start_task) refers to main.o(i.led1_task) for led1_task
    main.o(i.ublox_task) refers to delay.o(i.delay_ms) for delay_ms
    system_stm32f10x.o(i.SetSysClock) refers to system_stm32f10x.o(i.SetSysClockTo72) for SetSysClockTo72
    system_stm32f10x.o(i.SystemCoreClockUpdate) refers to system_stm32f10x.o(.data) for SystemCoreClock
    system_stm32f10x.o(i.SystemInit) refers to system_stm32f10x.o(i.SetSysClock) for SetSysClock
    led.o(i.LED_Init) refers to stm32f10x_rcc.o(i.RCC_APB2PeriphClockCmd) for RCC_APB2PeriphClockCmd
    led.o(i.LED_Init) refers to stm32f10x_gpio.o(i.GPIO_Init) for GPIO_Init
    led.o(i.LED_Init) refers to stm32f10x_gpio.o(i.GPIO_ResetBits) for GPIO_ResetBits
    sdio_sdcard.o(i.CmdError) refers to stm32f10x_sdio.o(i.SDIO_GetFlagStatus) for SDIO_GetFlagStatus
    sdio_sdcard.o(i.CmdError) refers to stm32f10x_sdio.o(i.SDIO_ClearFlag) for SDIO_ClearFlag
    sdio_sdcard.o(i.CmdResp1Error) refers to stm32f10x_sdio.o(i.SDIO_GetFlagStatus) for SDIO_GetFlagStatus
    sdio_sdcard.o(i.CmdResp1Error) refers to stm32f10x_sdio.o(i.SDIO_ClearFlag) for SDIO_ClearFlag
    sdio_sdcard.o(i.CmdResp2Error) refers to stm32f10x_sdio.o(i.SDIO_ClearFlag) for SDIO_ClearFlag
    sdio_sdcard.o(i.CmdResp2Error) refers to stm32f10x_sdio.o(i.SDIO_GetFlagStatus) for SDIO_GetFlagStatus
    sdio_sdcard.o(i.CmdResp3Error) refers to stm32f10x_sdio.o(i.SDIO_GetFlagStatus) for SDIO_GetFlagStatus
    sdio_sdcard.o(i.CmdResp3Error) refers to stm32f10x_sdio.o(i.SDIO_ClearFlag) for SDIO_ClearFlag
    sdio_sdcard.o(i.CmdResp6Error) refers to stm32f10x_sdio.o(i.SDIO_GetFlagStatus) for SDIO_GetFlagStatus
    sdio_sdcard.o(i.CmdResp6Error) refers to stm32f10x_sdio.o(i.SDIO_ClearFlag) for SDIO_ClearFlag
[...]
    EXTI9_5_IRQHandler                       0x0800020f   Thumb Code     0  startup_stm32f10x_hd.o(.text)
    FLASH_IRQHandler                         0x0800020f   Thumb Code     0  startup_stm32f10x_hd.o(.text)
    FSMC_IRQHandler                          0x0800020f   Thumb Code     0  startup_stm32f10x_hd.o(.text)
    I2C1_ER_IRQHandler                       0x0800020f   Thumb Code     0  startup_stm32f10x_hd.o(.text)
    I2C1_EV_IRQHandler                       0x0800020f   Thumb Code     0  startup_stm32f10x_hd.o(.text)
    I2C2_ER_IRQHandler                       0x0800020f   Thumb Code     0  startup_stm32f10x_hd.o(.text)
    I2C2_EV_IRQHandler                       0x0800020f   Thumb Code     0  startup_stm32f10x_hd.o(.text)
    PVD_IRQHandler                           0x0800020f   Thumb Code     0  startup_stm32f10x_hd.o(.text)
    RCC_IRQHandler                           0x0800020f   Thumb Code     0  startup_stm32f10x_hd.o(.text)
    RTCAlarm_IRQHandler                      0x0800020f   Thumb Code     0  startup_stm32f10x_hd.o(.text)
    RTC_IRQHandler                           0x0800020f   Thumb Code     0  startup_stm32f10x_hd.o(.text)
    SPI1_IRQHandler                          0x0800020f   Thumb Code     0  startup_stm32f10x_hd.o(.text)
    SPI2_IRQHandler                          0x0800020f   Thumb Code     0  startup_stm32f10x_hd.o(.text)
    SPI3_IRQHandler                          0x0800020f   Thumb Code     0  startup_stm32f10x_hd.o(.text)
    TAMPER_IRQHandler                        0x0800020f   Thumb Code     0  startup_stm32f10x_hd.o(.text)
    TIM1_BRK_IRQHandler                      0x0800020f   Thumb Code     0  startup_stm32f10x_hd.o(.text)
    TIM1_CC_IRQHandler                       0x0800020f   Thumb Code     0  startup_stm32f10x_hd.o(.text)
    TIM1_TRG_COM_IRQHandler                  0x0800020f   Thumb Code     0  startup_stm32f10x_hd.o(.text)
    TIM3_IRQHandler                          0x0800020f   Thumb Code     0  startup_stm32f10x_hd.o(.text)
    TIM7_IRQHandler                          0x0800020f   Thumb Code     0  startup_stm32f10x_hd.o(.text)
    TIM8_BRK_IRQHandler                      0x0800020f   Thumb Code     0  startup_stm32f10x_hd.o(.text)
    TIM8_CC_IRQHandler                       0x0800020f   Thumb Code     0  startup_stm32f10x_hd.o(.text)
    TIM8_TRG_COM_IRQHandler                  0x0800020f   Thumb Code     0  startup_stm32f10x_hd.o(.text)
    TIM8_UP_IRQHandler                       0x0800020f   Thumb Code     0  startup_stm32f10x_hd.o(.text)
    UART4_IRQHandler                         0x0800020f   Thumb Code     0  startup_stm32f10x_hd.o(.text)
    UART5_IRQHandler                         0x0800020f   Thumb Code     0  startup_stm32f10x_hd.o(.text)
    USART3_IRQHandler                        0x0800020f   Thumb Code     0  startup_stm32f10x_hd.o(.text)
    USBWakeUp_IRQHandler                     0x0800020f   Thumb Code     0  startup_stm32f10x_hd.o(.text)
    USB_HP_CAN1_TX_IRQHandler                0x0800020f   Thumb Code     0  startup_stm32f10x_hd.o(.text)
    USB_LP_CAN1_RX0_IRQHandler               0x0800020f   Thumb Code     0  startup_stm32f10x_hd.o(.text)
    WWDG_IRQHandler                          0x0800020f   Thumb Code     0  startup_stm32f10x_hd.o(.text)
    __user_initial_stackheap                 0x08000211   Thumb Code     0  startup_stm32f10x_hd.o(.text)
    OS_CPU_SR_Save                           0x08000235   Thumb Code     0  os_cpu_a.o(.text)
    OS_CPU_SR_Restore                        0x0800023d   Thumb Code     0  os_cpu_a.o(.text)
    OSStartHighRdy                           0x08000243   Thumb Code     0  os_cpu_a.o(.text)
    OSCtxSw                                  0x08000265   Thumb Code     0  os_cpu_a.o(.text)
    OSIntCtxSw                               0x08000273   Thumb Code     0  os_cpu_a.o(.text)
    PendSV_Handler                           0x08000283   Thumb Code     0  os_cpu_a.o(.text)
    __use_no_semihosting                     0x080002e9   Thumb Code     2  use_no_semi_2.o(.text)
    __2printf                                0x080002ed   Thumb Code    20  __2printf.o(.text)
    _printf_str                              0x08000305   Thumb Code    82  _printf_str.o(.text)
    _printf_int_dec                          0x08000359   Thumb Code   100  _printf_dec.o(.text)
    _printf_longlong_hex                     0x080003cd   Thumb Code    86  _printf_hex_int_ll_ptr.o(.text)
    _printf_int_hex                          0x08000423   Thumb Code    28  _printf_hex_int_ll_ptr.o(.text)
    _printf_ll_hex                           0x0800043f   Thumb Code    12  _printf_hex_int_ll_ptr.o(.text)
    _printf_hex_ptr                          0x0800044b   Thumb Code    18  _printf_hex_int_ll_ptr.o(.text)
    __printf                                 0x08000461   Thumb Code   388  __printf_flags_ss_wp.o(.text)
    atoi                                     0x080005e9   Thumb Code    26  atoi.o(.text)
    _strtok_r                                0x08000603   Thumb Code     4  strtok_r.o(.text)
    strtok_r                                 0x08000603   Thumb Code     0  strtok_r.o(.text)
    strstr                                   0x08000607   Thumb Code    36  strstr.o(.text)
    strlen                                   0x0800062b   Thumb Code    62  strlen.o(.text)
    __aeabi_memcpy                           0x08000669   Thumb Code     0  rt_memcpy_v6.o(.text)
    __rt_memcpy                              0x08000669   Thumb Code   138  rt_memcpy_v6.o(.text)
    _memcpy_lastbytes                        0x080006cf   Thumb Code     0  rt_memcpy_v6.o(.text)
    __aeabi_memclr                           0x080006f3   Thumb Code     0  rt_memclr.o(.text)
    __rt_memclr                              0x080006f3   Thumb Code    68  rt_memclr.o(.text)
    _memset                                  0x080006f7   Thumb Code     0  rt_memclr.o(.text)
    __aeabi_memclr4                          0x08000737   Thumb Code     0  rt_memclr_w.o(.text)
    __aeabi_memclr8                          0x08000737   Thumb Code     0  rt_memclr_w.o(.text)
    __rt_memclr_w                            0x08000737   Thumb Code    78  rt_memclr_w.o(.text)
    _memset_w                                0x0800073b   Thumb Code     0  rt_memclr_w.o(.text)
    strcmp                                   0x08000785   Thumb Code   128  strcmpv7m.o(.text)
    __use_two_region_memory                  0x08000805   Thumb Code     2  heapauxi.o(.text)
    __rt_heap_escrow$2region                 0x08000807   Thumb Code     2  heapauxi.o(.text)
    __rt_heap_expand$2region                 0x08000809   Thumb Code     2  heapauxi.o(.text)
    __I$use$semihosting                      0x0800080b   Thumb Code     0  use_no_semi.o(.text)
    __use_no_semihosting_swi                 0x0800080b   Thumb Code     2  use_no_semi.o(.text)
    __aeabi_errno_addr                       0x0800080d   Thumb Code     8  rt_errno_addr_intlibspace.o(.text)
    __errno$intlibspace                      0x0800080d   Thumb Code     0  rt_errno_addr_intlibspace.o(.text)
    __rt_errno_addr$intlibspace              0x0800080d   Thumb Code     0  rt_errno_addr_intlibspace.o(.text)
    _printf_int_common                       0x08000815   Thumb Code   178  _printf_intcommon.o(.text)
    _printf_char_common                      0x080008d3   Thumb Code    32  _printf_char_common.o(.text)
    _printf_cs_common                        0x080008f9   Thumb Code    20  _printf_char.o(.text)
    _printf_char                             0x0800090d   Thumb Code    16  _printf_char.o(.text)
    _printf_string                           0x0800091d   Thumb Code     8  _printf_char.o(.text)
    _printf_char_file                        0x08000925   Thumb Code    32  _printf_char_file.o(.text)
    strtol                                   0x08000949   Thumb Code   112  strtol.o(.text)
    __strtok_internal                        0x080009b9   Thumb Code    64  strtok_int.o(.text)
    __aeabi_memcpy4                          0x080009fd   Thumb Code     0  rt_memcpy_w.o(.text)
    __aeabi_memcpy8                          0x080009fd   Thumb Code     0  rt_memcpy_w.o(.text)
    __rt_memcpy_w                            0x080009fd   Thumb Code   100  rt_memcpy_w.o(.text)
    _memcpy_lastbytes_aligned                0x08000a45   Thumb Code     0  rt_memcpy_w.o(.text)
    __user_libspace                          0x08000a61   Thumb Code     8  libspace.o(.text)
    __user_perproc_libspace                  0x08000a61   Thumb Code     0  libspace.o(.text)
    __user_perthread_libspace                0x08000a61   Thumb Code     0  libspace.o(.text)
    __rt_ctype_table                         0x08000a69   Thumb Code    16  rt_ctype_table.o(.text)
    __rt_locale                              0x08000a79   Thumb Code     8  rt_locale_intlibspace.o(.text)
    _strtoul                                 0x08000a81   Thumb Code   158  _strtoul.o(.text)
    ferror                                   0x08000b1f   Thumb Code     8  ferror.o(.text)
    strcspn                                  0x08000b27   Thumb Code    32  strcspn.o(.text)
    strspn                                   0x08000b47   Thumb Code    28  strspn.o(.text)
    __user_setup_stackheap                   0x08000b63   Thumb Code    74  sys_stackheap_outer.o(.text)
    _chval                                   0x08000bad   Thumb Code    28  _chval.o(.text)
    exit                                     0x08000bc9   Thumb Code    12  exit.o(.text)
    BusFault_Handler                         0x08000bd5   Thumb Code     4  stm32f10x_it.o(i.BusFault_Handler)
    CAN_FilterInit                           0x08000bd9   Thumb Code   258  stm32f10x_can.o(i.CAN_FilterInit)
    CAN_Init                                 0x08000ce1   Thumb Code   276  stm32f10x_can.o(i.CAN_Init)
    CAN_Mode_Init                            0x08000df5   Thumb Code   200  can.o(i.CAN_Mode_Init)
    CLR_Buf2                                 0x08000ec5   Thumb Code    22  mc8618.o(i.CLR_Buf2)
    Clr_Usart_Data                           0x08000ee1   Thumb Code    14  simulate_usart.o(i.Clr_Usart_Data)
    CmdError                                 0x08000ef9   Thumb Code    48  sdio_sdcard.o(i.CmdError)
    CmdResp1Error                            0x08000f29   Thumb Code    90  sdio_sdcard.o(i.CmdResp1Error)
    CmdResp2Error                            0x08000f89   Thumb Code    80  sdio_sdcard.o(i.CmdResp2Error)
    CmdResp3Error                            0x08000fdd   Thumb Code    50  sdio_sdcard.o(i.CmdResp3Error)
    CmdResp6Error                            0x08001015   Thumb Code   140  sdio_sdcard.o(i.CmdResp6Error)
    CmdResp7Error                            0x080010a5   Thumb Code    70  sdio_sdcard.o(i.CmdResp7Error)
    DMA_Cmd                                  0x080010f1   Thumb Code    24  stm32f10x_dma.o(i.DMA_Cmd)
    DMA_DeInit                               0x08001109   Thumb Code   324  stm32f10x_dma.o(i.DMA_DeInit)
    DMA_Init                                 0x08001255   Thumb Code    60  stm32f10x_dma.o(i.DMA_Init)
    DebugMon_Handler                         0x08001291   Thumb Code     2  stm32f10x_it.o(i.DebugMon_Handler)
    Delay_Ms                                 0x08001295   Thumb Code    62  timer.o(i.Delay_Ms)
    EXTI3_IRQHandler                         0x080012d9   Thumb Code    94  simulate_usart.o(i.EXTI3_IRQHandler)
    EXTI_ClearITPendingBit                   0x08001349   Thumb Code     6  stm32f10x_exti.o(i.EXTI_ClearITPendingBit)
    EXTI_Configuration                       0x08001355   Thumb Code    76  simulate_usart.o(i.EXTI_Configuration)
    EXTI_GetFlagStatus                       0x080013a1   Thumb Code    20  stm32f10x_exti.o(i.EXTI_GetFlagStatus)
    EXTI_Init                                0x080013b9   Thumb Code   142  stm32f10x_exti.o(i.EXTI_Init)
    FLASH_ErasePage                          0x0800144d   Thumb Code    72  stm32f10x_flash.o(i.FLASH_ErasePage)
    FLASH_GetBank1Status                     0x08001499   Thumb Code    48  stm32f10x_flash.o(i.FLASH_GetBank1Status)
    FLASH_Lock                               0x080014cd   Thumb Code    14  stm32f10x_flash.o(i.FLASH_Lock)
    FLASH_ProgramHalfWord                    0x080014e1   Thumb Code    60  stm32f10x_flash.o(i.FLASH_ProgramHalfWord)
    FLASH_Unlock                             0x08001521   Thumb Code    12  stm32f10x_flash.o(i.FLASH_Unlock)
    FLASH_WaitForLastOperation               0x08001539   Thumb Code    38  stm32f10x_flash.o(i.FLASH_WaitForLastOperation)
    FSMC_NORSRAMCmd                          0x08001561   Thumb Code    46  stm32f10x_fsmc.o(i.FSMC_NORSRAMCmd)
    FSMC_NORSRAMInit                         0x08001595   Thumb Code   230  stm32f10x_fsmc.o(i.FSMC_NORSRAMInit)
    FindSCR                                  0x0800167d   Thumb Code   386  sdio_sdcard.o(i.FindSCR)
    GPIO_Configuration                       0x08001811   Thumb Code    72  simulate_usart.o(i.GPIO_Configuration)
    GPIO_EXTILineConfig                      0x0800185d   Thumb Code    60  stm32f10x_gpio.o(i.GPIO_EXTILineConfig)
    GPIO_Init                                0x0800189d   Thumb Code   278  stm32f10x_gpio.o(i.GPIO_Init)
    GPIO_ReadInputDataBit                    0x080019b3   Thumb Code    18  stm32f10x_gpio.o(i.GPIO_ReadInputDataBit)
    GPIO_ResetBits                           0x080019c5   Thumb Code     4  stm32f10x_gpio.o(i.GPIO_ResetBits)
    GPIO_SetBits                             0x080019c9   Thumb Code     4  stm32f10x_gpio.o(i.GPIO_SetBits)
    GSM_send_cmd                             0x080019cd   Thumb Code   110  mc8618.o(i.GSM_send_cmd)
    HardFault_Handler                        0x08001a55   Thumb Code     4  stm32f10x_it.o(i.HardFault_Handler)
    INTX_DISABLE                             0x08001a59   Thumb Code     4  sys.o(i.INTX_DISABLE)
    INTX_ENABLE                              0x08001a5d   Thumb Code     4  sys.o(i.INTX_ENABLE)
    IsCardProgramming                        0x08001a61   Thumb Code   142  sdio_sdcard.o(i.IsCardProgramming)
    Is_Enter_facotry                         0x08001afd   Thumb Code    50  gprs_jiankong.o(i.Is_Enter_facotry)
    LCD_Clear                                0x08001b59   Thumb Code   100  ili93xx.o(i.LCD_Clear)
    LCD_Display_Dir                          0x08001bc5   Thumb Code   444  ili93xx.o(i.LCD_Display_Dir)
    LCD_RD_DATA                              0x08001d85   Thumb Code    14  ili93xx.o(i.LCD_RD_DATA)
    LCD_ReadReg                              0x08001d99   Thumb Code    22  ili93xx.o(i.LCD_ReadReg)
    LCD_SSD_BackLightSet                     0x08001db1   Thumb Code    80  ili93xx.o(i.LCD_SSD_BackLightSet)
    LCD_Scan_Dir                             0x08001e05   Thumb Code   744  ili93xx.o(i.LCD_Scan_Dir)
    LCD_SetCursor                            0x080020f1   Thumb Code   418  ili93xx.o(i.LCD_SetCursor)
    LCD_WR_DATA                              0x08002299   Thumb Code     6  ili93xx.o(i.LCD_WR_DATA)
    LCD_WR_REG                               0x080022a5   Thumb Code     6  ili93xx.o(i.LCD_WR_REG)
    LCD_WriteRAM_Prepare                     0x080022b1   Thumb Code    10  ili93xx.o(i.LCD_WriteRAM_Prepare)
    LCD_WriteReg                             0x080022c5   Thumb Code    10  ili93xx.o(i.LCD_WriteReg)
    LED_Init                                 0x080022d5   Thumb Code    46  led.o(i.LED_Init)
    MemManage_Handler                        0x08002309   Thumb Code     4  stm32f10x_it.o(i.MemManage_Handler)
    NMI_Handler                              0x0800230d   Thumb Code     2  stm32f10x_it.o(i.NMI_Handler)
    NVIC_Configuration                       0x0800230f   Thumb Code   312  timer.o(i.NVIC_Configuration)
    NVIC_Init                                0x08002449   Thumb Code   100  misc.o(i.NVIC_Init)
    NVIC_PriorityGroupConfig                 0x080024b9   Thumb Code    10  misc.o(i.NVIC_PriorityGroupConfig)
    NVIC_SetVectorTable                      0x080024cd   Thumb Code    12  misc.o(i.NVIC_SetVectorTable)
    OSInit                                   0x080024e1   Thumb Code    44  os_core.o(i.OSInit)
    OSInitHookBegin                          0x0800250d   Thumb Code     2  os_cpu_c.o(i.OSInitHookBegin)
    OSInitHookEnd                            0x0800250f   Thumb Code     2  os_cpu_c.o(i.OSInitHookEnd)
    OSIntEnter                               0x08002511   Thumb Code    28  os_core.o(i.OSIntEnter)
    OSIntExit                                0x08002535   Thumb Code   112  os_core.o(i.OSIntExit)
    OSSchedLock                              0x080025c5   Thumb Code    50  os_core.o(i.OSSchedLock)
    OSSchedUnlock                            0x08002605   Thumb Code    82  os_core.o(i.OSSchedUnlock)
    OSStart                                  0x08002665   Thumb Code    48  os_core.o(i.OSStart)
    OSTCBInitHook                            0x080026ad   Thumb Code     2  os_cpu_c.o(i.OSTCBInitHook)
    OSTaskCreate                             0x080026b1   Thumb Code   148  os_task.o(i.OSTaskCreate)
    OSTaskCreateExt                          0x08002751   Thumb Code   170  os_task.o(i.OSTaskCreateExt)
    OSTaskCreateHook                         0x08002809   Thumb Code     2  os_cpu_c.o(i.OSTaskCreateHook)
    OSTaskIdleHook                           0x0800280b   Thumb Code     2  os_cpu_c.o(i.OSTaskIdleHook)
    OSTaskNameSet                            0x0800280d   Thumb Code    98  os_task.o(i.OSTaskNameSet)
    OSTaskStatHook                           0x0800287d   Thumb Code     2  os_cpu_c.o(i.OSTaskStatHook)
    OSTaskStkChk                             0x08002881   Thumb Code   132  os_task.o(i.OSTaskStkChk)
    OSTaskStkInit                            0x0800290d   Thumb Code   154  os_cpu_c.o(i.OSTaskStkInit)
    OSTaskSuspend                            0x080029a9   Thumb Code   152  os_task.o(i.OSTaskSuspend)
    OSTaskSwHook                             0x08002a51   Thumb Code     2  os_cpu_c.o(i.OSTaskSwHook)
    OSTimeDly                                0x08002a55   Thumb Code   100  os_time.o(i.OSTimeDly)
    OSTimeTick                               0x08002acd   Thumb Code   210  os_core.o(i.OSTimeTick)
    OSTimeTickHook                           0x08002bb9   Thumb Code     2  os_cpu_c.o(i.OSTimeTickHook)
    OS_FlagInit                              0x08002bbd   Thumb Code    74  os_flag.o(i.OS_FlagInit)
    OS_MemClr                                0x08002e21   Thumb Code    18  os_core.o(i.OS_MemClr)
    OS_QInit                                 0x08002e35   Thumb Code    72  os_q.o(i.OS_QInit)
    OS_Sched                                 0x08002e85   Thumb Code    88  os_core.o(i.OS_Sched)
    OS_TCBInit                               0x08002f25   Thumb Code   278  os_core.o(i.OS_TCBInit)
    OS_TaskIdle                              0x08003059   Thumb Code    34  os_core.o(i.OS_TaskIdle)
    OS_TaskStat                              0x08003081   Thumb Code   116  os_core.o(i.OS_TaskStat)
    OS_TaskStatStkChk                        0x08003109   Thumb Code    54  os_core.o(i.OS_TaskStatStkChk)
    OS_TaskStkClr                            0x08003145   Thumb Code    26  os_task.o(i.OS_TaskStkClr)
    RCC_AHBPeriphClockCmd                    0x08003161   Thumb Code    26  stm32f10x_rcc.o(i.RCC_AHBPeriphClockCmd)
    RCC_APB1PeriphClockCmd                   0x08003181   Thumb Code    26  stm32f10x_rcc.o(i.RCC_APB1PeriphClockCmd)
    RCC_APB1PeriphResetCmd                   0x080031a1   Thumb Code    26  stm32f10x_rcc.o(i.RCC_APB1PeriphResetCmd)
    RCC_APB2PeriphClockCmd                   0x080031c1   Thumb Code    26  stm32f10x_rcc.o(i.RCC_APB2PeriphClockCmd)
    RCC_APB2PeriphResetCmd                   0x080031e1   Thumb Code    26  stm32f10x_rcc.o(i.RCC_APB2PeriphResetCmd)
    RCC_GetClocksFreq                        0x08003201   Thumb Code   192  stm32f10x_rcc.o(i.RCC_GetClocksFreq)
    SDEnWideBus                              0x080032d5   Thumb Code   158  sdio_sdcard.o(i.SDEnWideBus)
    SDIO_ClearFlag                           0x08003381   Thumb Code     6  stm32f10x_sdio.o(i.SDIO_ClearFlag)
    SDIO_ClockCmd                            0x0800338d   Thumb Code     6  stm32f10x_sdio.o(i.SDIO_ClockCmd)
    SDIO_Clock_Set                           0x08003399   Thumb Code    16  sdio_sdcard.o(i.SDIO_Clock_Set)
    SDIO_DMACmd                              0x080033ad   Thumb Code     6  stm32f10x_sdio.o(i.SDIO_DMACmd)
    SDIO_DataConfig                          0x080033b9   Thumb Code    42  stm32f10x_sdio.o(i.SDIO_DataConfig)
    SDIO_DeInit                              0x080033e9   Thumb Code    28  stm32f10x_sdio.o(i.SDIO_DeInit)
    SDIO_GetFlagStatus                       0x0800340d   Thumb Code    20  stm32f10x_sdio.o(i.SDIO_GetFlagStatus)
    SDIO_GetPowerState                       0x08003425   Thumb Code    10  stm32f10x_sdio.o(i.SDIO_GetPowerState)
    SDIO_IRQHandler                          0x08003435   Thumb Code     8  sdio_sdcard.o(i.SDIO_IRQHandler)
    SDIO_Init                                0x0800343d   Thumb Code    42  stm32f10x_sdio.o(i.SDIO_Init)
    SDIO_ReadData                            0x0800346d   Thumb Code     6  stm32f10x_sdio.o(i.SDIO_ReadData)
    SDIO_SendCommand                         0x08003479   Thumb Code    38  stm32f10x_sdio.o(i.SDIO_SendCommand)
    SDIO_SetPowerState                       0x080034a5   Thumb Code    22  stm32f10x_sdio.o(i.SDIO_SetPowerState)
    SDIO_WriteData                           0x080034c1   Thumb Code     6  stm32f10x_sdio.o(i.SDIO_WriteData)
    SD_DMA_Config                            0x080034cd   Thumb Code    94  sdio_sdcard.o(i.SD_DMA_Config)
    SD_EnableWideBusOperation                0x08003535   Thumb Code    94  sdio_sdcard.o(i.SD_EnableWideBusOperation)
    SD_GetCardInfo                           0x0800359d   Thumb Code   772  sdio_sdcard.o(i.SD_GetCardInfo)
    SD_Init                                  0x080038b1   Thumb Code   184  sdio_sdcard.o(i.SD_Init)
    SD_InitializeCards                       0x08003979   Thumb Code   316  sdio_sdcard.o(i.SD_InitializeCards)
    SD_PowerON                               0x08003acd   Thumb Code   450  sdio_sdcard.o(i.SD_PowerON)
    SD_ProcessIRQSrc                         0x08003ca9   Thumb Code   296  sdio_sdcard.o(i.SD_ProcessIRQSrc)
    SD_ReadBlock                             0x08003de5   Thumb Code   558  sdio_sdcard.o(i.SD_ReadBlock)
    SD_ReadDisk                              0x0800403d   Thumb Code   148  sdio_sdcard.o(i.SD_ReadDisk)
    SD_ReadMultiBlocks                       0x080040d5   Thumb Code   698  sdio_sdcard.o(i.SD_ReadMultiBlocks)
    SD_SelectDeselect                        0x080043bd   Thumb Code    42  sdio_sdcard.o(i.SD_SelectDeselect)
    SD_SetDeviceMode                         0x080043ed   Thumb Code    20  sdio_sdcard.o(i.SD_SetDeviceMode)
    SD_WriteBlock                            0x08004405   Thumb Code   844  sdio_sdcard.o(i.SD_WriteBlock)
    SD_WriteDisk                             0x08004779   Thumb Code   148  sdio_sdcard.o(i.SD_WriteDisk)
    SD_WriteMultiBlocks                      0x08004811   Thumb Code   920  sdio_sdcard.o(i.SD_WriteMultiBlocks)
    SPI1_Init                                0x08004bd1   Thumb Code   136  spi.o(i.SPI1_Init)
    SPI1_ReadWriteByte                       0x08004c61   Thumb Code    78  spi.o(i.SPI1_ReadWriteByte)
    SPI1_SetSpeed                            0x08004cb5   Thumb Code    36  spi.o(i.SPI1_SetSpeed)
    SPI_Cmd                                  0x08004cdd   Thumb Code    24  stm32f10x_spi.o(i.SPI_Cmd)
    SPI_I2S_GetFlagStatus                    0x08004cf5   Thumb Code    18  stm32f10x_spi.o(i.SPI_I2S_GetFlagStatus)
    SPI_I2S_ReceiveData                      0x08004d07   Thumb Code     6  stm32f10x_spi.o(i.SPI_I2S_ReceiveData)
    SPI_I2S_SendData                         0x08004d0d   Thumb Code     4  stm32f10x_spi.o(i.SPI_I2S_SendData)
    SPI_Init                                 0x08004d11   Thumb Code    60  stm32f10x_spi.o(i.SPI_Init)
    STMFLASH_Read                            0x08004d4d   Thumb Code    34  flash.o(i.STMFLASH_Read)
    STMFLASH_ReadHalfWord                    0x08004d6f   Thumb Code     6  flash.o(i.STMFLASH_ReadHalfWord)
    STMFLASH_Write                           0x08004d75   Thumb Code   222  flash.o(i.STMFLASH_Write)
    STMFLASH_Write_NoCheck                   0x08004e5d   Thumb Code    38  flash.o(i.STMFLASH_Write_NoCheck)
    SVC_Handler                              0x08004e83   Thumb Code     2  stm32f10x_it.o(i.SVC_Handler)
    SendOneByte                              0x08004e85   Thumb Code    86  simulate_usart.o(i.SendOneByte)
    Simulate_Usart                           0x08004fc9   Thumb Code    24  simulate_usart.o(i.Simulate_Usart)
    SysTick_CLKSourceConfig                  0x08004fe1   Thumb Code    40  misc.o(i.SysTick_CLKSourceConfig)
    SysTick_Handler                          0x08005009   Thumb Code    24  delay.o(i.SysTick_Handler)
    SystemInit                               0x08005025   Thumb Code    78  system_stm32f10x.o(i.SystemInit)
    TFTLCD_Init                              0x08005085   Thumb Code 21854  ili93xx.o(i.TFTLCD_Init)
    TIM1_Configuration                       0x0800a5e9   Thumb Code    60  timer.o(i.TIM1_Configuration)
    TIM1_UP_IRQHandler                       0x0800a629   Thumb Code   150  simulate_usart.o(i.TIM1_UP_IRQHandler)
    TIM2_Configuration                       0x0800a6d9   Thumb Code    64  timer.o(i.TIM2_Configuration)
    TIM2_IRQHandler                          0x0800a719   Thumb Code    56  simulate_usart.o(i.TIM2_IRQHandler)
    TIM3_Configuration                       0x0800a75d   Thumb Code    52  timer.o(i.TIM3_Configuration)
    TIM4_IRQHandler                          0x0800a795   Thumb Code    48  usart.o(i.TIM4_IRQHandler)
    TIM4_Init                                0x0800a7cd   Thumb Code    52  usart.o(i.TIM4_Init)
    TIM4_Set                                 0x0800a805   Thumb Code    34  usart.o(i.TIM4_Set)
    TIM5_Configuration                       0x0800a82d   Thumb Code    64  timer.o(i.TIM5_Configuration)
    TIM5_IRQHandler                          0x0800a871   Thumb Code    78  timer.o(i.TIM5_IRQHandler)
    TIM6_IRQHandler                          0x0800a8d5   Thumb Code    20  timer.o(i.TIM6_IRQHandler)
    TIM_ClearITPendingBit                    0x0800a8ed   Thumb Code     6  stm32f10x_tim.o(i.TIM_ClearITPendingBit)
    TIM_Cmd                                  0x0800a8f3   Thumb Code    24  stm32f10x_tim.o(i.TIM_Cmd)
    TIM_GetCounter                           0x0800a90b   Thumb Code     6  stm32f10x_tim.o(i.TIM_GetCounter)
    TIM_GetFlagStatus                        0x0800a911   Thumb Code    18  stm32f10x_tim.o(i.TIM_GetFlagStatus)
    TIM_GetITStatus                          0x0800a923   Thumb Code    34  stm32f10x_tim.o(i.TIM_GetITStatus)
    TIM_ITConfig                             0x0800a945   Thumb Code    18  stm32f10x_tim.o(i.TIM_ITConfig)
    TIM_SetCounter                           0x0800a957   Thumb Code     4  stm32f10x_tim.o(i.TIM_SetCounter)
    TIM_TimeBaseInit                         0x0800a95d   Thumb Code   122  stm32f10x_tim.o(i.TIM_TimeBaseInit)
    UART2_SendString                         0x0800aa01   Thumb Code    38  usart2.o(i.UART2_SendString)
    UART_DMA_Config                          0x0800aa2d   Thumb Code    72  usart.o(i.UART_DMA_Config)
    USART1_IRQHandler                        0x0800aa75   Thumb Code    92  usart.o(i.USART1_IRQHandler)
    USART2_IRQHandler                        0x0800aae1   Thumb Code   148  usart2.o(i.USART2_IRQHandler)
    USART_Cmd                                0x0800ab89   Thumb Code    24  stm32f10x_usart.o(i.USART_Cmd)
    USART_DMACmd                             0x0800aba1   Thumb Code    18  stm32f10x_usart.o(i.USART_DMACmd)
    USART_DeInit                             0x0800abb5   Thumb Code   134  stm32f10x_usart.o(i.USART_DeInit)
    USART_GetFlagStatus                      0x0800ac51   Thumb Code    26  stm32f10x_usart.o(i.USART_GetFlagStatus)
    USART_GetITStatus                        0x0800ac6b   Thumb Code    84  stm32f10x_usart.o(i.USART_GetITStatus)
    USART_ITConfig                           0x0800acbf   Thumb Code    74  stm32f10x_usart.o(i.USART_ITConfig)
    USART_Init                               0x0800ad09   Thumb Code   210  stm32f10x_usart.o(i.USART_Init)
    USART_ReceiveData                        0x0800ade1   Thumb Code    10  stm32f10x_usart.o(i.USART_ReceiveData)
    USART_SendData                           0x0800adeb   Thumb Code     8  stm32f10x_usart.o(i.USART_SendData)
    UsageFault_Handler                       0x0800adf3   Thumb Code     4  stm32f10x_it.o(i.UsageFault_Handler)
    W25QXX_Erase_Sector                      0x0800adf9   Thumb Code    70  w25qxx.o(i.W25QXX_Erase_Sector)
    W25QXX_Init                              0x0800ae51   Thumb Code    68  w25qxx.o(i.W25QXX_Init)
    W25QXX_Read                              0x0800aea1   Thumb Code    74  w25qxx.o(i.W25QXX_Read)
    W25QXX_ReadID                            0x0800aef1   Thumb Code    64  w25qxx.o(i.W25QXX_ReadID)
    W25QXX_ReadSR                            0x0800af39   Thumb Code    36  w25qxx.o(i.W25QXX_ReadSR)
    W25QXX_Wait_Busy                         0x0800af65   Thumb Code    18  w25qxx.o(i.W25QXX_Wait_Busy)
    W25QXX_Write                             0x0800af79   Thumb Code   180  w25qxx.o(i.W25QXX_Write)
    W25QXX_Write_Enable                      0x0800b031   Thumb Code    24  w25qxx.o(i.W25QXX_Write_Enable)
    W25QXX_Write_NoCheck                     0x0800b051   Thumb Code    70  w25qxx.o(i.W25QXX_Write_NoCheck)
    W25QXX_Write_Page                        0x0800b099   Thumb Code    80  w25qxx.o(i.W25QXX_Write_Page)
    _is_digit                                0x0800b0ed   Thumb Code    14  __printf_wp.o(i._is_digit)
    _sys_exit                                0x0800b0fb   Thumb Code     4  usart.o(i._sys_exit)
    clust2sect                               0x0800b1a5   Thumb Code    26  ff.o(i.clust2sect)
    convert_from_bytes_to_power_of_two       0x0800b1bf   Thumb Code    18  sdio_sdcard.o(i.convert_from_bytes_to_power_of_two)
    delay_init                               0x0800b401   Thumb Code    76  delay.o(i.delay_init)
    delay_ms                                 0x0800b45d   Thumb Code    66  delay.o(i.delay_ms)
    delay_osschedlock                        0x0800b4ad   Thumb Code     8  delay.o(i.delay_osschedlock)
    delay_osschedunlock                      0x0800b4b5   Thumb Code     8  delay.o(i.delay_osschedunlock)
    delay_ostimedly                          0x0800b4bd   Thumb Code    12  delay.o(i.delay_ostimedly)
    delay_us                                 0x0800b4c9   Thumb Code    86  delay.o(i.delay_us)
    dir_sdi                                  0x0800b7cd   Thumb Code   158  ff.o(i.dir_sdi)
    disk_initialize                          0x0800b86d   Thumb Code    52  diskio.o(i.disk_initialize)
    disk_ioctl                               0x0800b8a5   Thumb Code   112  diskio.o(i.disk_ioctl)
    disk_read                                0x0800b919   Thumb Code   122  diskio.o(i.disk_read)
    disk_status                              0x0800b993   Thumb Code     6  diskio.o(i.disk_status)
    disk_write                               0x0800b999   Thumb Code   122  diskio.o(i.disk_write)
    exf_getfree                              0x0800ba13   Thumb Code    74  exfuns.o(i.exf_getfree)
    exfuns_init                              0x0800ba5d   Thumb Code   156  exfuns.o(i.exfuns_init)
    f_getfree                                0x0800bb15   Thumb Code   258  ff.o(i.f_getfree)
    f_mkfs                                   0x0800bc19   Thumb Code  1582  ff.o(i.f_mkfs)
    f_mount                                  0x0800c261   Thumb Code    86  ff.o(i.f_mount)
    f_open                                   0x0800c2bd   Thumb Code   356  ff.o(i.f_open)
    f_setlabel                               0x0800c421   Thumb Code   474  ff.o(i.f_setlabel)
    f_unlink                                 0x0800c60d   Thumb Code   166  ff.o(i.f_unlink)
    fputc                                    0x0800cad9   Thumb Code    16  simulate_usart.o(i.fputc)
    get_fat                                  0x0800cae9   Thumb Code   242  ff.o(i.get_fat)
    get_fattime                              0x0800cbdb   Thumb Code     4  diskio.o(i.get_fattime)
    isValidFac                               0x0800cc29   Thumb Code    22  gprs_jiankong.o(i.isValidFac)
    isValidID                                0x0800cc45   Thumb Code    36  gprs_jiankong.o(i.isValidID)
    isValidIP                                0x0800cc71   Thumb Code   200  gprs_jiankong.o(i.isValidIP)
    isValidPhone                             0x0800cd3d   Thumb Code    50  gprs_jiankong.o(i.isValidPhone)
    led0_task                                0x0800cd91   Thumb Code    38  main.o(i.led0_task)
    led1_task                                0x0800cdc9   Thumb Code    40  main.o(i.led1_task)
    logrev_task                              0x0800ce01   Thumb Code    32  main.o(i.logrev_task)
    main                                     0x0800ce29   Thumb Code   238  main.o(i.main)
    mc8618_power_on                          0x0800cfc1   Thumb Code   104  mc8618.o(i.mc8618_power_on)
    monitor_factory                          0x0800d129   Thumb Code   606  gprs_jiankong.o(i.monitor_factory)
    my_mem_init                              0x0800d5a9   Thumb Code    54  malloc.o(i.my_mem_init)
    my_mem_malloc                            0x0800d5ed   Thumb Code   156  malloc.o(i.my_mem_malloc)
    my_mem_perused                           0x0800d695   Thumb Code    54  malloc.o(i.my_mem_perused)
    mymalloc                                 0x0800d6d5   Thumb Code    34  malloc.o(i.mymalloc)
    mymemset                                 0x0800d6fd   Thumb Code    20  malloc.o(i.mymemset)
    pick_up_fac                              0x0800d711   Thumb Code    30  gprs_jiankong.o(i.pick_up_fac)
    pick_up_id                               0x0800d72f   Thumb Code    36  gprs_jiankong.o(i.pick_up_id)
    pick_up_ip                               0x0800d753   Thumb Code    36  gprs_jiankong.o(i.pick_up_ip)
    pick_up_phone                            0x0800d779   Thumb Code    54  gprs_jiankong.o(i.pick_up_phone)
    put_fat                                  0x0800d7c5   Thumb Code   322  ff.o(i.put_fat)
    sensor_task                              0x0800d973   Thumb Code    12  main.o(i.sensor_task)
    start_task                               0x0800d991   Thumb Code    88  main.o(i.start_task)
    uart2_init                               0x0800db2d   Thumb Code   124  usart2.o(i.uart2_init)
    uart_init                                0x0800dbb5   Thumb Code   172  usart.o(i.uart_init)
    ublox_task                               0x0800dc75   Thumb Code    10  main.o(i.ublox_task)
    _get_lc_ctype                            0x0800dc81   Thumb Code    44  lc_ctype_c.o(locale$$code)
    __aeabi_d2uiz                            0x0800dcad   Thumb Code     0  dfixu.o(x$fpl$dfixu)
    _dfixu                                   0x0800dcad   Thumb Code    90  dfixu.o(x$fpl$dfixu)
    __aeabi_ui2d                             0x0800dd07   Thumb Code     0  dflt_clz.o(x$fpl$dfltu)
    _dfltu                                   0x0800dd07   Thumb Code    38  dflt_clz.o(x$fpl$dfltu)
    __aeabi_dmul                             0x0800dd2d   Thumb Code     0  dmul.o(x$fpl$dmul)
    _dmul                                    0x0800dd2d   Thumb Code   332  dmul.o(x$fpl$dmul)
    __fpl_dnaninf                            0x0800de81   Thumb Code   156  dnaninf.o(x$fpl$dnaninf)
    __fpl_dretinf                            0x0800df1d   Thumb Code    12  dretinf.o(x$fpl$dretinf)
    __I$use$fp                               0x0800df28   Number         0  usenofp.o(x$fpl$usenofp)
    memtblsize                               0x0800df28   Data           8  malloc.o(.constdata)
    memblksize                               0x0800df30   Data           8  malloc.o(.constdata)
    memsize                                  0x0800df38   Data           8  malloc.o(.constdata)
    OSUnMapTbl                               0x0800df40   Data         256  os_core.o(.constdata)
    Region$$Table$$Base                      0x0800e0a8   Number         0  anon$$obj.o(Region$$Table)
    Region$$Table$$Limit                     0x0800e0c8   Number         0  anon$$obj.o(Region$$Table)
    __ctype                                  0x0800e0d5   Data           0  lc_ctype_c.o(locale$$data)
    SystemCoreClock                          0x20000000   Data           4  system_stm32f10x.o(.data)
    AHBPrescTable                            0x20000004   Data          16  system_stm32f10x.o(.data)
    TransferError                            0x2000001e   Data           1  sdio_sdcard.o(.data)
    TransferEnd                              0x2000001f   Data           1  sdio_sdcard.o(.data)
    tempbuff                                 0x20000020   Data           4  sdio_sdcard.o(.data)
    W25QXX_TYPE                              0x20000024   Data           2  w25qxx.o(.data)
    mallco_dev                               0x20000028   Data          28  malloc.o(.data)
    TimingDelay                              0x20000048   Data           4  simulate_usart.o(.data)
    Logo                                     0x2000004c   Data          12  simulate_usart.o(.data)
    receivedFlag                             0x20000058   Data           1  simulate_usart.o(.data)
    receivedNum                              0x20000059   Data           1  simulate_usart.o(.data)
    tmpreceivedNum                           0x2000005a   Data           1  simulate_usart.o(.data)
    cnt                                      0x2000005b   Data           1  simulate_usart.o(.data)
    Timer0_start                             0x2000005d   Data           1  timer.o(.data)
    Time_fac                                 0x2000005e   Data           1  timer.o(.data)
    shijian                                  0x2000005f   Data           1  timer.o(.data)
    Times                                    0x20000060   Data           1  timer.o(.data)
    __stdout                                 0x20000064   Data           4  usart.o(.data)
    USART1_RX_STA                            0x20000068   Data           2  usart.o(.data)
    USART2_RX_STA                            0x2000006a   Data           2  usart2.o(.data)
    OSCtxSwCtr                               0x20000080   Data           4  os_core.o(.data)
    OSEventFreeList                          0x20000084   Data           4  os_core.o(.data)
    OSFlagFreeList                           0x20000088   Data           4  os_core.o(.data)
    OSCPUUsage                               0x2000008c   Data           1  os_core.o(.data)
    OSIdleCtrMax                             0x20000090   Data           4  os_core.o(.data)
    OSIdleCtrRun                             0x20000094   Data           4  os_core.o(.data)
    OSStatRdy                                0x20000098   Data           1  os_core.o(.data)
    OSIntNesting                             0x20000099   Data           1  os_core.o(.data)
    OSLockNesting                            0x2000009a   Data           1  os_core.o(.data)
    OSPrioCur                                0x2000009b   Data           1  os_core.o(.data)
    OSPrioHighRdy                            0x2000009c   Data           1  os_core.o(.data)
    OSRdyGrp                                 0x2000009d   Data           1  os_core.o(.data)
    OSRdyTbl                                 0x2000009e   Data           8  os_core.o(.data)
    OSRunning                                0x200000a6   Data           1  os_core.o(.data)
    OSTaskCtr                                0x200000a7   Data           1  os_core.o(.data)
    OSIdleCtr                                0x200000a8   Data           4  os_core.o(.data)
    OSTCBCur                                 0x200000ac   Data           4  os_core.o(.data)
    OSTCBFreeList                            0x200000b0   Data           4  os_core.o(.data)
    OSTCBHighRdy                             0x200000b4   Data           4  os_core.o(.data)
    OSTCBList                                0x200000b8   Data           4  os_core.o(.data)
    OSTickStepState                          0x200000bc   Data           1  os_core.o(.data)
    OSQFreeList                              0x200000c0   Data           4  os_core.o(.data)
    OSTime                                   0x200000c4   Data           4  os_core.o(.data)
    FLASH_SECTOR_COUNT                       0x200000c8   Data           2  diskio.o(.data)
    fs                                       0x200000d8   Data           8  exfuns.o(.data)
    file                                     0x200000e0   Data           4  exfuns.o(.data)
    offline                                  0x200000e4   Data           4  exfuns.o(.data)
    data_log                                 0x200000e8   Data           4  exfuns.o(.data)
    data_log_1                               0x200000ec   Data           4  exfuns.o(.data)
    ftemp                                    0x200000f0   Data           4  exfuns.o(.data)
    br                                       0x200000f4   Data           4  exfuns.o(.data)
    bw                                       0x200000f8   Data           4  exfuns.o(.data)
    fatbuf                                   0x200000fc   Data           4  exfuns.o(.data)
    UBLOX_TASK_STK                           0x20000100   Data        2048  main.o(.bss)
    SENSOR_TASK_STK                          0x20000900   Data         512  main.o(.bss)
    LOGREV_TASK_STK                          0x20000b00   Data         512  main.o(.bss)
    LED1_TASK_STK                            0x20000d00   Data         512  main.o(.bss)
    LED0_TASK_STK                            0x20000f00   Data         512  main.o(.bss)
    START_TASK_STK                           0x20001100   Data         256  main.o(.bss)
    SDIO_InitStructure                       0x20001200   Data          24  sdio_sdcard.o(.bss)
    SDIO_CmdInitStructure                    0x20001218   Data          20  sdio_sdcard.o(.bss)
    SDIO_DataInitStructure                   0x2000122c   Data          24  sdio_sdcard.o(.bss)
    SDCardInfo                               0x20001268   Data          88  sdio_sdcard.o(.bss)
    SDIO_DATA_BUFFER                         0x200012c0   Data         512  sdio_sdcard.o(.bss)
    lcddev                                   0x200014c0   Data          14  ili93xx.o(.bss)
    W25QXX_BUFFER                            0x200014ce   Data        4096  w25qxx.o(.bss)
    STMFLASH_BUF                             0x200024ce   Data        2048  flash.o(.bss)
    mem1base                                 0x20002ce0   Data       10240  malloc.o(.bss)
    mem1mapbase                              0x200054e0   Data         640  malloc.o(.bss)
    dataReceived                             0x20005760   Data         100  simulate_usart.o(.bss)
    USART1_TX_BUF                            0x200057c8   Data         200  usart.o(.bss)
    USART1_RX_BUF                            0x20005890   Data         800  usart.o(.bss)
    USART2_RX_BUF                            0x20005bb0   Data         800  usart2.o(.bss)
    OSEventTbl                               0x20005ed0   Data         200  os_core.o(.bss)
    OSFlagTbl                                0x20005f98   Data          80  os_core.o(.bss)
    OSTaskStatStk                            0x20005fe8   Data         512  os_core.o(.bss)
    OSTaskIdleStk                            0x200061e8   Data         512  os_core.o(.bss)
    OSTCBPrioTbl                             0x200063e8   Data         256  os_core.o(.bss)
    OSTCBTbl                                 0x200064e8   Data        1008  os_core.o(.bss)
    OSQTbl                                   0x200068d8   Data         120  os_core.o(.bss)
    __libspace_start                         0x20006950   Data          96  libspace.o(.bss)
    __temporary_stack_top$libspace           0x200069b0   Data           0  libspace.o(.bss)
    mem2base                                 0x68000000   Data       819200  malloc.o(.ARM.__AT_0x68000000)
    mem2mapbase                              0x680c8000   Data       51200  malloc.o(.ARM.__AT_0x680C8000)



==============================================================================

Memory Map of the image

  Image Entry point : 0x080001f5

  Load Region LR_1 (Base: 0x08000000, Size: 0x0000e2d8, Max: 0xffffffff, ABSOLUTE)

    Execution Region ER_RO (Base: 0x08000000, Size: 0x0000e1d8, Max: 0xffffffff, ABSOLUTE)

    Base Addr    Size         Type   Attr      Idx    E Section Name        Object

    0x08000000   0x00000130   Data   RO         1698    RESET               startup_stm32f10x_hd.o
    0x08000130   0x00000008   Code   RO         5063  * !!!main             c_w.l(__main.o)
    0x08000138   0x00000034   Code   RO         5391    !!!scatter          c_w.l(__scatter.o)
    0x0800016c   0x0000001a   Code   RO         5393    !!handler_copy      c_w.l(__scatter_copy.o)
    0x08000186   0x00000002   PAD
    0x08000188   0x0000001c   Code   RO         5395    !!handler_zi        c_w.l(__scatter_zi.o)
    0x080001a4   0x00000000   Code   RO         5040    .ARM.Collect$$_printf_percent$$00000000  c_w.l(_printf_percent.o)
    0x080001a4   0x00000006   Code   RO         5038    .ARM.Collect$$_printf_percent$$00000009  c_w.l(_printf_d.o)
    0x080001aa   0x00000006   Code   RO         5037    .ARM.Collect$$_printf_percent$$0000000C  c_w.l(_printf_x.o)
    0x080001b0   0x00000006   Code   RO         5036    .ARM.Collect$$_printf_percent$$00000014  c_w.l(_printf_s.o)
    0x080001b6   0x00000004   Code   RO         5146    .ARM.Collect$$_printf_percent$$00000017  c_w.l(_printf_percent_end.o)
    0x080001ba   0x00000002   Code   RO         5271    .ARM.Collect$$libinit$$00000000  c_w.l(libinit.o)
    0x080001bc   0x00000000   Code   RO         5273    .ARM.Collect$$libinit$$00000002  c_w.l(libinit2.o)
    0x080001bc   0x00000000   Code   RO         5276    .ARM.Collect$$libinit$$00000008  c_w.l(libinit2.o)
    0x080001bc   0x00000000   Code   RO         5278    .ARM.Collect$$libinit$$0000000A  c_w.l(libinit2.o)
    0x080001bc   0x00000000   Code   RO         5280    .ARM.Collect$$libinit$$0000000C  c_w.l(libinit2.o)
    0x080001bc   0x00000006   Code   RO         5281    .ARM.Collect$$libinit$$0000000D  c_w.l(libinit2.o)
    0x080001c2   0x00000000   Code   RO         5283    .ARM.Collect$$libinit$$0000000F  c_w.l(libinit2.o)
    0x080001c2   0x0000000c   Code   RO         5284    .ARM.Collect$$libinit$$00000010  c_w.l(libinit2.o)
    0x080001ce   0x00000000   Code   RO         5285    .ARM.Collect$$libinit$$00000011  c_w.l(libinit2.o)
    0x080001ce   0x00000000   Code   RO         5287    .ARM.Collect$$libinit$$00000013  c_w.l(libinit2.o)
    0x080001ce   0x00000000   Code   RO         5289    .ARM.Collect$$libinit$$00000015  c_w.l(libinit2.o)
    0x080001ce   0x00000000   Code   RO         5291    .ARM.Collect$$libinit$$00000017  c_w.l(libinit2.o)
    0x080001ce   0x00000000   Code   RO         5293    .ARM.Collect$$libinit$$00000019  c_w.l(libinit2.o)
    0x080001ce   0x00000000   Code   RO         5295    .ARM.Collect$$libinit$$0000001B  c_w.l(libinit2.o)
    0x080001ce   0x00000000   Code   RO         5297    .ARM.Collect$$libinit$$0000001D  c_w.l(libinit2.o)
    0x080001ce   0x00000000   Code   RO         5299    .ARM.Collect$$libinit$$0000001F  c_w.l(libinit2.o)
    0x080001ce   0x00000000   Code   RO         5301    .ARM.Collect$$libinit$$00000021  c_w.l(libinit2.o)
    0x080001ce   0x00000000   Code   RO         5303    .ARM.Collect$$libinit$$00000023  c_w.l(libinit2.o)
    0x080001ce   0x00000000   Code   RO         5307    .ARM.Collect$$libinit$$0000002A  c_w.l(libinit2.o)
    0x080001ce   0x00000000   Code   RO         5309    .ARM.Collect$$libinit$$0000002C  c_w.l(libinit2.o)
    0x080001ce   0x00000000   Code   RO         5311    .ARM.Collect$$libinit$$0000002E  c_w.l(libinit2.o)
    0x080001ce   0x00000000   Code   RO         5313    .ARM.Collect$$libinit$$00000030  c_w.l(libinit2.o)
    0x080001ce   0x00000002   Code   RO         5314    .ARM.Collect$$libinit$$00000031  c_w.l(libinit2.o)
    0x080001d0   0x00000002   Code   RO         5342    .ARM.Collect$$libshutdown$$00000000  c_w.l(libshutdown.o)
    0x080001d2   0x00000000   Code   RO         5352    .ARM.Collect$$libshutdown$$00000003  c_w.l(libshutdown2.o)
    0x080001d2   0x00000000   Code   RO         5355    .ARM.Collect$$libshutdown$$00000006  c_w.l(libshutdown2.o)
    0x080001d2   0x00000000   Code   RO         5358    .ARM.Collect$$libshutdown$$00000009  c_w.l(libshutdown2.o)
    0x080001d2   0x00000000   Code   RO         5360    .ARM.Collect$$libshutdown$$0000000B  c_w.l(libshutdown2.o)
    0x080001d2   0x00000000   Code   RO         5363    .ARM.Collect$$libshutdown$$0000000E  c_w.l(libshutdown2.o)
    0x080001d2   0x00000002   Code   RO         5364    .ARM.Collect$$libshutdown$$0000000F  c_w.l(libshutdown2.o)
    0x080001d4   0x00000000   Code   RO         5105    .ARM.Collect$$rtentry$$00000000  c_w.l(rtentry.o)
    0x080001d4   0x00000000   Code   RO         5181    .ARM.Collect$$rtentry$$00000002  c_w.l(rtentry2.o)
    0x080001d4   0x00000006   Code   RO         5193    .ARM.Collect$$rtentry$$00000004  c_w.l(rtentry4.o)
    0x080001da   0x00000000   Code   RO         5183    .ARM.Collect$$rtentry$$00000009  c_w.l(rtentry2.o)
    0x080001da   0x00000004   Code   RO         5184    .ARM.Collect$$rtentry$$0000000A  c_w.l(rtentry2.o)
    0x080001de   0x00000000   Code   RO         5186    .ARM.Collect$$rtentry$$0000000C  c_w.l(rtentry2.o)
    0x080001de   0x00000008   Code   RO         5187    .ARM.Collect$$rtentry$$0000000D  c_w.l(rtentry2.o)
    0x080001e6   0x00000002   Code   RO         5315    .ARM.Collect$$rtexit$$00000000  c_w.l(rtexit.o)
    0x080001e8   0x00000000   Code   RO         5322    .ARM.Collect$$rtexit$$00000002  c_w.l(rtexit2.o)
    0x080001e8   0x00000004   Code   RO         5323    .ARM.Collect$$rtexit$$00000003  c_w.l(rtexit2.o)
    0x080001ec   0x00000006   Code   RO         5324    .ARM.Collect$$rtexit$$00000004  c_w.l(rtexit2.o)
    0x080001f2   0x00000002   PAD
    0x080001f4   0x00000040   Code   RO         1699  * .text               startup_stm32f10x_hd.o
    0x08000234   0x000000b4   Code   RO         4320    .text               os_cpu_a.o
    0x080002e8   0x00000002   Code   RO         4974    .text               c_w.l(use_no_semi_2.o)
    0x080002ea   0x00000002   PAD
    0x080002ec   0x00000018   Code   RO         4978    .text               c_w.l(__2printf.o)
    0x08000304   0x00000052   Code   RO         4990    .text               c_w.l(_printf_str.o)
    0x08000356   0x00000002   PAD
    0x08000358   0x00000074   Code   RO         4992    .text               c_w.l(_printf_dec.o)
    0x080003cc   0x00000094   Code   RO         5012    .text               c_w.l(_printf_hex_int_ll_ptr.o)
    0x08000460   0x00000188   Code   RO         5032    .text               c_w.l(__printf_flags_ss_wp.o)
    0x080005e8   0x0000001a   Code   RO         5041    .text               c_w.l(atoi.o)
    0x08000602   0x00000004   Code   RO         5043    .text               c_w.l(strtok_r.o)
    0x08000606   0x00000024   Code   RO         5045    .text               c_w.l(strstr.o)
    0x0800062a   0x0000003e   Code   RO         5049    .text               c_w.l(strlen.o)
    0x08000668   0x0000008a   Code   RO         5053    .text               c_w.l(rt_memcpy_v6.o)
    0x080006f2   0x00000044   Code   RO         5055    .text               c_w.l(rt_memclr.o)
    0x08000736   0x0000004e   Code   RO         5057    .text               c_w.l(rt_memclr_w.o)
    0x08000784   0x00000080   Code   RO         5059    .text               c_w.l(strcmpv7m.o)
    0x08000804   0x00000006   Code   RO         5061    .text               c_w.l(heapauxi.o)
    0x0800080a   0x00000002   Code   RO         5103    .text               c_w.l(use_no_semi.o)
    0x0800080c   0x00000008   Code   RO         5109    .text               c_w.l(rt_errno_addr_intlibspace.o)
    0x08000814   0x000000b2   Code   RO         5113    .text               c_w.l(_printf_intcommon.o)
    0x080008c6   0x00000002   PAD
    0x080008c8   0x00000030   Code   RO         5119    .text               c_w.l(_printf_char_common.o)
    0x080008f8   0x0000002c   Code   RO         5123    .text               c_w.l(_printf_char.o)
    0x08000924   0x00000024   Code   RO         5125    .text               c_w.l(_printf_char_file.o)
    0x08000948   0x00000070   Code   RO         5156    .text               c_w.l(strtol.o)
    0x080009b8   0x00000044   Code   RO         5158    .text               c_w.l(strtok_int.o)
    0x080009fc   0x00000064   Code   RO         5160    .text               c_w.l(rt_memcpy_w.o)
    0x08000a60   0x00000008   Code   RO         5177    .text               c_w.l(libspace.o)
    0x08000a68   0x00000010   Code   RO         5195    .text               c_w.l(rt_ctype_table.o)
    0x08000a78   0x00000008   Code   RO         5200    .text               c_w.l(rt_locale_intlibspace.o)
    0x08000a80   0x0000009e   Code   RO         5213    .text               c_w.l(_strtoul.o)
    0x08000b1e   0x00000008   Code   RO         5240    .text               c_w.l(ferror.o)
    0x08000b26   0x00000020   Code   RO         5249    .text               c_w.l(strcspn.o)
    0x08000b46   0x0000001c   Code   RO         5251    .text               c_w.l(strspn.o)
    0x08000b62   0x0000004a   Code   RO         5257    .text               c_w.l(sys_stackheap_outer.o)
    0x08000bac   0x0000001c   Code   RO         5259    .text               c_w.l(_chval.o)
    0x08000bc8   0x0000000c   Code   RO         5264    .text               c_w.l(exit.o)
    0x08000bd4   0x00000004   Code   RO          243    i.BusFault_Handler  stm32f10x_it.o
    0x08000bd8   0x00000108   Code   RO         2791    i.CAN_FilterInit    stm32f10x_can.o
    0x08000ce0   0x00000114   Code   RO         2798    i.CAN_Init          stm32f10x_can.o
    0x08000df4   0x000000d0   Code   RO         1041    i.CAN_Mode_Init     can.o
    0x08000ec4   0x0000001c   Code   RO         1113    i.CLR_Buf2          mc8618.o
    0x08000ee0   0x00000018   Code   RO         1446    i.Clr_Usart_Data    simulate_usart.o
    0x08000ef8   0x00000030   Code   RO          366    i.CmdError          sdio_sdcard.o
    0x08000f28   0x00000060   Code   RO          367    i.CmdResp1Error     sdio_sdcard.o
    0x08000f88   0x00000054   Code   RO          368    i.CmdResp2Error     sdio_sdcard.o
    0x08000fdc   0x00000038   Code   RO          369    i.CmdResp3Error     sdio_sdcard.o
    0x08001014   0x00000090   Code   RO          370    i.CmdResp6Error     sdio_sdcard.o
    0x080010a4   0x0000004c   Code   RO          371    i.CmdResp7Error     sdio_sdcard.o
    0x080010f0   0x00000018   Code   RO         2715    i.DMA_Cmd           stm32f10x_dma.o
    0x08001108   0x0000014c   Code   RO         2716    i.DMA_DeInit        stm32f10x_dma.o
    0x08001254   0x0000003c   Code   RO         2721    i.DMA_Init          stm32f10x_dma.o
    0x08001290   0x00000002   Code   RO          244    i.DebugMon_Handler  stm32f10x_it.o
    0x08001292   0x00000002   PAD
    0x08001294   0x00000044   Code   RO         1513    i.Delay_Ms          timer.o
    0x080012d8   0x00000070   Code   RO         1447    i.EXTI3_IRQHandler  simulate_usart.o
    0x08001348   0x0000000c   Code   RO         3489    i.EXTI_ClearITPendingBit  stm32f10x_exti.o
    0x08001354   0x0000004c   Code   RO         1448    i.EXTI_Configuration  simulate_usart.o
    0x080013a0   0x00000018   Code   RO         3492    i.EXTI_GetFlagStatus  stm32f10x_exti.o
    0x080013b8   0x00000094   Code   RO         3494    i.EXTI_Init         stm32f10x_exti.o
    0x0800144c   0x0000004c   Code   RO         2544    i.FLASH_ErasePage   stm32f10x_flash.o
    0x08001498   0x00000034   Code   RO         2545    i.FLASH_GetBank1Status  stm32f10x_flash.o
    0x080014cc   0x00000014   Code   RO         2554    i.FLASH_Lock        stm32f10x_flash.o
    0x080014e0   0x00000040   Code   RO         2557    i.FLASH_ProgramHalfWord  stm32f10x_flash.o
    0x08001520   0x00000018   Code   RO         2562    i.FLASH_Unlock      stm32f10x_flash.o
    0x08001538   0x00000026   Code   RO         2566    i.FLASH_WaitForLastOperation  stm32f10x_flash.o
    0x0800155e   0x00000002   PAD
    0x08001560   0x00000034   Code   RO         2430    i.FSMC_NORSRAMCmd   stm32f10x_fsmc.o
    0x08001594   0x000000e6   Code   RO         2432    i.FSMC_NORSRAMInit  stm32f10x_fsmc.o
    0x0800167a   0x00000002   PAD
    0x0800167c   0x00000194   Code   RO          372    i.FindSCR           sdio_sdcard.o
    0x08001810   0x0000004c   Code   RO         1449    i.GPIO_Configuration  simulate_usart.o
    0x0800185c   0x00000040   Code   RO         1742    i.GPIO_EXTILineConfig  stm32f10x_gpio.o
    0x0800189c   0x00000116   Code   RO         1745    i.GPIO_Init         stm32f10x_gpio.o
    0x080019b2   0x00000012   Code   RO         1749    i.GPIO_ReadInputDataBit  stm32f10x_gpio.o
    0x080019c4   0x00000004   Code   RO         1752    i.GPIO_ResetBits    stm32f10x_gpio.o
    0x080019c8   0x00000004   Code   RO         1753    i.GPIO_SetBits      stm32f10x_gpio.o
    0x080019cc   0x00000088   Code   RO         1115    i.GSM_send_cmd      mc8618.o
    0x08001a54   0x00000004   Code   RO          245    i.HardFault_Handler  stm32f10x_it.o
    0x08001a58   0x00000004   Code   RO         1418    i.INTX_DISABLE      sys.o
    0x08001a5c   0x00000004   Code   RO         1419    i.INTX_ENABLE       sys.o
    0x08001a60   0x0000009c   Code   RO          373    i.IsCardProgramming  sdio_sdcard.o
    0x08001afc   0x0000005c   Code   RO         1227    i.Is_Enter_facotry  gprs_jiankong.o
    0x08001b58   0x0000006c   Code   RO          573    i.LCD_Clear         ili93xx.o
    0x08001bc4   0x000001c0   Code   RO          577    i.LCD_Display_Dir   ili93xx.o
    0x08001d84   0x00000014   Code   RO          585    i.LCD_RD_DATA       ili93xx.o
    0x08001d98   0x00000016   Code   RO          587    i.LCD_ReadReg       ili93xx.o
    0x08001dae   0x00000002   PAD
    0x08001db0   0x00000054   Code   RO          588    i.LCD_SSD_BackLightSet  ili93xx.o
    0x08001e04   0x000002ec   Code   RO          589    i.LCD_Scan_Dir      ili93xx.o
    0x080020f0   0x000001a8   Code   RO          590    i.LCD_SetCursor     ili93xx.o
    0x08002298   0x0000000c   Code   RO          596    i.LCD_WR_DATA       ili93xx.o
    0x080022a4   0x0000000c   Code   RO          597    i.LCD_WR_REG        ili93xx.o
    0x080022b0   0x00000014   Code   RO          599    i.LCD_WriteRAM_Prepare  ili93xx.o
    0x080022c4   0x00000010   Code   RO          600    i.LCD_WriteReg      ili93xx.o
    0x080022d4   0x00000034   Code   RO          354    i.LED_Init          led.o
    0x08002308   0x00000004   Code   RO          246    i.MemManage_Handler  stm32f10x_it.o
    0x0800230c   0x00000002   Code   RO          247    i.NMI_Handler       stm32f10x_it.o
    0x0800230e   0x00000138   Code   RO         1514    i.NVIC_Configuration  timer.o
    0x08002446   0x00000002   PAD
    0x08002448   0x00000070   Code   RO         1703    i.NVIC_Init         misc.o
    0x080024b8   0x00000014   Code   RO         1704    i.NVIC_PriorityGroupConfig  misc.o
    0x080024cc   0x00000014   Code   RO         1705    i.NVIC_SetVectorTable  misc.o
    0x080024e0   0x0000002c   Code   RO         3686    i.OSInit            os_core.o
    0x0800250c   0x00000002   Code   RO         4323    i.OSInitHookBegin   os_cpu_c.o
    0x0800250e   0x00000002   Code   RO         4324    i.OSInitHookEnd     os_cpu_c.o
    0x08002510   0x00000024   Code   RO         3687    i.OSIntEnter        os_core.o
    0x08002534   0x00000090   Code   RO         3688    i.OSIntExit         os_core.o
    0x080025c4   0x00000040   Code   RO         3689    i.OSSchedLock       os_core.o
    0x08002604   0x00000060   Code   RO         3690    i.OSSchedUnlock     os_core.o
    0x08002664   0x00000048   Code   RO         3691    i.OSStart           os_core.o
    0x080026ac   0x00000002   Code   RO         4325    i.OSTCBInitHook     os_cpu_c.o
    0x080026ae   0x00000002   PAD
    0x080026b0   0x000000a0   Code   RO         4183    i.OSTaskCreate      os_task.o
    0x08002750   0x000000b8   Code   RO         4184    i.OSTaskCreateExt   os_task.o
    0x08002808   0x00000002   Code   RO         4326    i.OSTaskCreateHook  os_cpu_c.o
    0x0800280a   0x00000002   Code   RO         4328    i.OSTaskIdleHook    os_cpu_c.o
    0x0800280c   0x00000070   Code   RO         4188    i.OSTaskNameSet     os_task.o
    0x0800287c   0x00000002   Code   RO         4330    i.OSTaskStatHook    os_cpu_c.o
    0x0800287e   0x00000002   PAD
    0x08002880   0x0000008c   Code   RO         4193    i.OSTaskStkChk      os_task.o
    0x0800290c   0x0000009a   Code   RO         4331    i.OSTaskStkInit     os_cpu_c.o
    0x080029a6   0x00000002   PAD
    0x080029a8   0x000000a8   Code   RO         4194    i.OSTaskSuspend     os_task.o
    0x08002a50   0x00000002   Code   RO         4332    i.OSTaskSwHook      os_cpu_c.o
    0x08002a52   0x00000002   PAD
    0x08002a54   0x00000078   Code   RO         4278    i.OSTimeDly         os_time.o
    0x08002acc   0x000000ec   Code   RO         3693    i.OSTimeTick        os_core.o
    0x08002bb8   0x00000002   Code   RO         4333    i.OSTimeTickHook    os_cpu_c.o
    0x08002bba   0x00000002   PAD
    0x08002bbc   0x00000058   Code   RO         3877    i.OS_FlagInit       os_flag.o
    0x08002c14   0x00000054   Code   RO         3700    i.OS_InitEventList  os_core.o
    0x08002c68   0x00000054   Code   RO         3701    i.OS_InitMisc       os_core.o
    0x08002cbc   0x00000044   Code   RO         3702    i.OS_InitRdyList    os_core.o
    0x08002d00   0x00000080   Code   RO         3703    i.OS_InitTCBList    os_core.o
    0x08002d80   0x00000050   Code   RO         3704    i.OS_InitTaskIdle   os_core.o
    0x08002dd0   0x00000050   Code   RO         3705    i.OS_InitTaskStat   os_core.o
    0x08002e20   0x00000012   Code   RO         3706    i.OS_MemClr         os_core.o
    0x08002e32   0x00000002   PAD
    0x08002e34   0x00000050   Code   RO         4066    i.OS_QInit          os_q.o
    0x08002e84   0x00000074   Code   RO         3708    i.OS_Sched          os_core.o
    0x08002ef8   0x0000002c   Code   RO         3709    i.OS_SchedNew       os_core.o
    0x08002f24   0x00000134   Code   RO         3711    i.OS_TCBInit        os_core.o
    0x08003058   0x00000028   Code   RO         3712    i.OS_TaskIdle       os_core.o
    0x08003080   0x00000088   Code   RO         3713    i.OS_TaskStat       os_core.o
    0x08003108   0x0000003c   Code   RO         3714    i.OS_TaskStatStkChk  os_core.o
    0x08003144   0x0000001a   Code   RO         4196    i.OS_TaskStkClr     os_task.o
    0x0800315e   0x00000002   PAD
    0x08003160   0x00000020   Code   RO         1854    i.RCC_AHBPeriphClockCmd  stm32f10x_rcc.o
    0x08003180   0x00000020   Code   RO         1855    i.RCC_APB1PeriphClockCmd  stm32f10x_rcc.o
    0x080031a0   0x00000020   Code   RO         1856    i.RCC_APB1PeriphResetCmd  stm32f10x_rcc.o
    0x080031c0   0x00000020   Code   RO         1857    i.RCC_APB2PeriphClockCmd  stm32f10x_rcc.o
    0x080031e0   0x00000020   Code   RO         1858    i.RCC_APB2PeriphResetCmd  stm32f10x_rcc.o
    0x08003200   0x000000d4   Code   RO         1865    i.RCC_GetClocksFreq  stm32f10x_rcc.o
    0x080032d4   0x000000ac   Code   RO          374    i.SDEnWideBus       sdio_sdcard.o
    0x08003380   0x0000000c   Code   RO         2234    i.SDIO_ClearFlag    stm32f10x_sdio.o
    0x0800338c   0x0000000c   Code   RO         2236    i.SDIO_ClockCmd     stm32f10x_sdio.o
    0x08003398   0x00000014   Code   RO          375    i.SDIO_Clock_Set    sdio_sdcard.o
    0x080033ac   0x0000000c   Code   RO         2239    i.SDIO_DMACmd       stm32f10x_sdio.o
    0x080033b8   0x00000030   Code   RO         2240    i.SDIO_DataConfig   stm32f10x_sdio.o
    0x080033e8   0x00000024   Code   RO         2242    i.SDIO_DeInit       stm32f10x_sdio.o
    0x0800340c   0x00000018   Code   RO         2246    i.SDIO_GetFlagStatus  stm32f10x_sdio.o
    0x08003424   0x00000010   Code   RO         2248    i.SDIO_GetPowerState  stm32f10x_sdio.o
    0x08003434   0x00000008   Code   RO          376    i.SDIO_IRQHandler   sdio_sdcard.o
    0x0800343c   0x00000030   Code   RO         2251    i.SDIO_Init         stm32f10x_sdio.o
    0x0800346c   0x0000000c   Code   RO         2252    i.SDIO_ReadData     stm32f10x_sdio.o
    0x08003478   0x0000002c   Code   RO         2254    i.SDIO_SendCommand  stm32f10x_sdio.o
    0x080034a4   0x0000001c   Code   RO         2256    i.SDIO_SetPowerState  stm32f10x_sdio.o
    0x080034c0   0x0000000c   Code   RO         2262    i.SDIO_WriteData    stm32f10x_sdio.o
    0x080034cc   0x00000068   Code   RO          377    i.SD_DMA_Config     sdio_sdcard.o
    0x08003534   0x00000068   Code   RO          378    i.SD_EnableWideBusOperation  sdio_sdcard.o
    0x0800359c   0x00000314   Code   RO          379    i.SD_GetCardInfo    sdio_sdcard.o
    0x080038b0   0x000000c8   Code   RO          381    i.SD_Init           sdio_sdcard.o
    0x08003978   0x00000154   Code   RO          382    i.SD_InitializeCards  sdio_sdcard.o
    0x08003acc   0x000001dc   Code   RO          384    i.SD_PowerON        sdio_sdcard.o
    0x08003ca8   0x0000013c   Code   RO          385    i.SD_ProcessIRQSrc  sdio_sdcard.o
    0x08003de4   0x00000258   Code   RO          386    i.SD_ReadBlock      sdio_sdcard.o
    0x0800403c   0x00000098   Code   RO          387    i.SD_ReadDisk       sdio_sdcard.o
    0x080040d4   0x000002e8   Code   RO          388    i.SD_ReadMultiBlocks  sdio_sdcard.o
    0x080043bc   0x00000030   Code   RO          389    i.SD_SelectDeselect  sdio_sdcard.o
    0x080043ec   0x00000018   Code   RO          391    i.SD_SetDeviceMode  sdio_sdcard.o
    0x08004404   0x00000374   Code   RO          392    i.SD_WriteBlock     sdio_sdcard.o
    0x08004778   0x00000098   Code   RO          393    i.SD_WriteDisk      sdio_sdcard.o
    0x08004810   0x000003c0   Code   RO          394    i.SD_WriteMultiBlocks  sdio_sdcard.o
    0x08004bd0   0x00000090   Code   RO         1017    i.SPI1_Init         spi.o
    0x08004c60   0x00000054   Code   RO         1018    i.SPI1_ReadWriteByte  spi.o
    0x08004cb4   0x00000028   Code   RO         1019    i.SPI1_SetSpeed     spi.o
    0x08004cdc   0x00000018   Code   RO         3547    i.SPI_Cmd           stm32f10x_spi.o
    0x08004cf4   0x00000012   Code   RO         3555    i.SPI_I2S_GetFlagStatus  stm32f10x_spi.o
    0x08004d06   0x00000006   Code   RO         3558    i.SPI_I2S_ReceiveData  stm32f10x_spi.o
    0x08004d0c   0x00000004   Code   RO         3559    i.SPI_I2S_SendData  stm32f10x_spi.o
    0x08004d10   0x0000003c   Code   RO         3560    i.SPI_Init          stm32f10x_spi.o
    0x08004d4c   0x00000022   Code   RO         1071    i.STMFLASH_Read     flash.o
    0x08004d6e   0x00000006   Code   RO         1072    i.STMFLASH_ReadHalfWord  flash.o
    0x08004d74   0x000000e8   Code   RO         1073    i.STMFLASH_Write    flash.o
    0x08004e5c   0x00000026   Code   RO         1074    i.STMFLASH_Write_NoCheck  flash.o
    0x08004e82   0x00000002   Code   RO          248    i.SVC_Handler       stm32f10x_it.o
    0x08004e84   0x0000005c   Code   RO         1450    i.SendOneByte       simulate_usart.o
    0x08004ee0   0x00000008   Code   RO          320    i.SetSysClock       system_stm32f10x.o
    0x08004ee8   0x000000e0   Code   RO          321    i.SetSysClockTo72   system_stm32f10x.o
    0x08004fc8   0x00000018   Code   RO         1451    i.Simulate_Usart    simulate_usart.o
    0x08004fe0   0x00000028   Code   RO         1707    i.SysTick_CLKSourceConfig  misc.o
    0x08005008   0x0000001c   Code   RO         1367    i.SysTick_Handler   delay.o
    0x08005024   0x00000060   Code   RO          323    i.SystemInit        system_stm32f10x.o
    0x08005084   0x00005564   Code   RO          601    i.TFTLCD_Init       ili93xx.o
    0x0800a5e8   0x00000040   Code   RO         1515    i.TIM1_Configuration  timer.o
    0x0800a628   0x000000b0   Code   RO         1452    i.TIM1_UP_IRQHandler  simulate_usart.o
    0x0800a6d8   0x00000040   Code   RO         1516    i.TIM2_Configuration  timer.o
    0x0800a718   0x00000044   Code   RO         1453    i.TIM2_IRQHandler   simulate_usart.o
    0x0800a75c   0x00000038   Code   RO         1517    i.TIM3_Configuration  timer.o
    0x0800a794   0x00000038   Code   RO         1580    i.TIM4_IRQHandler   usart.o
    0x0800a7cc   0x00000038   Code   RO         1581    i.TIM4_Init         usart.o
    0x0800a804   0x00000028   Code   RO         1582    i.TIM4_Set          usart.o
    0x0800a82c   0x00000044   Code   RO         1518    i.TIM5_Configuration  timer.o
    0x0800a870   0x00000064   Code   RO         1519    i.TIM5_IRQHandler   timer.o
    0x0800a8d4   0x00000018   Code   RO         1520    i.TIM6_IRQHandler   timer.o
    0x0800a8ec   0x00000006   Code   RO         2951    i.TIM_ClearITPendingBit  stm32f10x_tim.o
    0x0800a8f2   0x00000018   Code   RO         2956    i.TIM_Cmd           stm32f10x_tim.o
    0x0800a90a   0x00000006   Code   RO         2975    i.TIM_GetCounter    stm32f10x_tim.o
    0x0800a910   0x00000012   Code   RO         2976    i.TIM_GetFlagStatus  stm32f10x_tim.o
    0x0800a922   0x00000022   Code   RO         2977    i.TIM_GetITStatus   stm32f10x_tim.o
    0x0800a944   0x00000012   Code   RO         2981    i.TIM_ITConfig      stm32f10x_tim.o
    0x0800a956   0x00000004   Code   RO         3021    i.TIM_SetCounter    stm32f10x_tim.o
    0x0800a95a   0x00000002   PAD
    0x0800a95c   0x000000a4   Code   RO         3027    i.TIM_TimeBaseInit  stm32f10x_tim.o
    0x0800aa00   0x0000002c   Code   RO         1654    i.UART2_SendString  usart2.o
    0x0800aa2c   0x00000048   Code   RO         1583    i.UART_DMA_Config   usart.o
    0x0800aa74   0x0000006c   Code   RO         1585    i.USART1_IRQHandler  usart.o
    0x0800aae0   0x000000a8   Code   RO         1655    i.USART2_IRQHandler  usart2.o
    0x0800ab88   0x00000018   Code   RO         2057    i.USART_Cmd         stm32f10x_usart.o
    0x0800aba0   0x00000012   Code   RO         2058    i.USART_DMACmd      stm32f10x_usart.o
    0x0800abb2   0x00000002   PAD
    0x0800abb4   0x0000009c   Code   RO         2059    i.USART_DeInit      stm32f10x_usart.o
    0x0800ac50   0x0000001a   Code   RO         2060    i.USART_GetFlagStatus  stm32f10x_usart.o
    0x0800ac6a   0x00000054   Code   RO         2061    i.USART_GetITStatus  stm32f10x_usart.o
    0x0800acbe   0x0000004a   Code   RO         2063    i.USART_ITConfig    stm32f10x_usart.o
    0x0800ad08   0x000000d8   Code   RO         2064    i.USART_Init        stm32f10x_usart.o
    0x0800ade0   0x0000000a   Code   RO         2071    i.USART_ReceiveData  stm32f10x_usart.o
    0x0800adea   0x00000008   Code   RO         2074    i.USART_SendData    stm32f10x_usart.o
    0x0800adf2   0x00000004   Code   RO          249    i.UsageFault_Handler  stm32f10x_it.o
    0x0800adf6   0x00000002   PAD
    0x0800adf8   0x00000058   Code   RO          908    i.W25QXX_Erase_Sector  w25qxx.o
    0x0800ae50   0x00000050   Code   RO          909    i.W25QXX_Init       w25qxx.o
    0x0800aea0   0x00000050   Code   RO          911    i.W25QXX_Read       w25qxx.o
    0x0800aef0   0x00000048   Code   RO          912    i.W25QXX_ReadID     w25qxx.o
    0x0800af38   0x0000002c   Code   RO          913    i.W25QXX_ReadSR     w25qxx.o
    0x0800af64   0x00000012   Code   RO          915    i.W25QXX_Wait_Busy  w25qxx.o
    0x0800af76   0x00000002   PAD
    0x0800af78   0x000000b8   Code   RO          916    i.W25QXX_Write      w25qxx.o
    0x0800b030   0x00000020   Code   RO          918    i.W25QXX_Write_Enable  w25qxx.o
    0x0800b050   0x00000046   Code   RO          919    i.W25QXX_Write_NoCheck  w25qxx.o
    0x0800b096   0x00000002   PAD
    0x0800b098   0x00000054   Code   RO          920    i.W25QXX_Write_Page  w25qxx.o
    0x0800b0ec   0x0000000e   Code   RO         5025    i._is_digit         c_w.l(__printf_wp.o)
    0x0800b0fa   0x00000004   Code   RO         1586    i._sys_exit         usart.o
    0x0800b0fe   0x00000002   PAD
    0x0800b100   0x00000090   Code   RO         4617    i.check_fs          ff.o
    0x0800b190   0x00000014   Code   RO         4618    i.chk_chr           ff.o
    0x0800b1a4   0x0000001a   Code   RO         4620    i.clust2sect        ff.o
    0x0800b1be   0x00000012   Code   RO          395    i.convert_from_bytes_to_power_of_two  sdio_sdcard.o
    0x0800b1d0   0x000000d6   Code   RO         4621    i.create_chain      ff.o
    0x0800b2a6   0x00000002   PAD
    0x0800b2a8   0x00000158   Code   RO         4622    i.create_name       ff.o
    0x0800b400   0x0000005c   Code   RO         1368    i.delay_init        delay.o
    0x0800b45c   0x00000050   Code   RO         1369    i.delay_ms          delay.o
    0x0800b4ac   0x00000008   Code   RO         1370    i.delay_osschedlock  delay.o
    0x0800b4b4   0x00000008   Code   RO         1371    i.delay_osschedunlock  delay.o
    0x0800b4bc   0x0000000c   Code   RO         1372    i.delay_ostimedly   delay.o
    0x0800b4c8   0x0000005c   Code   RO         1373    i.delay_us          delay.o
    0x0800b524   0x0000005c   Code   RO         4623    i.dir_alloc         ff.o
    0x0800b580   0x0000005c   Code   RO         4624    i.dir_find          ff.o
    0x0800b5dc   0x0000010e   Code   RO         4625    i.dir_next          ff.o
    0x0800b6ea   0x00000072   Code   RO         4626    i.dir_read          ff.o
    0x0800b75c   0x0000003a   Code   RO         4627    i.dir_register      ff.o
    0x0800b796   0x00000036   Code   RO         4628    i.dir_remove        ff.o
    0x0800b7cc   0x0000009e   Code   RO         4629    i.dir_sdi           ff.o
    0x0800b86a   0x00000002   PAD
    0x0800b86c   0x00000038   Code   RO         4557    i.disk_initialize   diskio.o
    0x0800b8a4   0x00000074   Code   RO         4558    i.disk_ioctl        diskio.o
    0x0800b918   0x0000007a   Code   RO         4559    i.disk_read         diskio.o
    0x0800b992   0x00000006   Code   RO         4560    i.disk_status       diskio.o
    0x0800b998   0x0000007a   Code   RO         4561    i.disk_write        diskio.o
    0x0800ba12   0x0000004a   Code   RO         4931    i.exf_getfree       exfuns.o
    0x0800ba5c   0x000000b8   Code   RO         4932    i.exfuns_init       exfuns.o
    0x0800bb14   0x00000102   Code   RO         4633    i.f_getfree         ff.o
    0x0800bc16   0x00000002   PAD
    0x0800bc18   0x00000648   Code   RO         4638    i.f_mkfs            ff.o
    0x0800c260   0x0000005c   Code   RO         4639    i.f_mount           ff.o
    0x0800c2bc   0x00000164   Code   RO         4640    i.f_open            ff.o
    0x0800c420   0x000001ec   Code   RO         4648    i.f_setlabel        ff.o
    0x0800c60c   0x000000a6   Code   RO         4652    i.f_unlink          ff.o
    0x0800c6b2   0x00000002   PAD
    0x0800c6b4   0x00000394   Code   RO         4655    i.find_volume       ff.o
    0x0800ca48   0x00000090   Code   RO         4656    i.follow_path       ff.o
    0x0800cad8   0x00000010   Code   RO         1454    i.fputc             simulate_usart.o
    0x0800cae8   0x000000f2   Code   RO         4657    i.get_fat           ff.o
    0x0800cbda   0x00000004   Code   RO         4564    i.get_fattime       diskio.o
    0x0800cbde   0x0000004a   Code   RO         4659    i.get_ldnumber      ff.o
    0x0800cc28   0x0000001c   Code   RO         1228    i.isValidFac        gprs_jiankong.o
    0x0800cc44   0x0000002c   Code   RO         1229    i.isValidID         gprs_jiankong.o
    0x0800cc70   0x000000cc   Code   RO         1230    i.isValidIP         gprs_jiankong.o
    0x0800cd3c   0x00000032   Code   RO         1231    i.isValidPhone      gprs_jiankong.o
    0x0800cd6e   0x00000020   Code   RO         4660    i.ld_clust          ff.o
    0x0800cd8e   0x00000002   PAD
    0x0800cd90   0x00000038   Code   RO            1    i.led0_task         main.o
    0x0800cdc8   0x00000038   Code   RO            2    i.led1_task         main.o
    0x0800ce00   0x00000028   Code   RO            3    i.logrev_task       main.o
    0x0800ce28   0x00000198   Code   RO            4    i.main              main.o
    0x0800cfc0   0x000000e4   Code   RO         1124    i.mc8618_power_on   mc8618.o
    0x0800d0a4   0x00000030   Code   RO         1131    i.mc8618_signal_lost  mc8618.o
    0x0800d0d4   0x00000026   Code   RO         4661    i.mem_cmp           ff.o
    0x0800d0fa   0x0000001a   Code   RO         4662    i.mem_cpy           ff.o
    0x0800d114   0x00000014   Code   RO         4663    i.mem_set           ff.o
    0x0800d128   0x0000044c   Code   RO         1232    i.monitor_factory   gprs_jiankong.o
    0x0800d574   0x00000034   Code   RO         4664    i.move_window       ff.o
    0x0800d5a8   0x00000044   Code   RO         1298    i.my_mem_init       malloc.o
    0x0800d5ec   0x000000a8   Code   RO         1299    i.my_mem_malloc     malloc.o
    0x0800d694   0x00000040   Code   RO         1300    i.my_mem_perused    malloc.o
    0x0800d6d4   0x00000028   Code   RO         1302    i.mymalloc          malloc.o
    0x0800d6fc   0x00000014   Code   RO         1304    i.mymemset          malloc.o
    0x0800d710   0x0000001e   Code   RO         1233    i.pick_up_fac       gprs_jiankong.o
    0x0800d72e   0x00000024   Code   RO         1234    i.pick_up_id        gprs_jiankong.o
    0x0800d752   0x00000024   Code   RO         1235    i.pick_up_ip        gprs_jiankong.o
    0x0800d776   0x00000002   PAD
    0x0800d778   0x0000004c   Code   RO         1236    i.pick_up_phone     gprs_jiankong.o
    0x0800d7c4   0x00000142   Code   RO         4665    i.put_fat           ff.o
    0x0800d906   0x0000006c   Code   RO         4667    i.remove_chain      ff.o
    0x0800d972   0x0000000c   Code   RO            5    i.sensor_task       main.o
    0x0800d97e   0x00000010   Code   RO         4668    i.st_clust          ff.o
    0x0800d98e   0x00000002   PAD
    0x0800d990   0x00000080   Code   RO            6    i.start_task        main.o
    0x0800da10   0x000000c8   Code   RO         4669    i.sync_fs           ff.o
    0x0800dad8   0x00000052   Code   RO         4670    i.sync_window       ff.o
    0x0800db2a   0x00000002   PAD
    0x0800db2c   0x00000088   Code   RO         1656    i.uart2_init        usart2.o
    0x0800dbb4   0x000000c0   Code   RO         1588    i.uart_init         usart.o
    0x0800dc74   0x0000000a   Code   RO            7    i.ublox_task        main.o
    0x0800dc7e   0x00000002   PAD
    0x0800dc80   0x0000002c   Code   RO         5262    locale$$code        c_w.l(lc_ctype_c.o)
    0x0800dcac   0x0000005a   Code   RO         5065    x$fpl$dfixu         fz_ws.l(dfixu.o)
    0x0800dd06   0x00000026   Code   RO         5069    x$fpl$dfltu         fz_ws.l(dflt_clz.o)
    0x0800dd2c   0x00000154   Code   RO         5075    x$fpl$dmul          fz_ws.l(dmul.o)
    0x0800de80   0x0000009c   Code   RO         5162    x$fpl$dnaninf       fz_ws.l(dnaninf.o)
    0x0800df1c   0x0000000c   Code   RO         5164    x$fpl$dretinf       fz_ws.l(dretinf.o)
    0x0800df28   0x00000000   Code   RO         5176    x$fpl$usenofp       fz_ws.l(usenofp.o)
    0x0800df28   0x00000018   Data   RO         1309    .constdata          malloc.o
    0x0800df40   0x00000100   Data   RO         3716    .constdata          os_core.o
    0x0800e040   0x0000002c   Data   RO         4672    .constdata          ff.o
    0x0800e06c   0x00000028   Data   RO         5013    .constdata          c_w.l(_printf_hex_int_ll_ptr.o)
    0x0800e094   0x00000011   Data   RO         5033    .constdata          c_w.l(__printf_flags_ss_wp.o)
    0x0800e0a5   0x00000003   PAD
    0x0800e0a8   0x00000020   Data   RO         5389    Region$$Table       anon$$obj.o
    0x0800e0c8   0x00000110   Data   RO         5261    locale$$data        c_w.l(lc_ctype_c.o)


    Execution Region ER_RW (Base: 0x20000000, Size: 0x00000100, Max: 0xffffffff, ABSOLUTE)

    Base Addr    Size         Type   Attr      Idx    E Section Name        Object

    0x20000000   0x00000014   Data   RW          324    .data               system_stm32f10x.o
    0x20000014   0x00000010   Data   RW          398    .data               sdio_sdcard.o
    0x20000024   0x00000002   Data   RW          923    .data               w25qxx.o
    0x20000026   0x00000002   PAD
    0x20000028   0x0000001c   Data   RW         1310    .data               malloc.o
    0x20000044   0x00000004   Data   RW         1374    .data               delay.o
    0x20000048   0x00000015   Data   RW         1456    .data               simulate_usart.o
    0x2000005d   0x00000005   Data   RW         1522    .data               timer.o
    0x20000062   0x00000002   PAD
    0x20000064   0x00000006   Data   RW         1590    .data               usart.o
    0x2000006a   0x00000002   Data   RW         1658    .data               usart2.o
    0x2000006c   0x00000014   Data   RW         1885    .data               stm32f10x_rcc.o
    0x20000080   0x00000048   Data   RW         3717    .data               os_core.o
    0x200000c8   0x00000002   Data   RW         4565    .data               diskio.o
    0x200000ca   0x00000002   PAD
    0x200000cc   0x0000000a   Data   RW         4673    .data               ff.o
    0x200000d6   0x00000002   PAD
    0x200000d8   0x00000028   Data   RW         4937    .data               exfuns.o


    Execution Region ER_ZI (Base: 0x20000100, Size: 0x00006eb0, Max: 0xffffffff, ABSOLUTE)

    Base Addr    Size         Type   Attr      Idx    E Section Name        Object

    0x20000100   0x00001100   Zero   RW            8    .bss                main.o
    0x20001200   0x000002c0   Zero   RW          397    .bss                sdio_sdcard.o
    0x200014c0   0x0000000e   Zero   RW          603    .bss                ili93xx.o
    0x200014ce   0x00001000   Zero   RW          922    .bss                w25qxx.o
    0x200024ce   0x00000800   Zero   RW         1076    .bss                flash.o
    0x20002cce   0x00000012   PAD
    0x20002ce0   0x00002a80   Zero   RW         1308    .bss                malloc.o
    0x20005760   0x00000064   Zero   RW         1455    .bss                simulate_usart.o
    0x200057c4   0x00000004   PAD
    0x200057c8   0x000003e8   Zero   RW         1589    .bss                usart.o
    0x20005bb0   0x00000320   Zero   RW         1657    .bss                usart2.o
    0x20005ed0   0x00000a80   Zero   RW         3715    .bss                os_core.o
    0x20006950   0x00000060   Zero   RW         5178    .bss                c_w.l(libspace.o)
    0x200069b0   0x00000200   Zero   RW         1697    HEAP                startup_stm32f10x_hd.o
    0x20006bb0   0x00000400   Zero   RW         1696    STACK               startup_stm32f10x_hd.o



  Load Region LR$$.ARM.__AT_0x68000000 (Base: 0x68000000, Size: 0x00000000, Max: 0x000c8000, ABSOLUTE)

    Execution Region ER$$.ARM.__AT_0x68000000 (Base: 0x68000000, Size: 0x000c8000, Max: 0x000c8000, ABSOLUTE, UNINIT)

    Base Addr    Size         Type   Attr      Idx    E Section Name        Object

    0x68000000   0x000c8000   Zero   RW         1306    .ARM.__AT_0x68000000  malloc.o



  Load Region LR$$.ARM.__AT_0x680C8000 (Base: 0x680c8000, Size: 0x00000000, Max: 0x0000c800, ABSOLUTE)

    Execution Region ER$$.ARM.__AT_0x680C8000 (Base: 0x680c8000, Size: 0x0000c800, Max: 0x0000c800, ABSOLUTE, UNINIT)

    Base Addr    Size         Type   Attr      Idx    E Section Name        Object

    0x680c8000   0x0000c800   Zero   RW         1307    .ARM.__AT_0x680C8000  malloc.o


==============================================================================

Image component sizes


      Code (inc. data)   RO Data    RW Data    ZI Data      Debug   Object Name

       208          8          0          0          0        900   can.o
       320         40          0          4          0       3757   delay.o
       426          8          0          2          0       5489   diskio.o
       258         28          0         40          0       2476   exfuns.o
         0          0          0          0          0       2592   fattester.o
      6830        132         44         10          0      28231   ff.o
       310         10          0          0       2048       3349   flash.o
      1696        582          0          0          0       6709   gprs_jiankong.o
     23774        184          0          0         14      22849   ili93xx.o
        52          6          0          0          0        487   led.o
       710        252          0          0       4352     318694   main.o
       360         42         24         28     881280       4634   malloc.o
       440        182          0          0          0       2760   mc8618.o
       192         30          0          0          0       2583   misc.o
      1938        382        256         72       2688      19027   os_core.o
       180         36          0          0          0        328   os_cpu_a.o
       170          0          0          0          0      12743   os_cpu_c.o
        88         14          0          0          0        586   os_flag.o
        80          8          0          0          0        559   os_q.o
       790         64          0          0          0       5240   os_task.o
       120         20          0          0          0        616   os_time.o
      7174        384          0         16        704      32534   sdio_sdcard.o
       664         76          0         21        100       6060   simulate_usart.o
       268         18          0          0          0       1749   spi.o
        64         26        304          0       1536        796   startup_stm32f10x_hd.o
       540          6          0          0          0       2388   stm32f10x_can.o
       416          8          0          0          0       3414   stm32f10x_dma.o
       184         16          0          0          0       2066   stm32f10x_exti.o
       274         30          0          0          0       3370   stm32f10x_flash.o
       282          6          0          0          0       1809   stm32f10x_fsmc.o
       368          4          0          0          0       4238   stm32f10x_gpio.o
        22          0          0          0          0       2867   stm32f10x_it.o
       372         50          0         20          0       6132   stm32f10x_rcc.o
       304         72          0          0          0       7998   stm32f10x_sdio.o
       112          0          0          0          0       3798   stm32f10x_spi.o
       274         42          0          0          0       5180   stm32f10x_tim.o
       616         28          0          0          0       7271   stm32f10x_usart.o
         8          0          0          0          0        861   sys.o
       328         28          0         20          0       2077   system_stm32f10x.o
       756         44          0          5          0       5050   timer.o
       528         54          0          6       1000       6411   usart.o
       348         38          0          2        800       2382   usart2.o
       752         68          0          2       4096       6645   w25qxx.o

    ----------------------------------------------------------------------
     53650       3026        660        256     898640     559705   Object Totals
         0          0         32          0          0          0   (incl. Generated)
        54          0          0          8         22          0   (incl. Padding)

    ----------------------------------------------------------------------

      Code (inc. data)   RO Data    RW Data    ZI Data      Debug   Library Member Name

        24          4          0          0          0         84   __2printf.o
         8          0          0          0          0         68   __main.o
       392          4         17          0          0         92   __printf_flags_ss_wp.o
        14          0          0          0          0         68   __printf_wp.o
        52          8          0          0          0          0   __scatter.o
        26          0          0          0          0          0   __scatter_copy.o
        28          0          0          0          0          0   __scatter_zi.o
        28          0          0          0          0         68   _chval.o
        44          0          0          0          0        108   _printf_char.o
        48          6          0          0          0         96   _printf_char_common.o
        36          4          0          0          0         80   _printf_char_file.o
         6          0          0          0          0          0   _printf_d.o
       116         16          0          0          0         92   _printf_dec.o
       148          4         40          0          0        160   _printf_hex_int_ll_ptr.o
       178          0          0          0          0         88   _printf_intcommon.o
         0          0          0          0          0          0   _printf_percent.o
         4          0          0          0          0          0   _printf_percent_end.o
         6          0          0          0          0          0   _printf_s.o
        82          0          0          0          0         80   _printf_str.o
         6          0          0          0          0          0   _printf_x.o
       158          0          0          0          0         92   _strtoul.o
        26          0          0          0          0         80   atoi.o
        12          0          0          0          0         72   exit.o
         8          0          0          0          0         68   ferror.o
         6          0          0          0          0        152   heapauxi.o
        44         10        272          0          0         76   lc_ctype_c.o
         2          0          0          0          0          0   libinit.o
        20          0          0          0          0          0   libinit2.o
         2          0          0          0          0          0   libshutdown.o
         2          0          0          0          0          0   libshutdown2.o
         8          4          0          0         96         68   libspace.o
        16          4          0          0          0         76   rt_ctype_table.o
         8          4          0          0          0         68   rt_errno_addr_intlibspace.o
         8          4          0          0          0         68   rt_locale_intlibspace.o
        68          0          0          0          0         68   rt_memclr.o
        78          0          0          0          0         80   rt_memclr_w.o
       138          0          0          0          0         68   rt_memcpy_v6.o
       100          0          0          0          0         80   rt_memcpy_w.o
         0          0          0          0          0          0   rtentry.o
        12          0          0          0          0          0   rtentry2.o
         6          0          0          0          0          0   rtentry4.o
         2          0          0          0          0          0   rtexit.o
        10          0          0          0          0          0   rtexit2.o
       128          0          0          0          0         68   strcmpv7m.o
        32          0          0          0          0         80   strcspn.o
        62          0          0          0          0         76   strlen.o
        28          0          0          0          0         80   strspn.o
        36          0          0          0          0         80   strstr.o
        68          4          0          0          0         84   strtok_int.o
         4          0          0          0          0         68   strtok_r.o
       112          0          0          0          0         88   strtol.o
        74          0          0          0          0         80   sys_stackheap_outer.o
         2          0          0          0          0         68   use_no_semi.o
         2          0          0          0          0         68   use_no_semi_2.o
        90          4          0          0          0         92   dfixu.o
        38          0          0          0          0         68   dflt_clz.o
       340         12          0          0          0        104   dmul.o
       156          4          0          0          0         92   dnaninf.o
        12          0          0          0          0         68   dretinf.o
         0          0          0          0          0          0   usenofp.o

    ----------------------------------------------------------------------
      3174         96        332          0         96       3464   Library Totals
        10          0          3          0          0          0   (incl. Padding)

    ----------------------------------------------------------------------

      Code (inc. data)   RO Data    RW Data    ZI Data      Debug   Library Name

      2528         76        329          0         96       3040   c_w.l
       636         20          0          0          0        424   fz_ws.l

    ----------------------------------------------------------------------
      3174         96        332          0         96       3464   Library Totals

    ----------------------------------------------------------------------

==============================================================================


      Code (inc. data)   RO Data    RW Data    ZI Data      Debug   

     56824       3122        992        256     898736     547305   Grand Totals
     56824       3122        992        256     898736     547305   ELF Image Totals
     56824       3122        992        256          0          0   ROM Totals

==============================================================================

    Total RO  Size (Code + RO Data)                57816 (  56.46kB)
    Total RW  Size (RW Data + ZI Data)            898992 ( 877.92kB)
    Total ROM Size (Code + RO Data + RW Data)      58072 (  56.71kB)

==============================================================================

